INFO:Core.Database:Register Table config as False
INFO:Core.Database:Register Table lang as False
INFO:Core.Database:Register Table schema as True
INFO:Core.Database:Register Table structure as True
INFO:Core.Database:Register Table users as True
INFO:Core.Database:Register Table server as True
INFO:Core.Database:Register Table base as True
INFO:Core.Database:Register Table secret as True
INFO:Core.Database:Register Table module as False
INFO:Core.Database:Register Table alert as False
ERROR:root:module 'Proxmox' has no attribute 'Monitor'
DEBUG:zabbix_api:Starting logging
Level 15:zabbix_api:Using native json library
INFO:zabbix_api.ZabbixAPI:20: Set logging level to 30
INFO:zabbix_api.ZabbixAPISubClass:20: Creating ZabbixAPISubClass
DEBUG:zabbix_api.ZabbixAPISubClass:Going to do_request for <function checkauth.<locals>.ret at 0x7fed766891e0> with opts {'output': ['hostid', 'name', 'ip'], 'selectInterfaces': ['ip']}
ERROR:root:module 'Zabbix' has no attribute 'Discover'
INFO:root:process EL_1530624449.65NDO1U
DEBUG:paramiko.transport:starting thread (client mode): 0x779f5550
DEBUG:paramiko.transport:Local version/idstring: SSH-2.0-paramiko_2.4.2
DEBUG:paramiko.transport:Remote version/idstring: SSH-2.0-OpenSSH_7.4p1 Debian-10+deb9u2
INFO:paramiko.transport:Connected (version 2.0, client OpenSSH_7.4p1)
DEBUG:paramiko.transport:kex algos:['curve25519-sha256', 'curve25519-sha256@libssh.org', 'ecdh-sha2-nistp256', 'ecdh-sha2-nistp384', 'ecdh-sha2-nistp521', 'diffie-hellman-group-exchange-sha256', 'diffie-hellman-group16-sha512', 'diffie-hellman-group18-sha512', 'diffie-hellman-group14-sha256', 'diffie-hellman-group14-sha1'] server key:['ssh-rsa', 'rsa-sha2-512', 'rsa-sha2-256', 'ecdsa-sha2-nistp256', 'ssh-ed25519'] client encrypt:['chacha20-poly1305@openssh.com', 'aes128-ctr', 'aes192-ctr', 'aes256-ctr', 'aes128-gcm@openssh.com', 'aes256-gcm@openssh.com'] server encrypt:['chacha20-poly1305@openssh.com', 'aes128-ctr', 'aes192-ctr', 'aes256-ctr', 'aes128-gcm@openssh.com', 'aes256-gcm@openssh.com'] client mac:['umac-64-etm@openssh.com', 'umac-128-etm@openssh.com', 'hmac-sha2-256-etm@openssh.com', 'hmac-sha2-512-etm@openssh.com', 'hmac-sha1-etm@openssh.com', 'umac-64@openssh.com', 'umac-128@openssh.com', 'hmac-sha2-256', 'hmac-sha2-512', 'hmac-sha1'] server mac:['umac-64-etm@openssh.com', 'umac-128-etm@openssh.com', 'hmac-sha2-256-etm@openssh.com', 'hmac-sha2-512-etm@openssh.com', 'hmac-sha1-etm@openssh.com', 'umac-64@openssh.com', 'umac-128@openssh.com', 'hmac-sha2-256', 'hmac-sha2-512', 'hmac-sha1'] client compress:['none', 'zlib@openssh.com'] server compress:['none', 'zlib@openssh.com'] client lang:[''] server lang:[''] kex follows?False
DEBUG:paramiko.transport:Kex agreed: ecdh-sha2-nistp256
DEBUG:paramiko.transport:HostKey agreed: ssh-ed25519
DEBUG:paramiko.transport:Cipher agreed: aes128-ctr
DEBUG:paramiko.transport:MAC agreed: hmac-sha2-256
DEBUG:paramiko.transport:Compression agreed: none
INFO:root:None
INFO:zabbix_api.ZabbixAPISubClass:20: Creating ZabbixAPISubClass
DEBUG:zabbix_api.ZabbixAPISubClass:Going to do_request for <function checkauth.<locals>.ret at 0x7fed766891e0> with opts {'output': ['hostid', 'name', 'ip'], 'selectInterfaces': ['ip'], 'filter': {'ip': '10.1.1.152'}}
DEBUG:paramiko.transport:kex engine KexNistp256 specified hash_algo <built-in function openssl_sha256>
DEBUG:paramiko.transport:Switch to new keys ...
DEBUG:paramiko.transport:Attempting password auth...
DEBUG:paramiko.transport:userauth is OK
INFO:paramiko.transport:Authentication (password) successful!
DEBUG:paramiko.transport:Received global request "hostkeys-00@openssh.com"
DEBUG:paramiko.transport:Rejecting "hostkeys-00@openssh.com" global request from server.
DEBUG:urllib3.connectionpool:Starting new HTTPS connection (1): localhost:58113
DEBUG:paramiko.transport:[chan 0] Max packet in: 32768 bytes
DEBUG:paramiko.transport:[chan 0] Max packet out: 32768 bytes
DEBUG:paramiko.transport:Secsh channel 0 opened.
DEBUG:urllib3.connectionpool:https://localhost:58113 "POST /api2/json/access/ticket HTTP/1.1" 401 13
DEBUG:paramiko.transport:[chan 0] EOF sent (0)
ERROR:root:Couldn't authenticate user: root@pam to https://localhost:58113/api2/json/access/ticket
INFO:root:Unable to access proxmox api
DEBUG:paramiko.transport:[chan 0] EOF received (0)
DEBUG:paramiko.transport:EOF in transport thread
INFO:root:10181::Prod-Node4
INFO:zabbix_api.ZabbixAPISubClass:20: Creating ZabbixAPISubClass
DEBUG:zabbix_api.ZabbixAPISubClass:Going to do_request for <function checkauth.<locals>.ret at 0x7fed766891e0> with opts {'output': ['status'], 'filter': {'hostid': '10181'}}
INFO:root:[{'hostid': '10181', 'status': '0'}]
INFO:zabbix_api.ZabbixAPISubClass:20: Creating ZabbixAPISubClass
DEBUG:zabbix_api.ZabbixAPISubClass:Going to do_request for <function checkauth.<locals>.ret at 0x7fed766891e0> with opts {'output': ['key_', 'lastvalue'], 'filter': {'hostid': '10181'}}
INFO:root:10280::MutRdp9_Prod
INFO:zabbix_api.ZabbixAPISubClass:20: Creating ZabbixAPISubClass
DEBUG:zabbix_api.ZabbixAPISubClass:Going to do_request for <function checkauth.<locals>.ret at 0x7fed766891e0> with opts {'output': ['status'], 'filter': {'hostid': '10280'}}
INFO:root:[{'hostid': '10280', 'status': '1'}]
INFO:root:10125::LPFBox_PROD
INFO:zabbix_api.ZabbixAPISubClass:20: Creating ZabbixAPISubClass
DEBUG:zabbix_api.ZabbixAPISubClass:Going to do_request for <function checkauth.<locals>.ret at 0x7fed766891e0> with opts {'output': ['status'], 'filter': {'hostid': '10125'}}
INFO:root:[{'hostid': '10125', 'status': '0'}]
INFO:zabbix_api.ZabbixAPISubClass:20: Creating ZabbixAPISubClass
DEBUG:zabbix_api.ZabbixAPISubClass:Going to do_request for <function checkauth.<locals>.ret at 0x7fed766891e0> with opts {'output': ['key_', 'lastvalue'], 'filter': {'hostid': '10125'}}
INFO:root:10202::pfSense_PROD
INFO:zabbix_api.ZabbixAPISubClass:20: Creating ZabbixAPISubClass
DEBUG:zabbix_api.ZabbixAPISubClass:Going to do_request for <function checkauth.<locals>.ret at 0x7fed766891e0> with opts {'output': ['status'], 'filter': {'hostid': '10202'}}
INFO:root:[{'hostid': '10202', 'status': '0'}]
INFO:zabbix_api.ZabbixAPISubClass:20: Creating ZabbixAPISubClass
DEBUG:zabbix_api.ZabbixAPISubClass:Going to do_request for <function checkauth.<locals>.ret at 0x7fed766891e0> with opts {'output': ['key_', 'lastvalue'], 'filter': {'hostid': '10202'}}
INFO:root:None
INFO:zabbix_api.ZabbixAPISubClass:20: Creating ZabbixAPISubClass
DEBUG:zabbix_api.ZabbixAPISubClass:Going to do_request for <function checkauth.<locals>.ret at 0x7fed766891e0> with opts {'output': ['hostid', 'name', 'ip'], 'selectInterfaces': ['ip'], 'filter': {'ip': '10.1.1.106'}}
INFO:root:10126::ALHWP_PROD
INFO:zabbix_api.ZabbixAPISubClass:20: Creating ZabbixAPISubClass
DEBUG:zabbix_api.ZabbixAPISubClass:Going to do_request for <function checkauth.<locals>.ret at 0x7fed766891e0> with opts {'output': ['status'], 'filter': {'hostid': '10126'}}
INFO:root:[{'hostid': '10126', 'status': '0'}]
INFO:zabbix_api.ZabbixAPISubClass:20: Creating ZabbixAPISubClass
DEBUG:zabbix_api.ZabbixAPISubClass:Going to do_request for <function checkauth.<locals>.ret at 0x7fed766891e0> with opts {'output': ['key_', 'lastvalue'], 'filter': {'hostid': '10126'}}
INFO:root:process EL_1530624477.26SPA97
DEBUG:paramiko.transport:starting thread (client mode): 0x66665748
DEBUG:paramiko.transport:Local version/idstring: SSH-2.0-paramiko_2.4.2
DEBUG:paramiko.transport:Remote version/idstring: SSH-2.0-OpenSSH_7.4p1 Debian-10+deb9u2
INFO:paramiko.transport:Connected (version 2.0, client OpenSSH_7.4p1)
DEBUG:paramiko.transport:kex algos:['curve25519-sha256', 'curve25519-sha256@libssh.org', 'ecdh-sha2-nistp256', 'ecdh-sha2-nistp384', 'ecdh-sha2-nistp521', 'diffie-hellman-group-exchange-sha256', 'diffie-hellman-group16-sha512', 'diffie-hellman-group18-sha512', 'diffie-hellman-group14-sha256', 'diffie-hellman-group14-sha1'] server key:['ssh-rsa', 'rsa-sha2-512', 'rsa-sha2-256', 'ecdsa-sha2-nistp256', 'ssh-ed25519'] client encrypt:['chacha20-poly1305@openssh.com', 'aes128-ctr', 'aes192-ctr', 'aes256-ctr', 'aes128-gcm@openssh.com', 'aes256-gcm@openssh.com'] server encrypt:['chacha20-poly1305@openssh.com', 'aes128-ctr', 'aes192-ctr', 'aes256-ctr', 'aes128-gcm@openssh.com', 'aes256-gcm@openssh.com'] client mac:['umac-64-etm@openssh.com', 'umac-128-etm@openssh.com', 'hmac-sha2-256-etm@openssh.com', 'hmac-sha2-512-etm@openssh.com', 'hmac-sha1-etm@openssh.com', 'umac-64@openssh.com', 'umac-128@openssh.com', 'hmac-sha2-256', 'hmac-sha2-512', 'hmac-sha1'] server mac:['umac-64-etm@openssh.com', 'umac-128-etm@openssh.com', 'hmac-sha2-256-etm@openssh.com', 'hmac-sha2-512-etm@openssh.com', 'hmac-sha1-etm@openssh.com', 'umac-64@openssh.com', 'umac-128@openssh.com', 'hmac-sha2-256', 'hmac-sha2-512', 'hmac-sha1'] client compress:['none', 'zlib@openssh.com'] server compress:['none', 'zlib@openssh.com'] client lang:[''] server lang:[''] kex follows?False
DEBUG:paramiko.transport:Kex agreed: ecdh-sha2-nistp256
DEBUG:paramiko.transport:HostKey agreed: ssh-ed25519
DEBUG:paramiko.transport:Cipher agreed: aes128-ctr
DEBUG:paramiko.transport:MAC agreed: hmac-sha2-256
DEBUG:paramiko.transport:Compression agreed: none
DEBUG:paramiko.transport:kex engine KexNistp256 specified hash_algo <built-in function openssl_sha256>
DEBUG:paramiko.transport:Switch to new keys ...
DEBUG:paramiko.transport:Attempting password auth...
DEBUG:paramiko.transport:userauth is OK
INFO:paramiko.transport:Authentication (password) successful!
DEBUG:urllib3.connectionpool:Starting new HTTPS connection (1): localhost:50339
DEBUG:paramiko.transport:[chan 0] Max packet in: 32768 bytes
DEBUG:paramiko.transport:Received global request "hostkeys-00@openssh.com"
DEBUG:paramiko.transport:Rejecting "hostkeys-00@openssh.com" global request from server.
DEBUG:paramiko.transport:[chan 0] Max packet out: 32768 bytes
DEBUG:paramiko.transport:Secsh channel 0 opened.
ERROR:root:Expecting value: line 1 column 1 (char 0)
ERROR:root:Expecting value: line 1 column 1 (char 0)
DEBUG:urllib3.connectionpool:https://localhost:50339 "POST /api2/json/access/ticket HTTP/1.1" 401 13
ERROR:root:Couldn't authenticate user: root@pam to https://localhost:50339/api2/json/access/ticket
INFO:root:Unable to access proxmox api
DEBUG:paramiko.transport:[chan 0] EOF sent (0)
DEBUG:paramiko.transport:[chan 0] EOF received (0)
DEBUG:paramiko.transport:EOF in transport thread
INFO:root:10182::SM-Node1
INFO:zabbix_api.ZabbixAPISubClass:20: Creating ZabbixAPISubClass
DEBUG:zabbix_api.ZabbixAPISubClass:Going to do_request for <function checkauth.<locals>.ret at 0x7fed766891e0> with opts {'output': ['status'], 'filter': {'hostid': '10182'}}
INFO:root:[{'hostid': '10182', 'status': '0'}]
INFO:zabbix_api.ZabbixAPISubClass:20: Creating ZabbixAPISubClass
DEBUG:zabbix_api.ZabbixAPISubClass:Going to do_request for <function checkauth.<locals>.ret at 0x7fed766891e0> with opts {'output': ['key_', 'lastvalue'], 'filter': {'hostid': '10182'}}
INFO:root:10127::onlyoffice_PROD
INFO:zabbix_api.ZabbixAPISubClass:20: Creating ZabbixAPISubClass
DEBUG:zabbix_api.ZabbixAPISubClass:Going to do_request for <function checkauth.<locals>.ret at 0x7fed766891e0> with opts {'output': ['status'], 'filter': {'hostid': '10127'}}
INFO:root:10128::prodCode_PROD
INFO:zabbix_api.ZabbixAPISubClass:20: Creating ZabbixAPISubClass
DEBUG:zabbix_api.ZabbixAPISubClass:Going to do_request for <function checkauth.<locals>.ret at 0x7fed766891e0> with opts {'output': ['status'], 'filter': {'hostid': '10128'}}
INFO:root:[{'hostid': '10128', 'status': '0'}]
INFO:zabbix_api.ZabbixAPISubClass:20: Creating ZabbixAPISubClass
DEBUG:zabbix_api.ZabbixAPISubClass:Going to do_request for <function checkauth.<locals>.ret at 0x7fed766891e0> with opts {'output': ['key_', 'lastvalue'], 'filter': {'hostid': '10128'}}
ERROR:root:Expecting value: line 1 column 1 (char 0)
ERROR:root:Expecting value: line 1 column 1 (char 0)
ERROR:root:Expecting value: line 1 column 1 (char 0)
ERROR:root:Expecting value: line 1 column 1 (char 0)
ERROR:root:Expecting value: line 1 column 1 (char 0)
ERROR:root:Expecting value: line 1 column 1 (char 0)
ERROR:root:Expecting value: line 1 column 1 (char 0)
ERROR:root:Expecting value: line 1 column 1 (char 0)
ERROR:root:Expecting value: line 1 column 1 (char 0)
ERROR:root:Expecting value: line 1 column 1 (char 0)
ERROR:root:Expecting value: line 1 column 1 (char 0)
INFO:root:10129::RevNginx_PROD
INFO:zabbix_api.ZabbixAPISubClass:20: Creating ZabbixAPISubClass
DEBUG:zabbix_api.ZabbixAPISubClass:Going to do_request for <function checkauth.<locals>.ret at 0x7fed766891e0> with opts {'output': ['status'], 'filter': {'hostid': '10129'}}
INFO:root:[{'hostid': '10129', 'status': '0'}]
INFO:zabbix_api.ZabbixAPISubClass:20: Creating ZabbixAPISubClass
DEBUG:zabbix_api.ZabbixAPISubClass:Going to do_request for <function checkauth.<locals>.ret at 0x7fed766891e0> with opts {'output': ['key_', 'lastvalue'], 'filter': {'hostid': '10129'}}
INFO:root:10130::NV-deploy_PROD
INFO:zabbix_api.ZabbixAPISubClass:20: Creating ZabbixAPISubClass
DEBUG:zabbix_api.ZabbixAPISubClass:Going to do_request for <function checkauth.<locals>.ret at 0x7fed766891e0> with opts {'output': ['status'], 'filter': {'hostid': '10130'}}
INFO:root:[{'hostid': '10130', 'status': '0'}]
INFO:zabbix_api.ZabbixAPISubClass:20: Creating ZabbixAPISubClass
DEBUG:zabbix_api.ZabbixAPISubClass:Going to do_request for <function checkauth.<locals>.ret at 0x7fed766891e0> with opts {'output': ['key_', 'lastvalue'], 'filter': {'hostid': '10130'}}
INFO:root:10131::DotriverLXDE_PROD
INFO:zabbix_api.ZabbixAPISubClass:20: Creating ZabbixAPISubClass
DEBUG:zabbix_api.ZabbixAPISubClass:Going to do_request for <function checkauth.<locals>.ret at 0x7fed766891e0> with opts {'output': ['status'], 'filter': {'hostid': '10131'}}
INFO:root:[{'hostid': '10131', 'status': '0'}]
INFO:zabbix_api.ZabbixAPISubClass:20: Creating ZabbixAPISubClass
DEBUG:zabbix_api.ZabbixAPISubClass:Going to do_request for <function checkauth.<locals>.ret at 0x7fed766891e0> with opts {'output': ['key_', 'lastvalue'], 'filter': {'hostid': '10131'}}
ERROR:root:Expecting value: line 1 column 1 (char 0)
ERROR:root:Expecting value: line 1 column 1 (char 0)
ERROR:root:Expecting value: line 1 column 1 (char 0)
ERROR:root:Expecting value: line 1 column 1 (char 0)
INFO:root:10132::MutX9_PROD
INFO:zabbix_api.ZabbixAPISubClass:20: Creating ZabbixAPISubClass
DEBUG:zabbix_api.ZabbixAPISubClass:Going to do_request for <function checkauth.<locals>.ret at 0x7fed766891e0> with opts {'output': ['status'], 'filter': {'hostid': '10132'}}
INFO:root:[{'hostid': '10132', 'status': '0'}]
INFO:zabbix_api.ZabbixAPISubClass:20: Creating ZabbixAPISubClass
DEBUG:zabbix_api.ZabbixAPISubClass:Going to do_request for <function checkauth.<locals>.ret at 0x7fed766891e0> with opts {'output': ['key_', 'lastvalue'], 'filter': {'hostid': '10132'}}
INFO:root:None
INFO:zabbix_api.ZabbixAPISubClass:20: Creating ZabbixAPISubClass
DEBUG:zabbix_api.ZabbixAPISubClass:Going to do_request for <function checkauth.<locals>.ret at 0x7fed766891e0> with opts {'output': ['hostid', 'name', 'ip'], 'selectInterfaces': ['ip'], 'filter': {'ip': '10.1.1.252'}}
INFO:root:process EL_1530624608.84CTQI2
DEBUG:paramiko.transport:starting thread (client mode): 0x779f5630
DEBUG:paramiko.transport:Local version/idstring: SSH-2.0-paramiko_2.4.2
DEBUG:paramiko.transport:Remote version/idstring: SSH-2.0-OpenSSH_7.4p1 Debian-10+deb9u2
INFO:paramiko.transport:Connected (version 2.0, client OpenSSH_7.4p1)
DEBUG:paramiko.transport:kex algos:['curve25519-sha256', 'curve25519-sha256@libssh.org', 'ecdh-sha2-nistp256', 'ecdh-sha2-nistp384', 'ecdh-sha2-nistp521', 'diffie-hellman-group-exchange-sha256', 'diffie-hellman-group16-sha512', 'diffie-hellman-group18-sha512', 'diffie-hellman-group14-sha256', 'diffie-hellman-group14-sha1'] server key:['ssh-rsa', 'rsa-sha2-512', 'rsa-sha2-256', 'ecdsa-sha2-nistp256', 'ssh-ed25519'] client encrypt:['chacha20-poly1305@openssh.com', 'aes128-ctr', 'aes192-ctr', 'aes256-ctr', 'aes128-gcm@openssh.com', 'aes256-gcm@openssh.com'] server encrypt:['chacha20-poly1305@openssh.com', 'aes128-ctr', 'aes192-ctr', 'aes256-ctr', 'aes128-gcm@openssh.com', 'aes256-gcm@openssh.com'] client mac:['umac-64-etm@openssh.com', 'umac-128-etm@openssh.com', 'hmac-sha2-256-etm@openssh.com', 'hmac-sha2-512-etm@openssh.com', 'hmac-sha1-etm@openssh.com', 'umac-64@openssh.com', 'umac-128@openssh.com', 'hmac-sha2-256', 'hmac-sha2-512', 'hmac-sha1'] server mac:['umac-64-etm@openssh.com', 'umac-128-etm@openssh.com', 'hmac-sha2-256-etm@openssh.com', 'hmac-sha2-512-etm@openssh.com', 'hmac-sha1-etm@openssh.com', 'umac-64@openssh.com', 'umac-128@openssh.com', 'hmac-sha2-256', 'hmac-sha2-512', 'hmac-sha1'] client compress:['none', 'zlib@openssh.com'] server compress:['none', 'zlib@openssh.com'] client lang:[''] server lang:[''] kex follows?False
DEBUG:paramiko.transport:Kex agreed: ecdh-sha2-nistp256
DEBUG:paramiko.transport:HostKey agreed: ssh-ed25519
DEBUG:paramiko.transport:Cipher agreed: aes128-ctr
DEBUG:paramiko.transport:MAC agreed: hmac-sha2-256
DEBUG:paramiko.transport:Compression agreed: none
DEBUG:paramiko.transport:kex engine KexNistp256 specified hash_algo <built-in function openssl_sha256>
DEBUG:paramiko.transport:Switch to new keys ...
DEBUG:paramiko.transport:Attempting password auth...
DEBUG:paramiko.transport:userauth is OK
INFO:paramiko.transport:Authentication (password) successful!
DEBUG:urllib3.connectionpool:Starting new HTTPS connection (1): localhost:36695
DEBUG:paramiko.transport:[chan 0] Max packet in: 32768 bytes
DEBUG:paramiko.transport:Received global request "hostkeys-00@openssh.com"
DEBUG:paramiko.transport:Rejecting "hostkeys-00@openssh.com" global request from server.
ERROR:paramiko.transport:Secsh channel 0 open FAILED: Connection refused: Connect failed
ERROR:root:(2, 'Connect failed')
ERROR:root:('Connection aborted.', OSError(0, 'Error'))
INFO:root:Unable to access proxmox api
INFO:root:10180::SM-node2
INFO:zabbix_api.ZabbixAPISubClass:20: Creating ZabbixAPISubClass
DEBUG:zabbix_api.ZabbixAPISubClass:Going to do_request for <function checkauth.<locals>.ret at 0x7fed766891e0> with opts {'output': ['status'], 'filter': {'hostid': '10180'}}
DEBUG:paramiko.transport:EOF in transport thread
INFO:root:[{'hostid': '10180', 'status': '0'}]
INFO:zabbix_api.ZabbixAPISubClass:20: Creating ZabbixAPISubClass
DEBUG:zabbix_api.ZabbixAPISubClass:Going to do_request for <function checkauth.<locals>.ret at 0x7fed766891e0> with opts {'output': ['key_', 'lastvalue'], 'filter': {'hostid': '10180'}}
ERROR:root:Expecting value: line 1 column 1 (char 0)
ERROR:root:Expecting value: line 1 column 1 (char 0)
ERROR:root:Expecting value: line 1 column 1 (char 0)
ERROR:root:Expecting value: line 1 column 1 (char 0)
ERROR:root:Expecting value: line 1 column 1 (char 0)
ERROR:root:Expecting value: line 1 column 1 (char 0)
ERROR:root:Expecting value: line 1 column 1 (char 0)
ERROR:root:Expecting value: line 1 column 1 (char 0)
ERROR:root:Expecting value: line 1 column 1 (char 0)
ERROR:root:Expecting value: line 1 column 1 (char 0)
ERROR:root:Expecting value: line 1 column 1 (char 0)
ERROR:root:Expecting value: line 1 column 1 (char 0)
ERROR:root:Expecting value: line 1 column 1 (char 0)
ERROR:root:Expecting value: line 1 column 1 (char 0)
ERROR:root:Expecting value: line 1 column 1 (char 0)
ERROR:root:Expecting value: line 1 column 1 (char 0)
ERROR:root:Expecting value: line 1 column 1 (char 0)
ERROR:root:Expecting value: line 1 column 1 (char 0)
ERROR:root:Expecting value: line 1 column 1 (char 0)
ERROR:root:Expecting value: line 1 column 1 (char 0)
ERROR:root:Expecting value: line 1 column 1 (char 0)
ERROR:root:Expecting value: line 1 column 1 (char 0)
ERROR:root:Expecting value: line 1 column 1 (char 0)
ERROR:root:Expecting value: line 1 column 1 (char 0)
ERROR:root:Expecting value: line 1 column 1 (char 0)
INFO:Core.Database:Register Table config as False
INFO:Core.Database:Register Table lang as False
INFO:Core.Database:Register Table schema as True
INFO:Core.Database:Register Table structure as True
INFO:Core.Database:Register Table users as True
INFO:Core.Database:Register Table server as True
INFO:Core.Database:Register Table base as True
INFO:Core.Database:Register Table secret as True
INFO:Core.Database:Register Table module as False
INFO:Core.Database:Register Table alert as False
ERROR:root:module 'Proxmox' has no attribute 'Monitor'
DEBUG:zabbix_api:Starting logging
Level 15:zabbix_api:Using native json library
INFO:zabbix_api.ZabbixAPI:20: Set logging level to 30
INFO:zabbix_api.ZabbixAPISubClass:20: Creating ZabbixAPISubClass
DEBUG:zabbix_api.ZabbixAPISubClass:Going to do_request for <function checkauth.<locals>.ret at 0x7f92782ce1e0> with opts {'output': ['hostid', 'name', 'ip'], 'selectInterfaces': ['ip']}
ERROR:root:module 'Zabbix' has no attribute 'Discover'
INFO:root:process EL_1530624449.65NDO1U
DEBUG:paramiko.transport:starting thread (client mode): 0x77a9f198
DEBUG:paramiko.transport:Local version/idstring: SSH-2.0-paramiko_2.4.2
DEBUG:paramiko.transport:Remote version/idstring: SSH-2.0-OpenSSH_7.4p1 Debian-10+deb9u2
INFO:paramiko.transport:Connected (version 2.0, client OpenSSH_7.4p1)
INFO:root:None
INFO:zabbix_api.ZabbixAPISubClass:20: Creating ZabbixAPISubClass
DEBUG:zabbix_api.ZabbixAPISubClass:Going to do_request for <function checkauth.<locals>.ret at 0x7f92782ce1e0> with opts {'output': ['hostid', 'name', 'ip'], 'selectInterfaces': ['ip'], 'filter': {'ip': '10.1.1.152'}}
DEBUG:paramiko.transport:kex algos:['curve25519-sha256', 'curve25519-sha256@libssh.org', 'ecdh-sha2-nistp256', 'ecdh-sha2-nistp384', 'ecdh-sha2-nistp521', 'diffie-hellman-group-exchange-sha256', 'diffie-hellman-group16-sha512', 'diffie-hellman-group18-sha512', 'diffie-hellman-group14-sha256', 'diffie-hellman-group14-sha1'] server key:['ssh-rsa', 'rsa-sha2-512', 'rsa-sha2-256', 'ecdsa-sha2-nistp256', 'ssh-ed25519'] client encrypt:['chacha20-poly1305@openssh.com', 'aes128-ctr', 'aes192-ctr', 'aes256-ctr', 'aes128-gcm@openssh.com', 'aes256-gcm@openssh.com'] server encrypt:['chacha20-poly1305@openssh.com', 'aes128-ctr', 'aes192-ctr', 'aes256-ctr', 'aes128-gcm@openssh.com', 'aes256-gcm@openssh.com'] client mac:['umac-64-etm@openssh.com', 'umac-128-etm@openssh.com', 'hmac-sha2-256-etm@openssh.com', 'hmac-sha2-512-etm@openssh.com', 'hmac-sha1-etm@openssh.com', 'umac-64@openssh.com', 'umac-128@openssh.com', 'hmac-sha2-256', 'hmac-sha2-512', 'hmac-sha1'] server mac:['umac-64-etm@openssh.com', 'umac-128-etm@openssh.com', 'hmac-sha2-256-etm@openssh.com', 'hmac-sha2-512-etm@openssh.com', 'hmac-sha1-etm@openssh.com', 'umac-64@openssh.com', 'umac-128@openssh.com', 'hmac-sha2-256', 'hmac-sha2-512', 'hmac-sha1'] client compress:['none', 'zlib@openssh.com'] server compress:['none', 'zlib@openssh.com'] client lang:[''] server lang:[''] kex follows?False
DEBUG:paramiko.transport:Kex agreed: ecdh-sha2-nistp256
DEBUG:paramiko.transport:HostKey agreed: ssh-ed25519
DEBUG:paramiko.transport:Cipher agreed: aes128-ctr
DEBUG:paramiko.transport:MAC agreed: hmac-sha2-256
DEBUG:paramiko.transport:Compression agreed: none
DEBUG:paramiko.transport:kex engine KexNistp256 specified hash_algo <built-in function openssl_sha256>
DEBUG:paramiko.transport:Switch to new keys ...
DEBUG:paramiko.transport:Attempting password auth...
DEBUG:paramiko.transport:userauth is OK
INFO:paramiko.transport:Authentication (password) successful!
DEBUG:paramiko.transport:Received global request "hostkeys-00@openssh.com"
DEBUG:paramiko.transport:Rejecting "hostkeys-00@openssh.com" global request from server.
DEBUG:urllib3.connectionpool:Starting new HTTPS connection (1): localhost:57481
DEBUG:paramiko.transport:[chan 0] Max packet in: 32768 bytes
DEBUG:paramiko.transport:[chan 0] Max packet out: 32768 bytes
DEBUG:paramiko.transport:Secsh channel 0 opened.
ERROR:root:Expecting value: line 1 column 1 (char 0)
ERROR:root:Expecting value: line 1 column 1 (char 0)
DEBUG:urllib3.connectionpool:https://localhost:57481 "POST /api2/json/access/ticket HTTP/1.1" 401 13
ERROR:root:Couldn't authenticate user: root@pam to https://localhost:57481/api2/json/access/ticket
INFO:root:Unable to access proxmox api
DEBUG:paramiko.transport:[chan 0] EOF sent (0)
DEBUG:paramiko.transport:[chan 0] EOF received (0)
DEBUG:paramiko.transport:EOF in transport thread
INFO:root:10181::Prod-Node4
INFO:zabbix_api.ZabbixAPISubClass:20: Creating ZabbixAPISubClass
DEBUG:zabbix_api.ZabbixAPISubClass:Going to do_request for <function checkauth.<locals>.ret at 0x7f92782ce1e0> with opts {'output': ['status'], 'filter': {'hostid': '10181'}}
INFO:root:[{'hostid': '10181', 'status': '0'}]
INFO:zabbix_api.ZabbixAPISubClass:20: Creating ZabbixAPISubClass
DEBUG:zabbix_api.ZabbixAPISubClass:Going to do_request for <function checkauth.<locals>.ret at 0x7f92782ce1e0> with opts {'output': ['key_', 'lastvalue'], 'filter': {'hostid': '10181'}}
INFO:root:10280::MutRdp9_Prod
INFO:zabbix_api.ZabbixAPISubClass:20: Creating ZabbixAPISubClass
DEBUG:zabbix_api.ZabbixAPISubClass:Going to do_request for <function checkauth.<locals>.ret at 0x7f92782ce1e0> with opts {'output': ['status'], 'filter': {'hostid': '10280'}}
INFO:root:[{'hostid': '10280', 'status': '1'}]
INFO:root:10125::LPFBox_PROD
INFO:zabbix_api.ZabbixAPISubClass:20: Creating ZabbixAPISubClass
DEBUG:zabbix_api.ZabbixAPISubClass:Going to do_request for <function checkauth.<locals>.ret at 0x7f92782ce1e0> with opts {'output': ['status'], 'filter': {'hostid': '10125'}}
INFO:root:[{'hostid': '10125', 'status': '0'}]
INFO:zabbix_api.ZabbixAPISubClass:20: Creating ZabbixAPISubClass
DEBUG:zabbix_api.ZabbixAPISubClass:Going to do_request for <function checkauth.<locals>.ret at 0x7f92782ce1e0> with opts {'output': ['key_', 'lastvalue'], 'filter': {'hostid': '10125'}}
ERROR:root:Expecting value: line 1 column 1 (char 0)
ERROR:root:Expecting value: line 1 column 1 (char 0)
ERROR:root:Expecting value: line 1 column 1 (char 0)
ERROR:root:Expecting value: line 1 column 1 (char 0)
ERROR:root:Expecting value: line 1 column 1 (char 0)
ERROR:root:Expecting value: line 1 column 1 (char 0)
ERROR:root:Expecting value: line 1 column 1 (char 0)
ERROR:root:Expecting value: line 1 column 1 (char 0)
ERROR:root:Expecting value: line 1 column 1 (char 0)
ERROR:root:Expecting value: line 1 column 1 (char 0)
ERROR:root:Expecting value: line 1 column 1 (char 0)
INFO:root:10202::pfSense_PROD
INFO:zabbix_api.ZabbixAPISubClass:20: Creating ZabbixAPISubClass
DEBUG:zabbix_api.ZabbixAPISubClass:Going to do_request for <function checkauth.<locals>.ret at 0x7f92782ce1e0> with opts {'output': ['status'], 'filter': {'hostid': '10202'}}
INFO:root:[{'hostid': '10202', 'status': '0'}]
INFO:zabbix_api.ZabbixAPISubClass:20: Creating ZabbixAPISubClass
DEBUG:zabbix_api.ZabbixAPISubClass:Going to do_request for <function checkauth.<locals>.ret at 0x7f92782ce1e0> with opts {'output': ['key_', 'lastvalue'], 'filter': {'hostid': '10202'}}
INFO:root:None
INFO:zabbix_api.ZabbixAPISubClass:20: Creating ZabbixAPISubClass
DEBUG:zabbix_api.ZabbixAPISubClass:Going to do_request for <function checkauth.<locals>.ret at 0x7f92782ce1e0> with opts {'output': ['hostid', 'name', 'ip'], 'selectInterfaces': ['ip'], 'filter': {'ip': '10.1.1.106'}}
INFO:root:10126::ALHWP_PROD
INFO:zabbix_api.ZabbixAPISubClass:20: Creating ZabbixAPISubClass
DEBUG:zabbix_api.ZabbixAPISubClass:Going to do_request for <function checkauth.<locals>.ret at 0x7f92782ce1e0> with opts {'output': ['status'], 'filter': {'hostid': '10126'}}
INFO:root:[{'hostid': '10126', 'status': '0'}]
INFO:zabbix_api.ZabbixAPISubClass:20: Creating ZabbixAPISubClass
DEBUG:zabbix_api.ZabbixAPISubClass:Going to do_request for <function checkauth.<locals>.ret at 0x7f92782ce1e0> with opts {'output': ['key_', 'lastvalue'], 'filter': {'hostid': '10126'}}
INFO:root:process EL_1530624477.26SPA97
DEBUG:paramiko.transport:starting thread (client mode): 0x742df9b0
DEBUG:paramiko.transport:Local version/idstring: SSH-2.0-paramiko_2.4.2
DEBUG:paramiko.transport:Remote version/idstring: SSH-2.0-OpenSSH_7.4p1 Debian-10+deb9u2
INFO:paramiko.transport:Connected (version 2.0, client OpenSSH_7.4p1)
DEBUG:paramiko.transport:kex algos:['curve25519-sha256', 'curve25519-sha256@libssh.org', 'ecdh-sha2-nistp256', 'ecdh-sha2-nistp384', 'ecdh-sha2-nistp521', 'diffie-hellman-group-exchange-sha256', 'diffie-hellman-group16-sha512', 'diffie-hellman-group18-sha512', 'diffie-hellman-group14-sha256', 'diffie-hellman-group14-sha1'] server key:['ssh-rsa', 'rsa-sha2-512', 'rsa-sha2-256', 'ecdsa-sha2-nistp256', 'ssh-ed25519'] client encrypt:['chacha20-poly1305@openssh.com', 'aes128-ctr', 'aes192-ctr', 'aes256-ctr', 'aes128-gcm@openssh.com', 'aes256-gcm@openssh.com'] server encrypt:['chacha20-poly1305@openssh.com', 'aes128-ctr', 'aes192-ctr', 'aes256-ctr', 'aes128-gcm@openssh.com', 'aes256-gcm@openssh.com'] client mac:['umac-64-etm@openssh.com', 'umac-128-etm@openssh.com', 'hmac-sha2-256-etm@openssh.com', 'hmac-sha2-512-etm@openssh.com', 'hmac-sha1-etm@openssh.com', 'umac-64@openssh.com', 'umac-128@openssh.com', 'hmac-sha2-256', 'hmac-sha2-512', 'hmac-sha1'] server mac:['umac-64-etm@openssh.com', 'umac-128-etm@openssh.com', 'hmac-sha2-256-etm@openssh.com', 'hmac-sha2-512-etm@openssh.com', 'hmac-sha1-etm@openssh.com', 'umac-64@openssh.com', 'umac-128@openssh.com', 'hmac-sha2-256', 'hmac-sha2-512', 'hmac-sha1'] client compress:['none', 'zlib@openssh.com'] server compress:['none', 'zlib@openssh.com'] client lang:[''] server lang:[''] kex follows?False
DEBUG:paramiko.transport:Kex agreed: ecdh-sha2-nistp256
DEBUG:paramiko.transport:HostKey agreed: ssh-ed25519
DEBUG:paramiko.transport:Cipher agreed: aes128-ctr
DEBUG:paramiko.transport:MAC agreed: hmac-sha2-256
DEBUG:paramiko.transport:Compression agreed: none
DEBUG:paramiko.transport:kex engine KexNistp256 specified hash_algo <built-in function openssl_sha256>
DEBUG:paramiko.transport:Switch to new keys ...
DEBUG:paramiko.transport:Attempting password auth...
DEBUG:paramiko.transport:userauth is OK
INFO:paramiko.transport:Authentication (password) successful!
DEBUG:urllib3.connectionpool:Starting new HTTPS connection (1): localhost:50347
DEBUG:paramiko.transport:[chan 0] Max packet in: 32768 bytes
DEBUG:paramiko.transport:Received global request "hostkeys-00@openssh.com"
DEBUG:paramiko.transport:Rejecting "hostkeys-00@openssh.com" global request from server.
DEBUG:paramiko.transport:[chan 0] Max packet out: 32768 bytes
DEBUG:paramiko.transport:Secsh channel 0 opened.
DEBUG:urllib3.connectionpool:https://localhost:50347 "POST /api2/json/access/ticket HTTP/1.1" 401 13
ERROR:root:Couldn't authenticate user: root@pam to https://localhost:50347/api2/json/access/ticket
INFO:root:Unable to access proxmox api
DEBUG:paramiko.transport:[chan 0] EOF sent (0)
DEBUG:paramiko.transport:[chan 0] EOF received (0)
DEBUG:paramiko.transport:EOF in transport thread
INFO:root:10182::SM-Node1
INFO:zabbix_api.ZabbixAPISubClass:20: Creating ZabbixAPISubClass
DEBUG:zabbix_api.ZabbixAPISubClass:Going to do_request for <function checkauth.<locals>.ret at 0x7f92782ce1e0> with opts {'output': ['status'], 'filter': {'hostid': '10182'}}
INFO:root:[{'hostid': '10182', 'status': '0'}]
INFO:zabbix_api.ZabbixAPISubClass:20: Creating ZabbixAPISubClass
DEBUG:zabbix_api.ZabbixAPISubClass:Going to do_request for <function checkauth.<locals>.ret at 0x7f92782ce1e0> with opts {'output': ['key_', 'lastvalue'], 'filter': {'hostid': '10182'}}
INFO:root:10127::onlyoffice_PROD
INFO:zabbix_api.ZabbixAPISubClass:20: Creating ZabbixAPISubClass
DEBUG:zabbix_api.ZabbixAPISubClass:Going to do_request for <function checkauth.<locals>.ret at 0x7f92782ce1e0> with opts {'output': ['status'], 'filter': {'hostid': '10127'}}
INFO:root:10128::prodCode_PROD
INFO:zabbix_api.ZabbixAPISubClass:20: Creating ZabbixAPISubClass
DEBUG:zabbix_api.ZabbixAPISubClass:Going to do_request for <function checkauth.<locals>.ret at 0x7f92782ce1e0> with opts {'output': ['status'], 'filter': {'hostid': '10128'}}
INFO:root:[{'hostid': '10128', 'status': '0'}]
INFO:zabbix_api.ZabbixAPISubClass:20: Creating ZabbixAPISubClass
DEBUG:zabbix_api.ZabbixAPISubClass:Going to do_request for <function checkauth.<locals>.ret at 0x7f92782ce1e0> with opts {'output': ['key_', 'lastvalue'], 'filter': {'hostid': '10128'}}
INFO:root:10129::RevNginx_PROD
INFO:zabbix_api.ZabbixAPISubClass:20: Creating ZabbixAPISubClass
DEBUG:zabbix_api.ZabbixAPISubClass:Going to do_request for <function checkauth.<locals>.ret at 0x7f92782ce1e0> with opts {'output': ['status'], 'filter': {'hostid': '10129'}}
INFO:root:[{'hostid': '10129', 'status': '0'}]
INFO:zabbix_api.ZabbixAPISubClass:20: Creating ZabbixAPISubClass
DEBUG:zabbix_api.ZabbixAPISubClass:Going to do_request for <function checkauth.<locals>.ret at 0x7f92782ce1e0> with opts {'output': ['key_', 'lastvalue'], 'filter': {'hostid': '10129'}}
INFO:root:10130::NV-deploy_PROD
INFO:zabbix_api.ZabbixAPISubClass:20: Creating ZabbixAPISubClass
DEBUG:zabbix_api.ZabbixAPISubClass:Going to do_request for <function checkauth.<locals>.ret at 0x7f92782ce1e0> with opts {'output': ['status'], 'filter': {'hostid': '10130'}}
INFO:root:[{'hostid': '10130', 'status': '0'}]
INFO:zabbix_api.ZabbixAPISubClass:20: Creating ZabbixAPISubClass
DEBUG:zabbix_api.ZabbixAPISubClass:Going to do_request for <function checkauth.<locals>.ret at 0x7f92782ce1e0> with opts {'output': ['key_', 'lastvalue'], 'filter': {'hostid': '10130'}}
INFO:root:10131::DotriverLXDE_PROD
INFO:zabbix_api.ZabbixAPISubClass:20: Creating ZabbixAPISubClass
DEBUG:zabbix_api.ZabbixAPISubClass:Going to do_request for <function checkauth.<locals>.ret at 0x7f92782ce1e0> with opts {'output': ['status'], 'filter': {'hostid': '10131'}}
INFO:root:[{'hostid': '10131', 'status': '0'}]
INFO:zabbix_api.ZabbixAPISubClass:20: Creating ZabbixAPISubClass
DEBUG:zabbix_api.ZabbixAPISubClass:Going to do_request for <function checkauth.<locals>.ret at 0x7f92782ce1e0> with opts {'output': ['key_', 'lastvalue'], 'filter': {'hostid': '10131'}}
INFO:root:10132::MutX9_PROD
INFO:zabbix_api.ZabbixAPISubClass:20: Creating ZabbixAPISubClass
DEBUG:zabbix_api.ZabbixAPISubClass:Going to do_request for <function checkauth.<locals>.ret at 0x7f92782ce1e0> with opts {'output': ['status'], 'filter': {'hostid': '10132'}}
INFO:root:[{'hostid': '10132', 'status': '0'}]
INFO:zabbix_api.ZabbixAPISubClass:20: Creating ZabbixAPISubClass
DEBUG:zabbix_api.ZabbixAPISubClass:Going to do_request for <function checkauth.<locals>.ret at 0x7f92782ce1e0> with opts {'output': ['key_', 'lastvalue'], 'filter': {'hostid': '10132'}}
INFO:root:None
INFO:zabbix_api.ZabbixAPISubClass:20: Creating ZabbixAPISubClass
DEBUG:zabbix_api.ZabbixAPISubClass:Going to do_request for <function checkauth.<locals>.ret at 0x7f92782ce1e0> with opts {'output': ['hostid', 'name', 'ip'], 'selectInterfaces': ['ip'], 'filter': {'ip': '10.1.1.252'}}
INFO:root:process EL_1530624227.45DEP43
INFO:root:process EL_1530624608.84CTQI2
DEBUG:paramiko.transport:starting thread (client mode): 0x77a9f940
DEBUG:paramiko.transport:starting thread (client mode): 0x74274dd8
DEBUG:paramiko.transport:Local version/idstring: SSH-2.0-paramiko_2.4.2
DEBUG:paramiko.transport:Local version/idstring: SSH-2.0-paramiko_2.4.2
DEBUG:paramiko.transport:Remote version/idstring: SSH-2.0-OpenSSH_7.4p1 Debian-10+deb9u2
INFO:paramiko.transport:Connected (version 2.0, client OpenSSH_7.4p1)
DEBUG:paramiko.transport:Remote version/idstring: SSH-2.0-OpenSSH_7.4p1 Debian-10+deb9u2
INFO:paramiko.transport:Connected (version 2.0, client OpenSSH_7.4p1)
DEBUG:paramiko.transport:kex algos:['curve25519-sha256', 'curve25519-sha256@libssh.org', 'ecdh-sha2-nistp256', 'ecdh-sha2-nistp384', 'ecdh-sha2-nistp521', 'diffie-hellman-group-exchange-sha256', 'diffie-hellman-group16-sha512', 'diffie-hellman-group18-sha512', 'diffie-hellman-group14-sha256', 'diffie-hellman-group14-sha1'] server key:['ssh-rsa', 'rsa-sha2-512', 'rsa-sha2-256', 'ecdsa-sha2-nistp256', 'ssh-ed25519'] client encrypt:['chacha20-poly1305@openssh.com', 'aes128-ctr', 'aes192-ctr', 'aes256-ctr', 'aes128-gcm@openssh.com', 'aes256-gcm@openssh.com'] server encrypt:['chacha20-poly1305@openssh.com', 'aes128-ctr', 'aes192-ctr', 'aes256-ctr', 'aes128-gcm@openssh.com', 'aes256-gcm@openssh.com'] client mac:['umac-64-etm@openssh.com', 'umac-128-etm@openssh.com', 'hmac-sha2-256-etm@openssh.com', 'hmac-sha2-512-etm@openssh.com', 'hmac-sha1-etm@openssh.com', 'umac-64@openssh.com', 'umac-128@openssh.com', 'hmac-sha2-256', 'hmac-sha2-512', 'hmac-sha1'] server mac:['umac-64-etm@openssh.com', 'umac-128-etm@openssh.com', 'hmac-sha2-256-etm@openssh.com', 'hmac-sha2-512-etm@openssh.com', 'hmac-sha1-etm@openssh.com', 'umac-64@openssh.com', 'umac-128@openssh.com', 'hmac-sha2-256', 'hmac-sha2-512', 'hmac-sha1'] client compress:['none', 'zlib@openssh.com'] server compress:['none', 'zlib@openssh.com'] client lang:[''] server lang:[''] kex follows?False
DEBUG:paramiko.transport:Kex agreed: ecdh-sha2-nistp256
DEBUG:paramiko.transport:HostKey agreed: ssh-ed25519
DEBUG:paramiko.transport:Cipher agreed: aes128-ctr
DEBUG:paramiko.transport:MAC agreed: hmac-sha2-256
DEBUG:paramiko.transport:Compression agreed: none
DEBUG:paramiko.transport:kex algos:['curve25519-sha256', 'curve25519-sha256@libssh.org', 'ecdh-sha2-nistp256', 'ecdh-sha2-nistp384', 'ecdh-sha2-nistp521', 'diffie-hellman-group-exchange-sha256', 'diffie-hellman-group16-sha512', 'diffie-hellman-group18-sha512', 'diffie-hellman-group14-sha256', 'diffie-hellman-group14-sha1'] server key:['ssh-rsa', 'rsa-sha2-512', 'rsa-sha2-256', 'ecdsa-sha2-nistp256', 'ssh-ed25519'] client encrypt:['chacha20-poly1305@openssh.com', 'aes128-ctr', 'aes192-ctr', 'aes256-ctr', 'aes128-gcm@openssh.com', 'aes256-gcm@openssh.com'] server encrypt:['chacha20-poly1305@openssh.com', 'aes128-ctr', 'aes192-ctr', 'aes256-ctr', 'aes128-gcm@openssh.com', 'aes256-gcm@openssh.com'] client mac:['umac-64-etm@openssh.com', 'umac-128-etm@openssh.com', 'hmac-sha2-256-etm@openssh.com', 'hmac-sha2-512-etm@openssh.com', 'hmac-sha1-etm@openssh.com', 'umac-64@openssh.com', 'umac-128@openssh.com', 'hmac-sha2-256', 'hmac-sha2-512', 'hmac-sha1'] server mac:['umac-64-etm@openssh.com', 'umac-128-etm@openssh.com', 'hmac-sha2-256-etm@openssh.com', 'hmac-sha2-512-etm@openssh.com', 'hmac-sha1-etm@openssh.com', 'umac-64@openssh.com', 'umac-128@openssh.com', 'hmac-sha2-256', 'hmac-sha2-512', 'hmac-sha1'] client compress:['none', 'zlib@openssh.com'] server compress:['none', 'zlib@openssh.com'] client lang:[''] server lang:[''] kex follows?False
DEBUG:paramiko.transport:Kex agreed: ecdh-sha2-nistp256
DEBUG:paramiko.transport:HostKey agreed: ssh-ed25519
DEBUG:paramiko.transport:Cipher agreed: aes128-ctr
DEBUG:paramiko.transport:MAC agreed: hmac-sha2-256
DEBUG:paramiko.transport:Compression agreed: none
DEBUG:paramiko.transport:kex engine KexNistp256 specified hash_algo <built-in function openssl_sha256>
DEBUG:paramiko.transport:Switch to new keys ...
DEBUG:paramiko.transport:kex engine KexNistp256 specified hash_algo <built-in function openssl_sha256>
DEBUG:paramiko.transport:Switch to new keys ...
DEBUG:paramiko.transport:Attempting password auth...
DEBUG:paramiko.transport:Attempting password auth...
DEBUG:paramiko.transport:userauth is OK
DEBUG:paramiko.transport:userauth is OK
INFO:paramiko.transport:Authentication (password) successful!
DEBUG:urllib3.connectionpool:Starting new HTTPS connection (1): localhost:55293
DEBUG:paramiko.transport:[chan 0] Max packet in: 32768 bytes
INFO:paramiko.transport:Authentication (password) successful!
DEBUG:urllib3.connectionpool:Starting new HTTPS connection (1): localhost:35071
DEBUG:paramiko.transport:[chan 0] Max packet in: 32768 bytes
DEBUG:paramiko.transport:Received global request "hostkeys-00@openssh.com"
DEBUG:paramiko.transport:Rejecting "hostkeys-00@openssh.com" global request from server.
DEBUG:paramiko.transport:Received global request "hostkeys-00@openssh.com"
DEBUG:paramiko.transport:Rejecting "hostkeys-00@openssh.com" global request from server.
DEBUG:paramiko.transport:[chan 0] Max packet out: 32768 bytes
DEBUG:paramiko.transport:Secsh channel 0 opened.
ERROR:paramiko.transport:Secsh channel 0 open FAILED: Connection refused: Connect failed
ERROR:root:(2, 'Connect failed')
ERROR:root:('Connection aborted.', OSError(0, 'Error'))
INFO:root:Unable to access proxmox api
DEBUG:paramiko.transport:EOF in transport thread
INFO:root:10180::SM-node2
INFO:zabbix_api.ZabbixAPISubClass:20: Creating ZabbixAPISubClass
DEBUG:zabbix_api.ZabbixAPISubClass:Going to do_request for <function checkauth.<locals>.ret at 0x7f92782ce1e0> with opts {'output': ['status'], 'filter': {'hostid': '10180'}}
INFO:root:[{'hostid': '10180', 'status': '0'}]
INFO:zabbix_api.ZabbixAPISubClass:20: Creating ZabbixAPISubClass
DEBUG:zabbix_api.ZabbixAPISubClass:Going to do_request for <function checkauth.<locals>.ret at 0x7f92782ce1e0> with opts {'output': ['key_', 'lastvalue'], 'filter': {'hostid': '10180'}}
DEBUG:urllib3.connectionpool:https://localhost:55293 "POST /api2/json/access/ticket HTTP/1.1" 401 13
ERROR:root:Couldn't authenticate user: root@pam to https://localhost:55293/api2/json/access/ticket
INFO:root:Unable to access proxmox api
DEBUG:paramiko.transport:[chan 0] EOF sent (0)
DEBUG:paramiko.transport:[chan 0] EOF received (0)
DEBUG:paramiko.transport:EOF in transport thread
INFO:root:10179::Prod-Node3
INFO:zabbix_api.ZabbixAPISubClass:20: Creating ZabbixAPISubClass
DEBUG:zabbix_api.ZabbixAPISubClass:Going to do_request for <function checkauth.<locals>.ret at 0x7f92782ce1e0> with opts {'output': ['status'], 'filter': {'hostid': '10179'}}
INFO:root:[{'hostid': '10179', 'status': '0'}]
INFO:zabbix_api.ZabbixAPISubClass:20: Creating ZabbixAPISubClass
DEBUG:zabbix_api.ZabbixAPISubClass:Going to do_request for <function checkauth.<locals>.ret at 0x7f92782ce1e0> with opts {'output': ['key_', 'lastvalue'], 'filter': {'hostid': '10179'}}
INFO:root:None
INFO:zabbix_api.ZabbixAPISubClass:20: Creating ZabbixAPISubClass
DEBUG:zabbix_api.ZabbixAPISubClass:Going to do_request for <function checkauth.<locals>.ret at 0x7f92782ce1e0> with opts {'output': ['hostid', 'name', 'ip'], 'selectInterfaces': ['ip'], 'filter': {'ip': '10.1.1.90'}}
INFO:root:10084::Zabbix server
INFO:zabbix_api.ZabbixAPISubClass:20: Creating ZabbixAPISubClass
DEBUG:zabbix_api.ZabbixAPISubClass:Going to do_request for <function checkauth.<locals>.ret at 0x7f92782ce1e0> with opts {'output': ['status'], 'filter': {'hostid': '10084'}}
INFO:root:[{'hostid': '10084', 'status': '0'}]
INFO:zabbix_api.ZabbixAPISubClass:20: Creating ZabbixAPISubClass
DEBUG:zabbix_api.ZabbixAPISubClass:Going to do_request for <function checkauth.<locals>.ret at 0x7f92782ce1e0> with opts {'output': ['key_', 'lastvalue'], 'filter': {'hostid': '10084'}}
INFO:root:10221::EDUldap_PROD
INFO:zabbix_api.ZabbixAPISubClass:20: Creating ZabbixAPISubClass
DEBUG:zabbix_api.ZabbixAPISubClass:Going to do_request for <function checkauth.<locals>.ret at 0x7f92782ce1e0> with opts {'output': ['status'], 'filter': {'hostid': '10221'}}
INFO:root:[{'hostid': '10221', 'status': '0'}]
INFO:zabbix_api.ZabbixAPISubClass:20: Creating ZabbixAPISubClass
DEBUG:zabbix_api.ZabbixAPISubClass:Going to do_request for <function checkauth.<locals>.ret at 0x7f92782ce1e0> with opts {'output': ['key_', 'lastvalue'], 'filter': {'hostid': '10221'}}
INFO:root:10222::EDUsquid_PROD
INFO:zabbix_api.ZabbixAPISubClass:20: Creating ZabbixAPISubClass
DEBUG:zabbix_api.ZabbixAPISubClass:Going to do_request for <function checkauth.<locals>.ret at 0x7f92782ce1e0> with opts {'output': ['status'], 'filter': {'hostid': '10222'}}
INFO:root:[{'hostid': '10222', 'status': '0'}]
INFO:zabbix_api.ZabbixAPISubClass:20: Creating ZabbixAPISubClass
DEBUG:zabbix_api.ZabbixAPISubClass:Going to do_request for <function checkauth.<locals>.ret at 0x7f92782ce1e0> with opts {'output': ['key_', 'lastvalue'], 'filter': {'hostid': '10222'}}
INFO:root:None
INFO:zabbix_api.ZabbixAPISubClass:20: Creating ZabbixAPISubClass
DEBUG:zabbix_api.ZabbixAPISubClass:Going to do_request for <function checkauth.<locals>.ret at 0x7f92782ce1e0> with opts {'output': ['hostid', 'name', 'ip'], 'selectInterfaces': ['ip'], 'filter': {'ip': '10.1.1.88'}}
INFO:root:10230::EDU2go_PROD
INFO:zabbix_api.ZabbixAPISubClass:20: Creating ZabbixAPISubClass
DEBUG:zabbix_api.ZabbixAPISubClass:Going to do_request for <function checkauth.<locals>.ret at 0x7f92782ce1e0> with opts {'output': ['status'], 'filter': {'hostid': '10230'}}
INFO:root:[{'hostid': '10230', 'status': '0'}]
INFO:zabbix_api.ZabbixAPISubClass:20: Creating ZabbixAPISubClass
DEBUG:zabbix_api.ZabbixAPISubClass:Going to do_request for <function checkauth.<locals>.ret at 0x7f92782ce1e0> with opts {'output': ['key_', 'lastvalue'], 'filter': {'hostid': '10230'}}
INFO:root:process EL_1530799158.677LKFW
ERROR:root:'Database' object has no attribute 'get_children'
DEBUG:urllib3.connectionpool:Starting new HTTPS connection (1): 10.255.0.253:8006
INFO:Core.Database:Register Table config as False
INFO:Core.Database:Register Table lang as False
INFO:Core.Database:Register Table schema as True
INFO:Core.Database:Register Table structure as True
INFO:Core.Database:Register Table users as True
INFO:Core.Database:Register Table server as True
INFO:Core.Database:Register Table base as True
INFO:Core.Database:Register Table secret as True
INFO:Core.Database:Register Table module as False
INFO:Core.Database:Register Table alert as False
ERROR:root:module 'Proxmox' has no attribute 'Monitor'
DEBUG:zabbix_api:Starting logging
Level 15:zabbix_api:Using native json library
INFO:zabbix_api.ZabbixAPI:20: Set logging level to 30
INFO:zabbix_api.ZabbixAPISubClass:20: Creating ZabbixAPISubClass
DEBUG:zabbix_api.ZabbixAPISubClass:Going to do_request for <function checkauth.<locals>.ret at 0x7fce659bf1e0> with opts {'output': ['hostid', 'name', 'ip'], 'selectInterfaces': ['ip']}
ERROR:root:module 'Zabbix' has no attribute 'Discover'
INFO:root:process EL_1530624449.65NDO1U
DEBUG:paramiko.transport:starting thread (client mode): 0x651901d0
DEBUG:paramiko.transport:Local version/idstring: SSH-2.0-paramiko_2.4.2
DEBUG:paramiko.transport:Remote version/idstring: SSH-2.0-OpenSSH_7.4p1 Debian-10+deb9u2
INFO:paramiko.transport:Connected (version 2.0, client OpenSSH_7.4p1)
DEBUG:paramiko.transport:kex algos:['curve25519-sha256', 'curve25519-sha256@libssh.org', 'ecdh-sha2-nistp256', 'ecdh-sha2-nistp384', 'ecdh-sha2-nistp521', 'diffie-hellman-group-exchange-sha256', 'diffie-hellman-group16-sha512', 'diffie-hellman-group18-sha512', 'diffie-hellman-group14-sha256', 'diffie-hellman-group14-sha1'] server key:['ssh-rsa', 'rsa-sha2-512', 'rsa-sha2-256', 'ecdsa-sha2-nistp256', 'ssh-ed25519'] client encrypt:['chacha20-poly1305@openssh.com', 'aes128-ctr', 'aes192-ctr', 'aes256-ctr', 'aes128-gcm@openssh.com', 'aes256-gcm@openssh.com'] server encrypt:['chacha20-poly1305@openssh.com', 'aes128-ctr', 'aes192-ctr', 'aes256-ctr', 'aes128-gcm@openssh.com', 'aes256-gcm@openssh.com'] client mac:['umac-64-etm@openssh.com', 'umac-128-etm@openssh.com', 'hmac-sha2-256-etm@openssh.com', 'hmac-sha2-512-etm@openssh.com', 'hmac-sha1-etm@openssh.com', 'umac-64@openssh.com', 'umac-128@openssh.com', 'hmac-sha2-256', 'hmac-sha2-512', 'hmac-sha1'] server mac:['umac-64-etm@openssh.com', 'umac-128-etm@openssh.com', 'hmac-sha2-256-etm@openssh.com', 'hmac-sha2-512-etm@openssh.com', 'hmac-sha1-etm@openssh.com', 'umac-64@openssh.com', 'umac-128@openssh.com', 'hmac-sha2-256', 'hmac-sha2-512', 'hmac-sha1'] client compress:['none', 'zlib@openssh.com'] server compress:['none', 'zlib@openssh.com'] client lang:[''] server lang:[''] kex follows?False
DEBUG:paramiko.transport:Kex agreed: ecdh-sha2-nistp256
DEBUG:paramiko.transport:HostKey agreed: ssh-ed25519
DEBUG:paramiko.transport:Cipher agreed: aes128-ctr
DEBUG:paramiko.transport:MAC agreed: hmac-sha2-256
DEBUG:paramiko.transport:Compression agreed: none
INFO:root:None
INFO:zabbix_api.ZabbixAPISubClass:20: Creating ZabbixAPISubClass
DEBUG:zabbix_api.ZabbixAPISubClass:Going to do_request for <function checkauth.<locals>.ret at 0x7fce659bf1e0> with opts {'output': ['hostid', 'name', 'ip'], 'selectInterfaces': ['ip'], 'filter': {'ip': '10.1.1.152'}}
DEBUG:paramiko.transport:kex engine KexNistp256 specified hash_algo <built-in function openssl_sha256>
DEBUG:paramiko.transport:Switch to new keys ...
DEBUG:paramiko.transport:Attempting password auth...
DEBUG:paramiko.transport:userauth is OK
INFO:paramiko.transport:Authentication (password) successful!
DEBUG:paramiko.transport:Received global request "hostkeys-00@openssh.com"
DEBUG:paramiko.transport:Rejecting "hostkeys-00@openssh.com" global request from server.
DEBUG:urllib3.connectionpool:Starting new HTTPS connection (1): localhost:34625
DEBUG:paramiko.transport:[chan 0] Max packet in: 32768 bytes
DEBUG:paramiko.transport:[chan 0] Max packet out: 32768 bytes
DEBUG:paramiko.transport:Secsh channel 0 opened.
DEBUG:urllib3.connectionpool:https://localhost:34625 "POST /api2/json/access/ticket HTTP/1.1" 401 13
ERROR:root:Couldn't authenticate user: root@pam to https://localhost:34625/api2/json/access/ticket
INFO:root:Unable to access proxmox api
DEBUG:paramiko.transport:[chan 0] EOF sent (0)
DEBUG:paramiko.transport:[chan 0] EOF received (0)
DEBUG:paramiko.transport:EOF in transport thread
INFO:root:10181::Prod-Node4
INFO:zabbix_api.ZabbixAPISubClass:20: Creating ZabbixAPISubClass
DEBUG:zabbix_api.ZabbixAPISubClass:Going to do_request for <function checkauth.<locals>.ret at 0x7fce659bf1e0> with opts {'output': ['status'], 'filter': {'hostid': '10181'}}
INFO:root:[{'hostid': '10181', 'status': '0'}]
INFO:zabbix_api.ZabbixAPISubClass:20: Creating ZabbixAPISubClass
DEBUG:zabbix_api.ZabbixAPISubClass:Going to do_request for <function checkauth.<locals>.ret at 0x7fce659bf1e0> with opts {'output': ['key_', 'lastvalue'], 'filter': {'hostid': '10181'}}
INFO:root:10280::MutRdp9_Prod
INFO:zabbix_api.ZabbixAPISubClass:20: Creating ZabbixAPISubClass
DEBUG:zabbix_api.ZabbixAPISubClass:Going to do_request for <function checkauth.<locals>.ret at 0x7fce659bf1e0> with opts {'output': ['status'], 'filter': {'hostid': '10280'}}
INFO:root:[{'hostid': '10280', 'status': '1'}]
INFO:root:10125::LPFBox_PROD
INFO:zabbix_api.ZabbixAPISubClass:20: Creating ZabbixAPISubClass
DEBUG:zabbix_api.ZabbixAPISubClass:Going to do_request for <function checkauth.<locals>.ret at 0x7fce659bf1e0> with opts {'output': ['status'], 'filter': {'hostid': '10125'}}
INFO:root:[{'hostid': '10125', 'status': '0'}]
INFO:zabbix_api.ZabbixAPISubClass:20: Creating ZabbixAPISubClass
DEBUG:zabbix_api.ZabbixAPISubClass:Going to do_request for <function checkauth.<locals>.ret at 0x7fce659bf1e0> with opts {'output': ['key_', 'lastvalue'], 'filter': {'hostid': '10125'}}
ERROR:root:Expecting value: line 1 column 1 (char 0)
ERROR:root:Expecting value: line 1 column 1 (char 0)
ERROR:root:Expecting value: line 1 column 1 (char 0)
ERROR:root:Expecting value: line 1 column 1 (char 0)
ERROR:root:Expecting value: line 1 column 1 (char 0)
ERROR:root:Expecting value: line 1 column 1 (char 0)
ERROR:root:Expecting value: line 1 column 1 (char 0)
ERROR:root:Expecting value: line 1 column 1 (char 0)
ERROR:root:Expecting value: line 1 column 1 (char 0)
ERROR:root:Expecting value: line 1 column 1 (char 0)
ERROR:root:Expecting value: line 1 column 1 (char 0)
ERROR:root:Expecting value: line 1 column 1 (char 0)
ERROR:root:Expecting value: line 1 column 1 (char 0)
INFO:root:10202::pfSense_PROD
INFO:zabbix_api.ZabbixAPISubClass:20: Creating ZabbixAPISubClass
DEBUG:zabbix_api.ZabbixAPISubClass:Going to do_request for <function checkauth.<locals>.ret at 0x7fce659bf1e0> with opts {'output': ['status'], 'filter': {'hostid': '10202'}}
INFO:root:[{'hostid': '10202', 'status': '0'}]
INFO:zabbix_api.ZabbixAPISubClass:20: Creating ZabbixAPISubClass
DEBUG:zabbix_api.ZabbixAPISubClass:Going to do_request for <function checkauth.<locals>.ret at 0x7fce659bf1e0> with opts {'output': ['key_', 'lastvalue'], 'filter': {'hostid': '10202'}}
INFO:root:None
INFO:zabbix_api.ZabbixAPISubClass:20: Creating ZabbixAPISubClass
DEBUG:zabbix_api.ZabbixAPISubClass:Going to do_request for <function checkauth.<locals>.ret at 0x7fce659bf1e0> with opts {'output': ['hostid', 'name', 'ip'], 'selectInterfaces': ['ip'], 'filter': {'ip': '10.1.1.106'}}
INFO:root:10126::ALHWP_PROD
INFO:zabbix_api.ZabbixAPISubClass:20: Creating ZabbixAPISubClass
DEBUG:zabbix_api.ZabbixAPISubClass:Going to do_request for <function checkauth.<locals>.ret at 0x7fce659bf1e0> with opts {'output': ['status'], 'filter': {'hostid': '10126'}}
INFO:root:[{'hostid': '10126', 'status': '0'}]
INFO:zabbix_api.ZabbixAPISubClass:20: Creating ZabbixAPISubClass
DEBUG:zabbix_api.ZabbixAPISubClass:Going to do_request for <function checkauth.<locals>.ret at 0x7fce659bf1e0> with opts {'output': ['key_', 'lastvalue'], 'filter': {'hostid': '10126'}}
INFO:root:process EL_1530624477.26SPA97
DEBUG:paramiko.transport:starting thread (client mode): 0x5d9ccc50
DEBUG:paramiko.transport:Local version/idstring: SSH-2.0-paramiko_2.4.2
DEBUG:paramiko.transport:Remote version/idstring: SSH-2.0-OpenSSH_7.4p1 Debian-10+deb9u2
INFO:paramiko.transport:Connected (version 2.0, client OpenSSH_7.4p1)
DEBUG:paramiko.transport:kex algos:['curve25519-sha256', 'curve25519-sha256@libssh.org', 'ecdh-sha2-nistp256', 'ecdh-sha2-nistp384', 'ecdh-sha2-nistp521', 'diffie-hellman-group-exchange-sha256', 'diffie-hellman-group16-sha512', 'diffie-hellman-group18-sha512', 'diffie-hellman-group14-sha256', 'diffie-hellman-group14-sha1'] server key:['ssh-rsa', 'rsa-sha2-512', 'rsa-sha2-256', 'ecdsa-sha2-nistp256', 'ssh-ed25519'] client encrypt:['chacha20-poly1305@openssh.com', 'aes128-ctr', 'aes192-ctr', 'aes256-ctr', 'aes128-gcm@openssh.com', 'aes256-gcm@openssh.com'] server encrypt:['chacha20-poly1305@openssh.com', 'aes128-ctr', 'aes192-ctr', 'aes256-ctr', 'aes128-gcm@openssh.com', 'aes256-gcm@openssh.com'] client mac:['umac-64-etm@openssh.com', 'umac-128-etm@openssh.com', 'hmac-sha2-256-etm@openssh.com', 'hmac-sha2-512-etm@openssh.com', 'hmac-sha1-etm@openssh.com', 'umac-64@openssh.com', 'umac-128@openssh.com', 'hmac-sha2-256', 'hmac-sha2-512', 'hmac-sha1'] server mac:['umac-64-etm@openssh.com', 'umac-128-etm@openssh.com', 'hmac-sha2-256-etm@openssh.com', 'hmac-sha2-512-etm@openssh.com', 'hmac-sha1-etm@openssh.com', 'umac-64@openssh.com', 'umac-128@openssh.com', 'hmac-sha2-256', 'hmac-sha2-512', 'hmac-sha1'] client compress:['none', 'zlib@openssh.com'] server compress:['none', 'zlib@openssh.com'] client lang:[''] server lang:[''] kex follows?False
DEBUG:paramiko.transport:Kex agreed: ecdh-sha2-nistp256
DEBUG:paramiko.transport:HostKey agreed: ssh-ed25519
DEBUG:paramiko.transport:Cipher agreed: aes128-ctr
DEBUG:paramiko.transport:MAC agreed: hmac-sha2-256
DEBUG:paramiko.transport:Compression agreed: none
DEBUG:paramiko.transport:kex engine KexNistp256 specified hash_algo <built-in function openssl_sha256>
DEBUG:paramiko.transport:Switch to new keys ...
DEBUG:paramiko.transport:Attempting password auth...
DEBUG:paramiko.transport:userauth is OK
INFO:paramiko.transport:Authentication (password) successful!
DEBUG:urllib3.connectionpool:Starting new HTTPS connection (1): localhost:53381
DEBUG:paramiko.transport:[chan 0] Max packet in: 32768 bytes
DEBUG:paramiko.transport:Received global request "hostkeys-00@openssh.com"
DEBUG:paramiko.transport:Rejecting "hostkeys-00@openssh.com" global request from server.
DEBUG:paramiko.transport:[chan 0] Max packet out: 32768 bytes
DEBUG:paramiko.transport:Secsh channel 0 opened.
DEBUG:urllib3.connectionpool:https://localhost:53381 "POST /api2/json/access/ticket HTTP/1.1" 401 13
ERROR:root:Couldn't authenticate user: root@pam to https://localhost:53381/api2/json/access/ticket
INFO:root:Unable to access proxmox api
DEBUG:paramiko.transport:[chan 0] EOF sent (0)
DEBUG:paramiko.transport:[chan 0] EOF received (0)
DEBUG:paramiko.transport:EOF in transport thread
INFO:root:10182::SM-Node1
INFO:zabbix_api.ZabbixAPISubClass:20: Creating ZabbixAPISubClass
DEBUG:zabbix_api.ZabbixAPISubClass:Going to do_request for <function checkauth.<locals>.ret at 0x7fce659bf1e0> with opts {'output': ['status'], 'filter': {'hostid': '10182'}}
INFO:root:[{'hostid': '10182', 'status': '0'}]
INFO:zabbix_api.ZabbixAPISubClass:20: Creating ZabbixAPISubClass
DEBUG:zabbix_api.ZabbixAPISubClass:Going to do_request for <function checkauth.<locals>.ret at 0x7fce659bf1e0> with opts {'output': ['key_', 'lastvalue'], 'filter': {'hostid': '10182'}}
INFO:Core.Database:Register Table config as False
INFO:Core.Database:Register Table lang as False
INFO:Core.Database:Register Table schema as True
INFO:Core.Database:Register Table structure as True
INFO:Core.Database:Register Table users as True
INFO:Core.Database:Register Table server as True
INFO:Core.Database:Register Table base as True
INFO:Core.Database:Register Table secret as True
INFO:Core.Database:Register Table module as False
INFO:Core.Database:Register Table alert as False
ERROR:root:module 'Proxmox' has no attribute 'Monitor'
DEBUG:zabbix_api:Starting logging
Level 15:zabbix_api:Using native json library
INFO:zabbix_api.ZabbixAPI:20: Set logging level to 30
INFO:zabbix_api.ZabbixAPISubClass:20: Creating ZabbixAPISubClass
DEBUG:zabbix_api.ZabbixAPISubClass:Going to do_request for <function checkauth.<locals>.ret at 0x7fbb7c4931e0> with opts {'output': ['hostid', 'name', 'ip'], 'selectInterfaces': ['ip']}
ERROR:root:module 'Zabbix' has no attribute 'Discover'
INFO:root:process EL_1530624449.65NDO1U
DEBUG:paramiko.transport:starting thread (client mode): 0x7bc62240
DEBUG:paramiko.transport:Local version/idstring: SSH-2.0-paramiko_2.4.2
DEBUG:paramiko.transport:Remote version/idstring: SSH-2.0-OpenSSH_7.4p1 Debian-10+deb9u2
INFO:paramiko.transport:Connected (version 2.0, client OpenSSH_7.4p1)
DEBUG:paramiko.transport:kex algos:['curve25519-sha256', 'curve25519-sha256@libssh.org', 'ecdh-sha2-nistp256', 'ecdh-sha2-nistp384', 'ecdh-sha2-nistp521', 'diffie-hellman-group-exchange-sha256', 'diffie-hellman-group16-sha512', 'diffie-hellman-group18-sha512', 'diffie-hellman-group14-sha256', 'diffie-hellman-group14-sha1'] server key:['ssh-rsa', 'rsa-sha2-512', 'rsa-sha2-256', 'ecdsa-sha2-nistp256', 'ssh-ed25519'] client encrypt:['chacha20-poly1305@openssh.com', 'aes128-ctr', 'aes192-ctr', 'aes256-ctr', 'aes128-gcm@openssh.com', 'aes256-gcm@openssh.com'] server encrypt:['chacha20-poly1305@openssh.com', 'aes128-ctr', 'aes192-ctr', 'aes256-ctr', 'aes128-gcm@openssh.com', 'aes256-gcm@openssh.com'] client mac:['umac-64-etm@openssh.com', 'umac-128-etm@openssh.com', 'hmac-sha2-256-etm@openssh.com', 'hmac-sha2-512-etm@openssh.com', 'hmac-sha1-etm@openssh.com', 'umac-64@openssh.com', 'umac-128@openssh.com', 'hmac-sha2-256', 'hmac-sha2-512', 'hmac-sha1'] server mac:['umac-64-etm@openssh.com', 'umac-128-etm@openssh.com', 'hmac-sha2-256-etm@openssh.com', 'hmac-sha2-512-etm@openssh.com', 'hmac-sha1-etm@openssh.com', 'umac-64@openssh.com', 'umac-128@openssh.com', 'hmac-sha2-256', 'hmac-sha2-512', 'hmac-sha1'] client compress:['none', 'zlib@openssh.com'] server compress:['none', 'zlib@openssh.com'] client lang:[''] server lang:[''] kex follows?False
DEBUG:paramiko.transport:Kex agreed: ecdh-sha2-nistp256
DEBUG:paramiko.transport:HostKey agreed: ssh-ed25519
DEBUG:paramiko.transport:Cipher agreed: aes128-ctr
DEBUG:paramiko.transport:MAC agreed: hmac-sha2-256
DEBUG:paramiko.transport:Compression agreed: none
DEBUG:paramiko.transport:kex engine KexNistp256 specified hash_algo <built-in function openssl_sha256>
DEBUG:paramiko.transport:Switch to new keys ...
DEBUG:paramiko.transport:Attempting password auth...
DEBUG:paramiko.transport:userauth is OK
INFO:root:None
INFO:zabbix_api.ZabbixAPISubClass:20: Creating ZabbixAPISubClass
DEBUG:zabbix_api.ZabbixAPISubClass:Going to do_request for <function checkauth.<locals>.ret at 0x7fbb7c4931e0> with opts {'output': ['hostid', 'name', 'ip'], 'selectInterfaces': ['ip'], 'filter': {'ip': '10.1.1.152'}}
INFO:paramiko.transport:Authentication (password) successful!
DEBUG:paramiko.transport:Received global request "hostkeys-00@openssh.com"
DEBUG:paramiko.transport:Rejecting "hostkeys-00@openssh.com" global request from server.
DEBUG:urllib3.connectionpool:Starting new HTTPS connection (1): localhost:54157
DEBUG:paramiko.transport:[chan 0] Max packet in: 32768 bytes
DEBUG:paramiko.transport:[chan 0] Max packet out: 32768 bytes
DEBUG:paramiko.transport:Secsh channel 0 opened.
DEBUG:urllib3.connectionpool:https://localhost:54157 "POST /api2/json/access/ticket HTTP/1.1" 401 13
ERROR:root:Couldn't authenticate user: root@pam to https://localhost:54157/api2/json/access/ticket
INFO:root:Unable to access proxmox api
DEBUG:paramiko.transport:[chan 0] EOF sent (0)
DEBUG:paramiko.transport:[chan 0] EOF received (0)
DEBUG:paramiko.transport:EOF in transport thread
INFO:root:10181::Prod-Node4
INFO:zabbix_api.ZabbixAPISubClass:20: Creating ZabbixAPISubClass
DEBUG:zabbix_api.ZabbixAPISubClass:Going to do_request for <function checkauth.<locals>.ret at 0x7fbb7c4931e0> with opts {'output': ['status'], 'filter': {'hostid': '10181'}}
INFO:root:[{'hostid': '10181', 'status': '0'}]
INFO:zabbix_api.ZabbixAPISubClass:20: Creating ZabbixAPISubClass
DEBUG:zabbix_api.ZabbixAPISubClass:Going to do_request for <function checkauth.<locals>.ret at 0x7fbb7c4931e0> with opts {'output': ['key_', 'lastvalue'], 'filter': {'hostid': '10181'}}
INFO:root:10280::MutRdp9_Prod
INFO:zabbix_api.ZabbixAPISubClass:20: Creating ZabbixAPISubClass
DEBUG:zabbix_api.ZabbixAPISubClass:Going to do_request for <function checkauth.<locals>.ret at 0x7fbb7c4931e0> with opts {'output': ['status'], 'filter': {'hostid': '10280'}}
INFO:root:[{'hostid': '10280', 'status': '1'}]
INFO:root:10125::LPFBox_PROD
INFO:zabbix_api.ZabbixAPISubClass:20: Creating ZabbixAPISubClass
DEBUG:zabbix_api.ZabbixAPISubClass:Going to do_request for <function checkauth.<locals>.ret at 0x7fbb7c4931e0> with opts {'output': ['status'], 'filter': {'hostid': '10125'}}
INFO:root:[{'hostid': '10125', 'status': '0'}]
INFO:zabbix_api.ZabbixAPISubClass:20: Creating ZabbixAPISubClass
DEBUG:zabbix_api.ZabbixAPISubClass:Going to do_request for <function checkauth.<locals>.ret at 0x7fbb7c4931e0> with opts {'output': ['key_', 'lastvalue'], 'filter': {'hostid': '10125'}}
INFO:root:10202::pfSense_PROD
INFO:zabbix_api.ZabbixAPISubClass:20: Creating ZabbixAPISubClass
DEBUG:zabbix_api.ZabbixAPISubClass:Going to do_request for <function checkauth.<locals>.ret at 0x7fbb7c4931e0> with opts {'output': ['status'], 'filter': {'hostid': '10202'}}
INFO:root:[{'hostid': '10202', 'status': '0'}]
INFO:zabbix_api.ZabbixAPISubClass:20: Creating ZabbixAPISubClass
DEBUG:zabbix_api.ZabbixAPISubClass:Going to do_request for <function checkauth.<locals>.ret at 0x7fbb7c4931e0> with opts {'output': ['key_', 'lastvalue'], 'filter': {'hostid': '10202'}}
INFO:root:None
INFO:zabbix_api.ZabbixAPISubClass:20: Creating ZabbixAPISubClass
DEBUG:zabbix_api.ZabbixAPISubClass:Going to do_request for <function checkauth.<locals>.ret at 0x7fbb7c4931e0> with opts {'output': ['hostid', 'name', 'ip'], 'selectInterfaces': ['ip'], 'filter': {'ip': '10.1.1.106'}}
INFO:root:10126::ALHWP_PROD
INFO:zabbix_api.ZabbixAPISubClass:20: Creating ZabbixAPISubClass
DEBUG:zabbix_api.ZabbixAPISubClass:Going to do_request for <function checkauth.<locals>.ret at 0x7fbb7c4931e0> with opts {'output': ['status'], 'filter': {'hostid': '10126'}}
INFO:root:[{'hostid': '10126', 'status': '0'}]
INFO:zabbix_api.ZabbixAPISubClass:20: Creating ZabbixAPISubClass
DEBUG:zabbix_api.ZabbixAPISubClass:Going to do_request for <function checkauth.<locals>.ret at 0x7fbb7c4931e0> with opts {'output': ['key_', 'lastvalue'], 'filter': {'hostid': '10126'}}
INFO:root:None
INFO:zabbix_api.ZabbixAPISubClass:20: Creating ZabbixAPISubClass
DEBUG:zabbix_api.ZabbixAPISubClass:Going to do_request for <function checkauth.<locals>.ret at 0x7fbb7c4931e0> with opts {'output': ['hostid', 'name', 'ip'], 'selectInterfaces': ['ip'], 'filter': {'ip': '10.1.1.252'}}
INFO:root:process EL_1530624477.26SPA97
DEBUG:paramiko.transport:starting thread (client mode): 0x784ab978
DEBUG:paramiko.transport:Local version/idstring: SSH-2.0-paramiko_2.4.2
DEBUG:paramiko.transport:Remote version/idstring: SSH-2.0-OpenSSH_7.4p1 Debian-10+deb9u2
INFO:paramiko.transport:Connected (version 2.0, client OpenSSH_7.4p1)
DEBUG:paramiko.transport:kex algos:['curve25519-sha256', 'curve25519-sha256@libssh.org', 'ecdh-sha2-nistp256', 'ecdh-sha2-nistp384', 'ecdh-sha2-nistp521', 'diffie-hellman-group-exchange-sha256', 'diffie-hellman-group16-sha512', 'diffie-hellman-group18-sha512', 'diffie-hellman-group14-sha256', 'diffie-hellman-group14-sha1'] server key:['ssh-rsa', 'rsa-sha2-512', 'rsa-sha2-256', 'ecdsa-sha2-nistp256', 'ssh-ed25519'] client encrypt:['chacha20-poly1305@openssh.com', 'aes128-ctr', 'aes192-ctr', 'aes256-ctr', 'aes128-gcm@openssh.com', 'aes256-gcm@openssh.com'] server encrypt:['chacha20-poly1305@openssh.com', 'aes128-ctr', 'aes192-ctr', 'aes256-ctr', 'aes128-gcm@openssh.com', 'aes256-gcm@openssh.com'] client mac:['umac-64-etm@openssh.com', 'umac-128-etm@openssh.com', 'hmac-sha2-256-etm@openssh.com', 'hmac-sha2-512-etm@openssh.com', 'hmac-sha1-etm@openssh.com', 'umac-64@openssh.com', 'umac-128@openssh.com', 'hmac-sha2-256', 'hmac-sha2-512', 'hmac-sha1'] server mac:['umac-64-etm@openssh.com', 'umac-128-etm@openssh.com', 'hmac-sha2-256-etm@openssh.com', 'hmac-sha2-512-etm@openssh.com', 'hmac-sha1-etm@openssh.com', 'umac-64@openssh.com', 'umac-128@openssh.com', 'hmac-sha2-256', 'hmac-sha2-512', 'hmac-sha1'] client compress:['none', 'zlib@openssh.com'] server compress:['none', 'zlib@openssh.com'] client lang:[''] server lang:[''] kex follows?False
DEBUG:paramiko.transport:Kex agreed: ecdh-sha2-nistp256
DEBUG:paramiko.transport:HostKey agreed: ssh-ed25519
DEBUG:paramiko.transport:Cipher agreed: aes128-ctr
DEBUG:paramiko.transport:MAC agreed: hmac-sha2-256
DEBUG:paramiko.transport:Compression agreed: none
DEBUG:paramiko.transport:kex engine KexNistp256 specified hash_algo <built-in function openssl_sha256>
DEBUG:paramiko.transport:Switch to new keys ...
DEBUG:paramiko.transport:Attempting password auth...
DEBUG:paramiko.transport:userauth is OK
INFO:paramiko.transport:Authentication (password) successful!
DEBUG:urllib3.connectionpool:Starting new HTTPS connection (1): localhost:50451
DEBUG:paramiko.transport:[chan 0] Max packet in: 32768 bytes
DEBUG:paramiko.transport:Received global request "hostkeys-00@openssh.com"
DEBUG:paramiko.transport:Rejecting "hostkeys-00@openssh.com" global request from server.
DEBUG:paramiko.transport:[chan 0] Max packet out: 32768 bytes
DEBUG:paramiko.transport:Secsh channel 0 opened.
INFO:Core.Database:Register Table config as False
INFO:Core.Database:Register Table lang as False
INFO:Core.Database:Register Table schema as True
INFO:Core.Database:Register Table structure as True
INFO:Core.Database:Register Table users as True
INFO:Core.Database:Register Table server as True
INFO:Core.Database:Register Table base as True
INFO:Core.Database:Register Table secret as True
INFO:Core.Database:Register Table module as False
INFO:Core.Database:Register Table alert as False
ERROR:root:module 'Proxmox' has no attribute 'Monitor'
DEBUG:zabbix_api:Starting logging
Level 15:zabbix_api:Using native json library
INFO:zabbix_api.ZabbixAPI:20: Set logging level to 30
INFO:zabbix_api.ZabbixAPISubClass:20: Creating ZabbixAPISubClass
DEBUG:zabbix_api.ZabbixAPISubClass:Going to do_request for <function checkauth.<locals>.ret at 0x7fdaf9d391e0> with opts {'output': ['hostid', 'name', 'ip'], 'selectInterfaces': ['ip']}
ERROR:root:module 'Zabbix' has no attribute 'Discover'
INFO:root:process EL_1530624449.65NDO1U
INFO:root:process EL_1530624477.26SPA97
DEBUG:paramiko.transport:starting thread (client mode): 0xf9509278
DEBUG:paramiko.transport:Local version/idstring: SSH-2.0-paramiko_2.4.2
DEBUG:paramiko.transport:starting thread (client mode): 0xf9509be0
DEBUG:paramiko.transport:Local version/idstring: SSH-2.0-paramiko_2.4.2
DEBUG:paramiko.transport:Remote version/idstring: SSH-2.0-OpenSSH_7.4p1 Debian-10+deb9u2
INFO:paramiko.transport:Connected (version 2.0, client OpenSSH_7.4p1)
DEBUG:paramiko.transport:Remote version/idstring: SSH-2.0-OpenSSH_7.4p1 Debian-10+deb9u2
INFO:paramiko.transport:Connected (version 2.0, client OpenSSH_7.4p1)
DEBUG:paramiko.transport:kex algos:['curve25519-sha256', 'curve25519-sha256@libssh.org', 'ecdh-sha2-nistp256', 'ecdh-sha2-nistp384', 'ecdh-sha2-nistp521', 'diffie-hellman-group-exchange-sha256', 'diffie-hellman-group16-sha512', 'diffie-hellman-group18-sha512', 'diffie-hellman-group14-sha256', 'diffie-hellman-group14-sha1'] server key:['ssh-rsa', 'rsa-sha2-512', 'rsa-sha2-256', 'ecdsa-sha2-nistp256', 'ssh-ed25519'] client encrypt:['chacha20-poly1305@openssh.com', 'aes128-ctr', 'aes192-ctr', 'aes256-ctr', 'aes128-gcm@openssh.com', 'aes256-gcm@openssh.com'] server encrypt:['chacha20-poly1305@openssh.com', 'aes128-ctr', 'aes192-ctr', 'aes256-ctr', 'aes128-gcm@openssh.com', 'aes256-gcm@openssh.com'] client mac:['umac-64-etm@openssh.com', 'umac-128-etm@openssh.com', 'hmac-sha2-256-etm@openssh.com', 'hmac-sha2-512-etm@openssh.com', 'hmac-sha1-etm@openssh.com', 'umac-64@openssh.com', 'umac-128@openssh.com', 'hmac-sha2-256', 'hmac-sha2-512', 'hmac-sha1'] server mac:['umac-64-etm@openssh.com', 'umac-128-etm@openssh.com', 'hmac-sha2-256-etm@openssh.com', 'hmac-sha2-512-etm@openssh.com', 'hmac-sha1-etm@openssh.com', 'umac-64@openssh.com', 'umac-128@openssh.com', 'hmac-sha2-256', 'hmac-sha2-512', 'hmac-sha1'] client compress:['none', 'zlib@openssh.com'] server compress:['none', 'zlib@openssh.com'] client lang:[''] server lang:[''] kex follows?False
DEBUG:paramiko.transport:Kex agreed: ecdh-sha2-nistp256
DEBUG:paramiko.transport:HostKey agreed: ssh-ed25519
DEBUG:paramiko.transport:Cipher agreed: aes128-ctr
DEBUG:paramiko.transport:MAC agreed: hmac-sha2-256
DEBUG:paramiko.transport:Compression agreed: none
DEBUG:paramiko.transport:kex algos:['curve25519-sha256', 'curve25519-sha256@libssh.org', 'ecdh-sha2-nistp256', 'ecdh-sha2-nistp384', 'ecdh-sha2-nistp521', 'diffie-hellman-group-exchange-sha256', 'diffie-hellman-group16-sha512', 'diffie-hellman-group18-sha512', 'diffie-hellman-group14-sha256', 'diffie-hellman-group14-sha1'] server key:['ssh-rsa', 'rsa-sha2-512', 'rsa-sha2-256', 'ecdsa-sha2-nistp256', 'ssh-ed25519'] client encrypt:['chacha20-poly1305@openssh.com', 'aes128-ctr', 'aes192-ctr', 'aes256-ctr', 'aes128-gcm@openssh.com', 'aes256-gcm@openssh.com'] server encrypt:['chacha20-poly1305@openssh.com', 'aes128-ctr', 'aes192-ctr', 'aes256-ctr', 'aes128-gcm@openssh.com', 'aes256-gcm@openssh.com'] client mac:['umac-64-etm@openssh.com', 'umac-128-etm@openssh.com', 'hmac-sha2-256-etm@openssh.com', 'hmac-sha2-512-etm@openssh.com', 'hmac-sha1-etm@openssh.com', 'umac-64@openssh.com', 'umac-128@openssh.com', 'hmac-sha2-256', 'hmac-sha2-512', 'hmac-sha1'] server mac:['umac-64-etm@openssh.com', 'umac-128-etm@openssh.com', 'hmac-sha2-256-etm@openssh.com', 'hmac-sha2-512-etm@openssh.com', 'hmac-sha1-etm@openssh.com', 'umac-64@openssh.com', 'umac-128@openssh.com', 'hmac-sha2-256', 'hmac-sha2-512', 'hmac-sha1'] client compress:['none', 'zlib@openssh.com'] server compress:['none', 'zlib@openssh.com'] client lang:[''] server lang:[''] kex follows?False
DEBUG:paramiko.transport:Kex agreed: ecdh-sha2-nistp256
DEBUG:paramiko.transport:HostKey agreed: ssh-ed25519
DEBUG:paramiko.transport:Cipher agreed: aes128-ctr
DEBUG:paramiko.transport:MAC agreed: hmac-sha2-256
DEBUG:paramiko.transport:Compression agreed: none
DEBUG:paramiko.transport:kex engine KexNistp256 specified hash_algo <built-in function openssl_sha256>
DEBUG:paramiko.transport:Switch to new keys ...
DEBUG:paramiko.transport:Attempting password auth...
DEBUG:paramiko.transport:kex engine KexNistp256 specified hash_algo <built-in function openssl_sha256>
DEBUG:paramiko.transport:Switch to new keys ...
DEBUG:paramiko.transport:Attempting password auth...
INFO:root:None
INFO:zabbix_api.ZabbixAPISubClass:20: Creating ZabbixAPISubClass
DEBUG:zabbix_api.ZabbixAPISubClass:Going to do_request for <function checkauth.<locals>.ret at 0x7fdaf9d391e0> with opts {'output': ['hostid', 'name', 'ip'], 'selectInterfaces': ['ip'], 'filter': {'ip': '10.1.1.252'}}
INFO:root:None
INFO:zabbix_api.ZabbixAPISubClass:20: Creating ZabbixAPISubClass
DEBUG:zabbix_api.ZabbixAPISubClass:Going to do_request for <function checkauth.<locals>.ret at 0x7fdaf9d391e0> with opts {'output': ['hostid', 'name', 'ip'], 'selectInterfaces': ['ip'], 'filter': {'ip': '10.1.1.152'}}
DEBUG:paramiko.transport:userauth is OK
DEBUG:paramiko.transport:userauth is OK
INFO:paramiko.transport:Authentication (password) successful!
INFO:paramiko.transport:Authentication (password) successful!
DEBUG:paramiko.transport:Received global request "hostkeys-00@openssh.com"
DEBUG:paramiko.transport:Rejecting "hostkeys-00@openssh.com" global request from server.
DEBUG:paramiko.transport:Received global request "hostkeys-00@openssh.com"
DEBUG:paramiko.transport:Rejecting "hostkeys-00@openssh.com" global request from server.
DEBUG:urllib3.connectionpool:Starting new HTTPS connection (1): localhost:56903
DEBUG:urllib3.connectionpool:Starting new HTTPS connection (1): localhost:41073
DEBUG:paramiko.transport:[chan 0] Max packet in: 32768 bytes
DEBUG:paramiko.transport:[chan 0] Max packet in: 32768 bytes
DEBUG:paramiko.transport:[chan 0] Max packet out: 32768 bytes
DEBUG:paramiko.transport:Secsh channel 0 opened.
DEBUG:paramiko.transport:[chan 0] Max packet out: 32768 bytes
DEBUG:paramiko.transport:Secsh channel 0 opened.
INFO:Core.Database:Register Table config as False
INFO:Core.Database:Register Table lang as False
INFO:Core.Database:Register Table schema as True
INFO:Core.Database:Register Table structure as True
INFO:Core.Database:Register Table users as True
INFO:Core.Database:Register Table server as True
INFO:Core.Database:Register Table base as True
INFO:Core.Database:Register Table secret as True
INFO:Core.Database:Register Table module as False
INFO:Core.Database:Register Table alert as False
ERROR:root:module 'Proxmox' has no attribute 'Monitor'
DEBUG:zabbix_api:Starting logging
Level 15:zabbix_api:Using native json library
INFO:zabbix_api.ZabbixAPI:20: Set logging level to 30
INFO:zabbix_api.ZabbixAPISubClass:20: Creating ZabbixAPISubClass
DEBUG:zabbix_api.ZabbixAPISubClass:Going to do_request for <function checkauth.<locals>.ret at 0x7fed2b4ff1e0> with opts {'output': ['hostid', 'name', 'ip'], 'selectInterfaces': ['ip']}
ERROR:root:module 'Zabbix' has no attribute 'Discover'
INFO:root:process EL_1530624449.65NDO1U
INFO:root:process EL_1530624477.26SPA97
DEBUG:paramiko.transport:starting thread (client mode): 0x2acd0240
DEBUG:paramiko.transport:Local version/idstring: SSH-2.0-paramiko_2.4.2
DEBUG:paramiko.transport:starting thread (client mode): 0x2acd8320
DEBUG:paramiko.transport:Local version/idstring: SSH-2.0-paramiko_2.4.2
DEBUG:paramiko.transport:Remote version/idstring: SSH-2.0-OpenSSH_7.4p1 Debian-10+deb9u2
INFO:paramiko.transport:Connected (version 2.0, client OpenSSH_7.4p1)
DEBUG:paramiko.transport:Remote version/idstring: SSH-2.0-OpenSSH_7.4p1 Debian-10+deb9u2
INFO:paramiko.transport:Connected (version 2.0, client OpenSSH_7.4p1)
DEBUG:paramiko.transport:kex algos:['curve25519-sha256', 'curve25519-sha256@libssh.org', 'ecdh-sha2-nistp256', 'ecdh-sha2-nistp384', 'ecdh-sha2-nistp521', 'diffie-hellman-group-exchange-sha256', 'diffie-hellman-group16-sha512', 'diffie-hellman-group18-sha512', 'diffie-hellman-group14-sha256', 'diffie-hellman-group14-sha1'] server key:['ssh-rsa', 'rsa-sha2-512', 'rsa-sha2-256', 'ecdsa-sha2-nistp256', 'ssh-ed25519'] client encrypt:['chacha20-poly1305@openssh.com', 'aes128-ctr', 'aes192-ctr', 'aes256-ctr', 'aes128-gcm@openssh.com', 'aes256-gcm@openssh.com'] server encrypt:['chacha20-poly1305@openssh.com', 'aes128-ctr', 'aes192-ctr', 'aes256-ctr', 'aes128-gcm@openssh.com', 'aes256-gcm@openssh.com'] client mac:['umac-64-etm@openssh.com', 'umac-128-etm@openssh.com', 'hmac-sha2-256-etm@openssh.com', 'hmac-sha2-512-etm@openssh.com', 'hmac-sha1-etm@openssh.com', 'umac-64@openssh.com', 'umac-128@openssh.com', 'hmac-sha2-256', 'hmac-sha2-512', 'hmac-sha1'] server mac:['umac-64-etm@openssh.com', 'umac-128-etm@openssh.com', 'hmac-sha2-256-etm@openssh.com', 'hmac-sha2-512-etm@openssh.com', 'hmac-sha1-etm@openssh.com', 'umac-64@openssh.com', 'umac-128@openssh.com', 'hmac-sha2-256', 'hmac-sha2-512', 'hmac-sha1'] client compress:['none', 'zlib@openssh.com'] server compress:['none', 'zlib@openssh.com'] client lang:[''] server lang:[''] kex follows?False
DEBUG:paramiko.transport:Kex agreed: ecdh-sha2-nistp256
DEBUG:paramiko.transport:HostKey agreed: ssh-ed25519
DEBUG:paramiko.transport:Cipher agreed: aes128-ctr
DEBUG:paramiko.transport:MAC agreed: hmac-sha2-256
DEBUG:paramiko.transport:Compression agreed: none
DEBUG:paramiko.transport:kex algos:['curve25519-sha256', 'curve25519-sha256@libssh.org', 'ecdh-sha2-nistp256', 'ecdh-sha2-nistp384', 'ecdh-sha2-nistp521', 'diffie-hellman-group-exchange-sha256', 'diffie-hellman-group16-sha512', 'diffie-hellman-group18-sha512', 'diffie-hellman-group14-sha256', 'diffie-hellman-group14-sha1'] server key:['ssh-rsa', 'rsa-sha2-512', 'rsa-sha2-256', 'ecdsa-sha2-nistp256', 'ssh-ed25519'] client encrypt:['chacha20-poly1305@openssh.com', 'aes128-ctr', 'aes192-ctr', 'aes256-ctr', 'aes128-gcm@openssh.com', 'aes256-gcm@openssh.com'] server encrypt:['chacha20-poly1305@openssh.com', 'aes128-ctr', 'aes192-ctr', 'aes256-ctr', 'aes128-gcm@openssh.com', 'aes256-gcm@openssh.com'] client mac:['umac-64-etm@openssh.com', 'umac-128-etm@openssh.com', 'hmac-sha2-256-etm@openssh.com', 'hmac-sha2-512-etm@openssh.com', 'hmac-sha1-etm@openssh.com', 'umac-64@openssh.com', 'umac-128@openssh.com', 'hmac-sha2-256', 'hmac-sha2-512', 'hmac-sha1'] server mac:['umac-64-etm@openssh.com', 'umac-128-etm@openssh.com', 'hmac-sha2-256-etm@openssh.com', 'hmac-sha2-512-etm@openssh.com', 'hmac-sha1-etm@openssh.com', 'umac-64@openssh.com', 'umac-128@openssh.com', 'hmac-sha2-256', 'hmac-sha2-512', 'hmac-sha1'] client compress:['none', 'zlib@openssh.com'] server compress:['none', 'zlib@openssh.com'] client lang:[''] server lang:[''] kex follows?False
DEBUG:paramiko.transport:Kex agreed: ecdh-sha2-nistp256
DEBUG:paramiko.transport:HostKey agreed: ssh-ed25519
DEBUG:paramiko.transport:Cipher agreed: aes128-ctr
DEBUG:paramiko.transport:MAC agreed: hmac-sha2-256
DEBUG:paramiko.transport:Compression agreed: none
DEBUG:paramiko.transport:kex engine KexNistp256 specified hash_algo <built-in function openssl_sha256>
DEBUG:paramiko.transport:Switch to new keys ...
DEBUG:paramiko.transport:Attempting password auth...
DEBUG:paramiko.transport:kex engine KexNistp256 specified hash_algo <built-in function openssl_sha256>
DEBUG:paramiko.transport:Switch to new keys ...
DEBUG:paramiko.transport:Attempting password auth...
DEBUG:paramiko.transport:userauth is OK
DEBUG:paramiko.transport:userauth is OK
INFO:paramiko.transport:Authentication (password) successful!
INFO:paramiko.transport:Authentication (password) successful!
DEBUG:paramiko.transport:Received global request "hostkeys-00@openssh.com"
DEBUG:paramiko.transport:Rejecting "hostkeys-00@openssh.com" global request from server.
DEBUG:paramiko.transport:Received global request "hostkeys-00@openssh.com"
DEBUG:paramiko.transport:Rejecting "hostkeys-00@openssh.com" global request from server.
DEBUG:urllib3.connectionpool:Starting new HTTPS connection (1): localhost:39879
DEBUG:urllib3.connectionpool:Starting new HTTPS connection (1): localhost:57953
DEBUG:paramiko.transport:[chan 0] Max packet in: 32768 bytes
DEBUG:paramiko.transport:[chan 0] Max packet in: 32768 bytes
DEBUG:paramiko.transport:[chan 0] Max packet out: 32768 bytes
DEBUG:paramiko.transport:[chan 0] Max packet out: 32768 bytes
DEBUG:paramiko.transport:Secsh channel 0 opened.
DEBUG:paramiko.transport:Secsh channel 0 opened.
INFO:root:None
INFO:zabbix_api.ZabbixAPISubClass:20: Creating ZabbixAPISubClass
DEBUG:zabbix_api.ZabbixAPISubClass:Going to do_request for <function checkauth.<locals>.ret at 0x7fed2b4ff1e0> with opts {'output': ['hostid', 'name', 'ip'], 'selectInterfaces': ['ip'], 'filter': {'ip': '10.1.1.152'}}
INFO:root:process EL_1530624227.45DEP43
DEBUG:paramiko.transport:starting thread (client mode): 0x2acd0048
DEBUG:paramiko.transport:Local version/idstring: SSH-2.0-paramiko_2.4.2
DEBUG:paramiko.transport:Remote version/idstring: SSH-2.0-OpenSSH_7.4p1 Debian-10+deb9u2
INFO:paramiko.transport:Connected (version 2.0, client OpenSSH_7.4p1)
DEBUG:paramiko.transport:kex algos:['curve25519-sha256', 'curve25519-sha256@libssh.org', 'ecdh-sha2-nistp256', 'ecdh-sha2-nistp384', 'ecdh-sha2-nistp521', 'diffie-hellman-group-exchange-sha256', 'diffie-hellman-group16-sha512', 'diffie-hellman-group18-sha512', 'diffie-hellman-group14-sha256', 'diffie-hellman-group14-sha1'] server key:['ssh-rsa', 'rsa-sha2-512', 'rsa-sha2-256', 'ecdsa-sha2-nistp256', 'ssh-ed25519'] client encrypt:['chacha20-poly1305@openssh.com', 'aes128-ctr', 'aes192-ctr', 'aes256-ctr', 'aes128-gcm@openssh.com', 'aes256-gcm@openssh.com'] server encrypt:['chacha20-poly1305@openssh.com', 'aes128-ctr', 'aes192-ctr', 'aes256-ctr', 'aes128-gcm@openssh.com', 'aes256-gcm@openssh.com'] client mac:['umac-64-etm@openssh.com', 'umac-128-etm@openssh.com', 'hmac-sha2-256-etm@openssh.com', 'hmac-sha2-512-etm@openssh.com', 'hmac-sha1-etm@openssh.com', 'umac-64@openssh.com', 'umac-128@openssh.com', 'hmac-sha2-256', 'hmac-sha2-512', 'hmac-sha1'] server mac:['umac-64-etm@openssh.com', 'umac-128-etm@openssh.com', 'hmac-sha2-256-etm@openssh.com', 'hmac-sha2-512-etm@openssh.com', 'hmac-sha1-etm@openssh.com', 'umac-64@openssh.com', 'umac-128@openssh.com', 'hmac-sha2-256', 'hmac-sha2-512', 'hmac-sha1'] client compress:['none', 'zlib@openssh.com'] server compress:['none', 'zlib@openssh.com'] client lang:[''] server lang:[''] kex follows?False
DEBUG:paramiko.transport:Kex agreed: ecdh-sha2-nistp256
DEBUG:paramiko.transport:HostKey agreed: ssh-ed25519
DEBUG:paramiko.transport:Cipher agreed: aes128-ctr
DEBUG:paramiko.transport:MAC agreed: hmac-sha2-256
DEBUG:paramiko.transport:Compression agreed: none
DEBUG:paramiko.transport:kex engine KexNistp256 specified hash_algo <built-in function openssl_sha256>
DEBUG:paramiko.transport:Switch to new keys ...
DEBUG:paramiko.transport:Attempting password auth...
INFO:root:None
INFO:zabbix_api.ZabbixAPISubClass:20: Creating ZabbixAPISubClass
DEBUG:zabbix_api.ZabbixAPISubClass:Going to do_request for <function checkauth.<locals>.ret at 0x7fed2b4ff1e0> with opts {'output': ['hostid', 'name', 'ip'], 'selectInterfaces': ['ip'], 'filter': {'ip': '10.1.1.252'}}
INFO:root:process EL_1530624608.84CTQI2
DEBUG:paramiko.transport:starting thread (client mode): 0x2acd0b70
DEBUG:paramiko.transport:Local version/idstring: SSH-2.0-paramiko_2.4.2
DEBUG:paramiko.transport:userauth is OK
DEBUG:paramiko.transport:Remote version/idstring: SSH-2.0-OpenSSH_7.4p1 Debian-10+deb9u2
INFO:paramiko.transport:Connected (version 2.0, client OpenSSH_7.4p1)
DEBUG:paramiko.transport:kex algos:['curve25519-sha256', 'curve25519-sha256@libssh.org', 'ecdh-sha2-nistp256', 'ecdh-sha2-nistp384', 'ecdh-sha2-nistp521', 'diffie-hellman-group-exchange-sha256', 'diffie-hellman-group16-sha512', 'diffie-hellman-group18-sha512', 'diffie-hellman-group14-sha256', 'diffie-hellman-group14-sha1'] server key:['ssh-rsa', 'rsa-sha2-512', 'rsa-sha2-256', 'ecdsa-sha2-nistp256', 'ssh-ed25519'] client encrypt:['chacha20-poly1305@openssh.com', 'aes128-ctr', 'aes192-ctr', 'aes256-ctr', 'aes128-gcm@openssh.com', 'aes256-gcm@openssh.com'] server encrypt:['chacha20-poly1305@openssh.com', 'aes128-ctr', 'aes192-ctr', 'aes256-ctr', 'aes128-gcm@openssh.com', 'aes256-gcm@openssh.com'] client mac:['umac-64-etm@openssh.com', 'umac-128-etm@openssh.com', 'hmac-sha2-256-etm@openssh.com', 'hmac-sha2-512-etm@openssh.com', 'hmac-sha1-etm@openssh.com', 'umac-64@openssh.com', 'umac-128@openssh.com', 'hmac-sha2-256', 'hmac-sha2-512', 'hmac-sha1'] server mac:['umac-64-etm@openssh.com', 'umac-128-etm@openssh.com', 'hmac-sha2-256-etm@openssh.com', 'hmac-sha2-512-etm@openssh.com', 'hmac-sha1-etm@openssh.com', 'umac-64@openssh.com', 'umac-128@openssh.com', 'hmac-sha2-256', 'hmac-sha2-512', 'hmac-sha1'] client compress:['none', 'zlib@openssh.com'] server compress:['none', 'zlib@openssh.com'] client lang:[''] server lang:[''] kex follows?False
DEBUG:paramiko.transport:Kex agreed: ecdh-sha2-nistp256
DEBUG:paramiko.transport:HostKey agreed: ssh-ed25519
DEBUG:paramiko.transport:Cipher agreed: aes128-ctr
DEBUG:paramiko.transport:MAC agreed: hmac-sha2-256
DEBUG:paramiko.transport:Compression agreed: none
DEBUG:paramiko.transport:kex engine KexNistp256 specified hash_algo <built-in function openssl_sha256>
DEBUG:paramiko.transport:Switch to new keys ...
DEBUG:paramiko.transport:Attempting password auth...
INFO:paramiko.transport:Authentication (password) successful!
DEBUG:urllib3.connectionpool:Starting new HTTPS connection (1): localhost:46593
DEBUG:paramiko.transport:[chan 0] Max packet in: 32768 bytes
DEBUG:paramiko.transport:userauth is OK
DEBUG:paramiko.transport:Received global request "hostkeys-00@openssh.com"
DEBUG:paramiko.transport:Rejecting "hostkeys-00@openssh.com" global request from server.
INFO:paramiko.transport:Authentication (password) successful!
DEBUG:urllib3.connectionpool:Starting new HTTPS connection (1): localhost:32947
DEBUG:paramiko.transport:[chan 0] Max packet in: 32768 bytes
DEBUG:paramiko.transport:[chan 0] Max packet out: 32768 bytes
DEBUG:paramiko.transport:Secsh channel 0 opened.
DEBUG:paramiko.transport:Received global request "hostkeys-00@openssh.com"
DEBUG:paramiko.transport:Rejecting "hostkeys-00@openssh.com" global request from server.
ERROR:paramiko.transport:Secsh channel 0 open FAILED: Connection refused: Connect failed
ERROR:root:(2, 'Connect failed')
ERROR:root:('Connection aborted.', OSError(0, 'Error'))
INFO:root:Unable to access proxmox api
DEBUG:paramiko.transport:EOF in transport thread
INFO:root:10180::SM-node2
INFO:zabbix_api.ZabbixAPISubClass:20: Creating ZabbixAPISubClass
DEBUG:zabbix_api.ZabbixAPISubClass:Going to do_request for <function checkauth.<locals>.ret at 0x7fed2b4ff1e0> with opts {'output': ['status'], 'filter': {'hostid': '10180'}}
INFO:root:[{'hostid': '10180', 'status': '0'}]
INFO:zabbix_api.ZabbixAPISubClass:20: Creating ZabbixAPISubClass
DEBUG:zabbix_api.ZabbixAPISubClass:Going to do_request for <function checkauth.<locals>.ret at 0x7fed2b4ff1e0> with opts {'output': ['key_', 'lastvalue'], 'filter': {'hostid': '10180'}}
DEBUG:urllib3.connectionpool:https://localhost:57953 "POST /api2/json/access/ticket HTTP/1.1" 401 13
ERROR:root:Couldn't authenticate user: root@pam to https://localhost:57953/api2/json/access/ticket
INFO:root:Unable to access proxmox api
DEBUG:paramiko.transport:[chan 0] EOF sent (0)
DEBUG:urllib3.connectionpool:https://localhost:39879 "POST /api2/json/access/ticket HTTP/1.1" 401 13
ERROR:root:Couldn't authenticate user: root@pam to https://localhost:39879/api2/json/access/ticket
INFO:root:Unable to access proxmox api
DEBUG:paramiko.transport:[chan 0] EOF sent (0)
DEBUG:paramiko.transport:[chan 0] EOF received (0)
DEBUG:paramiko.transport:[chan 0] EOF received (0)
INFO:root:10181::Prod-Node4
INFO:zabbix_api.ZabbixAPISubClass:20: Creating ZabbixAPISubClass
DEBUG:zabbix_api.ZabbixAPISubClass:Going to do_request for <function checkauth.<locals>.ret at 0x7fed2b4ff1e0> with opts {'output': ['status'], 'filter': {'hostid': '10181'}}
DEBUG:urllib3.connectionpool:https://localhost:46593 "POST /api2/json/access/ticket HTTP/1.1" 401 13
DEBUG:paramiko.transport:EOF in transport thread
ERROR:root:Couldn't authenticate user: root@pam to https://localhost:46593/api2/json/access/ticket
DEBUG:paramiko.transport:EOF in transport thread
INFO:root:Unable to access proxmox api
DEBUG:paramiko.transport:[chan 0] EOF sent (0)
DEBUG:paramiko.transport:[chan 0] EOF received (0)
INFO:root:10182::SM-Node1
INFO:zabbix_api.ZabbixAPISubClass:20: Creating ZabbixAPISubClass
DEBUG:zabbix_api.ZabbixAPISubClass:Going to do_request for <function checkauth.<locals>.ret at 0x7fed2b4ff1e0> with opts {'output': ['status'], 'filter': {'hostid': '10182'}}
INFO:root:[{'hostid': '10181', 'status': '0'}]
INFO:zabbix_api.ZabbixAPISubClass:20: Creating ZabbixAPISubClass
DEBUG:zabbix_api.ZabbixAPISubClass:Going to do_request for <function checkauth.<locals>.ret at 0x7fed2b4ff1e0> with opts {'output': ['key_', 'lastvalue'], 'filter': {'hostid': '10181'}}
INFO:root:[{'hostid': '10182', 'status': '0'}]
INFO:zabbix_api.ZabbixAPISubClass:20: Creating ZabbixAPISubClass
DEBUG:zabbix_api.ZabbixAPISubClass:Going to do_request for <function checkauth.<locals>.ret at 0x7fed2b4ff1e0> with opts {'output': ['key_', 'lastvalue'], 'filter': {'hostid': '10182'}}
DEBUG:paramiko.transport:EOF in transport thread
INFO:root:10179::Prod-Node3
INFO:zabbix_api.ZabbixAPISubClass:20: Creating ZabbixAPISubClass
DEBUG:zabbix_api.ZabbixAPISubClass:Going to do_request for <function checkauth.<locals>.ret at 0x7fed2b4ff1e0> with opts {'output': ['status'], 'filter': {'hostid': '10179'}}
INFO:root:[{'hostid': '10179', 'status': '0'}]
INFO:zabbix_api.ZabbixAPISubClass:20: Creating ZabbixAPISubClass
DEBUG:zabbix_api.ZabbixAPISubClass:Going to do_request for <function checkauth.<locals>.ret at 0x7fed2b4ff1e0> with opts {'output': ['key_', 'lastvalue'], 'filter': {'hostid': '10179'}}
INFO:root:10280::MutRdp9_Prod
INFO:zabbix_api.ZabbixAPISubClass:20: Creating ZabbixAPISubClass
DEBUG:zabbix_api.ZabbixAPISubClass:Going to do_request for <function checkauth.<locals>.ret at 0x7fed2b4ff1e0> with opts {'output': ['status'], 'filter': {'hostid': '10280'}}
INFO:root:[{'hostid': '10280', 'status': '1'}]
INFO:root:10125::LPFBox_PROD
INFO:zabbix_api.ZabbixAPISubClass:20: Creating ZabbixAPISubClass
DEBUG:zabbix_api.ZabbixAPISubClass:Going to do_request for <function checkauth.<locals>.ret at 0x7fed2b4ff1e0> with opts {'output': ['status'], 'filter': {'hostid': '10125'}}
INFO:root:[{'hostid': '10125', 'status': '0'}]
INFO:zabbix_api.ZabbixAPISubClass:20: Creating ZabbixAPISubClass
DEBUG:zabbix_api.ZabbixAPISubClass:Going to do_request for <function checkauth.<locals>.ret at 0x7fed2b4ff1e0> with opts {'output': ['key_', 'lastvalue'], 'filter': {'hostid': '10125'}}
INFO:root:10127::onlyoffice_PROD
INFO:zabbix_api.ZabbixAPISubClass:20: Creating ZabbixAPISubClass
DEBUG:zabbix_api.ZabbixAPISubClass:Going to do_request for <function checkauth.<locals>.ret at 0x7fed2b4ff1e0> with opts {'output': ['status'], 'filter': {'hostid': '10127'}}
INFO:root:None
INFO:zabbix_api.ZabbixAPISubClass:20: Creating ZabbixAPISubClass
DEBUG:zabbix_api.ZabbixAPISubClass:Going to do_request for <function checkauth.<locals>.ret at 0x7fed2b4ff1e0> with opts {'output': ['hostid', 'name', 'ip'], 'selectInterfaces': ['ip'], 'filter': {'ip': '10.1.1.90'}}
INFO:root:10084::Zabbix server
INFO:zabbix_api.ZabbixAPISubClass:20: Creating ZabbixAPISubClass
DEBUG:zabbix_api.ZabbixAPISubClass:Going to do_request for <function checkauth.<locals>.ret at 0x7fed2b4ff1e0> with opts {'output': ['status'], 'filter': {'hostid': '10084'}}
INFO:root:10202::pfSense_PROD
INFO:root:10128::prodCode_PROD
INFO:zabbix_api.ZabbixAPISubClass:20: Creating ZabbixAPISubClass
INFO:zabbix_api.ZabbixAPISubClass:20: Creating ZabbixAPISubClass
DEBUG:zabbix_api.ZabbixAPISubClass:Going to do_request for <function checkauth.<locals>.ret at 0x7fed2b4ff1e0> with opts {'output': ['status'], 'filter': {'hostid': '10202'}}
DEBUG:zabbix_api.ZabbixAPISubClass:Going to do_request for <function checkauth.<locals>.ret at 0x7fed2b4ff1e0> with opts {'output': ['status'], 'filter': {'hostid': '10128'}}
INFO:root:[{'hostid': '10084', 'status': '0'}]
INFO:zabbix_api.ZabbixAPISubClass:20: Creating ZabbixAPISubClass
DEBUG:zabbix_api.ZabbixAPISubClass:Going to do_request for <function checkauth.<locals>.ret at 0x7fed2b4ff1e0> with opts {'output': ['key_', 'lastvalue'], 'filter': {'hostid': '10084'}}
INFO:root:[{'hostid': '10202', 'status': '0'}]
INFO:root:[{'hostid': '10128', 'status': '0'}]
INFO:zabbix_api.ZabbixAPISubClass:20: Creating ZabbixAPISubClass
INFO:zabbix_api.ZabbixAPISubClass:20: Creating ZabbixAPISubClass
DEBUG:zabbix_api.ZabbixAPISubClass:Going to do_request for <function checkauth.<locals>.ret at 0x7fed2b4ff1e0> with opts {'output': ['key_', 'lastvalue'], 'filter': {'hostid': '10128'}}
DEBUG:zabbix_api.ZabbixAPISubClass:Going to do_request for <function checkauth.<locals>.ret at 0x7fed2b4ff1e0> with opts {'output': ['key_', 'lastvalue'], 'filter': {'hostid': '10202'}}
INFO:root:None
INFO:zabbix_api.ZabbixAPISubClass:20: Creating ZabbixAPISubClass
DEBUG:zabbix_api.ZabbixAPISubClass:Going to do_request for <function checkauth.<locals>.ret at 0x7fed2b4ff1e0> with opts {'output': ['hostid', 'name', 'ip'], 'selectInterfaces': ['ip'], 'filter': {'ip': '10.1.1.106'}}
INFO:root:10129::RevNginx_PROD
INFO:zabbix_api.ZabbixAPISubClass:20: Creating ZabbixAPISubClass
DEBUG:zabbix_api.ZabbixAPISubClass:Going to do_request for <function checkauth.<locals>.ret at 0x7fed2b4ff1e0> with opts {'output': ['status'], 'filter': {'hostid': '10129'}}
INFO:root:10126::ALHWP_PROD
INFO:zabbix_api.ZabbixAPISubClass:20: Creating ZabbixAPISubClass
DEBUG:zabbix_api.ZabbixAPISubClass:Going to do_request for <function checkauth.<locals>.ret at 0x7fed2b4ff1e0> with opts {'output': ['status'], 'filter': {'hostid': '10126'}}
INFO:root:[{'hostid': '10126', 'status': '0'}]
INFO:root:[{'hostid': '10129', 'status': '0'}]
INFO:zabbix_api.ZabbixAPISubClass:20: Creating ZabbixAPISubClass
INFO:zabbix_api.ZabbixAPISubClass:20: Creating ZabbixAPISubClass
DEBUG:zabbix_api.ZabbixAPISubClass:Going to do_request for <function checkauth.<locals>.ret at 0x7fed2b4ff1e0> with opts {'output': ['key_', 'lastvalue'], 'filter': {'hostid': '10126'}}
DEBUG:zabbix_api.ZabbixAPISubClass:Going to do_request for <function checkauth.<locals>.ret at 0x7fed2b4ff1e0> with opts {'output': ['key_', 'lastvalue'], 'filter': {'hostid': '10129'}}
INFO:root:10221::EDUldap_PROD
INFO:zabbix_api.ZabbixAPISubClass:20: Creating ZabbixAPISubClass
DEBUG:zabbix_api.ZabbixAPISubClass:Going to do_request for <function checkauth.<locals>.ret at 0x7fed2b4ff1e0> with opts {'output': ['status'], 'filter': {'hostid': '10221'}}
INFO:root:[{'hostid': '10221', 'status': '0'}]
INFO:zabbix_api.ZabbixAPISubClass:20: Creating ZabbixAPISubClass
DEBUG:zabbix_api.ZabbixAPISubClass:Going to do_request for <function checkauth.<locals>.ret at 0x7fed2b4ff1e0> with opts {'output': ['key_', 'lastvalue'], 'filter': {'hostid': '10221'}}
INFO:root:process EL_1530799158.677LKFW
ERROR:root:'Database' object has no attribute 'get_children'
DEBUG:urllib3.connectionpool:Starting new HTTPS connection (1): 10.255.0.253:8006
ERROR:root:Expecting value: line 1 column 1 (char 0)
ERROR:root:Expecting value: line 1 column 1 (char 0)
INFO:root:10130::NV-deploy_PROD
INFO:zabbix_api.ZabbixAPISubClass:20: Creating ZabbixAPISubClass
DEBUG:zabbix_api.ZabbixAPISubClass:Going to do_request for <function checkauth.<locals>.ret at 0x7fed2b4ff1e0> with opts {'output': ['status'], 'filter': {'hostid': '10130'}}
INFO:root:10222::EDUsquid_PROD
INFO:zabbix_api.ZabbixAPISubClass:20: Creating ZabbixAPISubClass
DEBUG:zabbix_api.ZabbixAPISubClass:Going to do_request for <function checkauth.<locals>.ret at 0x7fed2b4ff1e0> with opts {'output': ['status'], 'filter': {'hostid': '10222'}}
INFO:root:[{'hostid': '10130', 'status': '0'}]
INFO:zabbix_api.ZabbixAPISubClass:20: Creating ZabbixAPISubClass
DEBUG:zabbix_api.ZabbixAPISubClass:Going to do_request for <function checkauth.<locals>.ret at 0x7fed2b4ff1e0> with opts {'output': ['key_', 'lastvalue'], 'filter': {'hostid': '10130'}}
INFO:root:[{'hostid': '10222', 'status': '0'}]
INFO:zabbix_api.ZabbixAPISubClass:20: Creating ZabbixAPISubClass
DEBUG:zabbix_api.ZabbixAPISubClass:Going to do_request for <function checkauth.<locals>.ret at 0x7fed2b4ff1e0> with opts {'output': ['key_', 'lastvalue'], 'filter': {'hostid': '10222'}}
INFO:root:None
INFO:zabbix_api.ZabbixAPISubClass:20: Creating ZabbixAPISubClass
INFO:root:10131::DotriverLXDE_PROD
DEBUG:zabbix_api.ZabbixAPISubClass:Going to do_request for <function checkauth.<locals>.ret at 0x7fed2b4ff1e0> with opts {'output': ['hostid', 'name', 'ip'], 'selectInterfaces': ['ip'], 'filter': {'ip': '10.1.1.88'}}
INFO:zabbix_api.ZabbixAPISubClass:20: Creating ZabbixAPISubClass
DEBUG:zabbix_api.ZabbixAPISubClass:Going to do_request for <function checkauth.<locals>.ret at 0x7fed2b4ff1e0> with opts {'output': ['status'], 'filter': {'hostid': '10131'}}
INFO:root:[{'hostid': '10131', 'status': '0'}]
INFO:zabbix_api.ZabbixAPISubClass:20: Creating ZabbixAPISubClass
DEBUG:zabbix_api.ZabbixAPISubClass:Going to do_request for <function checkauth.<locals>.ret at 0x7fed2b4ff1e0> with opts {'output': ['key_', 'lastvalue'], 'filter': {'hostid': '10131'}}
INFO:root:10230::EDU2go_PROD
INFO:zabbix_api.ZabbixAPISubClass:20: Creating ZabbixAPISubClass
DEBUG:zabbix_api.ZabbixAPISubClass:Going to do_request for <function checkauth.<locals>.ret at 0x7fed2b4ff1e0> with opts {'output': ['status'], 'filter': {'hostid': '10230'}}
INFO:root:[{'hostid': '10230', 'status': '0'}]
INFO:zabbix_api.ZabbixAPISubClass:20: Creating ZabbixAPISubClass
DEBUG:zabbix_api.ZabbixAPISubClass:Going to do_request for <function checkauth.<locals>.ret at 0x7fed2b4ff1e0> with opts {'output': ['key_', 'lastvalue'], 'filter': {'hostid': '10230'}}
ERROR:root:Expecting value: line 1 column 1 (char 0)
ERROR:root:Expecting value: line 1 column 1 (char 0)
ERROR:root:Expecting value: line 1 column 1 (char 0)
ERROR:root:Expecting value: line 1 column 1 (char 0)
ERROR:root:Expecting value: line 1 column 1 (char 0)
ERROR:root:Expecting value: line 1 column 1 (char 0)
ERROR:root:Expecting value: line 1 column 1 (char 0)
ERROR:root:Expecting value: line 1 column 1 (char 0)
ERROR:root:Expecting value: line 1 column 1 (char 0)
ERROR:root:Expecting value: line 1 column 1 (char 0)
ERROR:root:Expecting value: line 1 column 1 (char 0)
INFO:root:process EL_1532359274.91CU5YS
DEBUG:paramiko.transport:starting thread (client mode): 0x100eeb38
DEBUG:paramiko.transport:Local version/idstring: SSH-2.0-paramiko_2.4.2
DEBUG:paramiko.transport:Remote version/idstring: SSH-2.0-OpenSSH_7.4p1 Debian-10+deb9u3
INFO:paramiko.transport:Connected (version 2.0, client OpenSSH_7.4p1)
DEBUG:paramiko.transport:kex algos:['curve25519-sha256', 'curve25519-sha256@libssh.org', 'ecdh-sha2-nistp256', 'ecdh-sha2-nistp384', 'ecdh-sha2-nistp521', 'diffie-hellman-group-exchange-sha256', 'diffie-hellman-group16-sha512', 'diffie-hellman-group18-sha512', 'diffie-hellman-group14-sha256', 'diffie-hellman-group14-sha1'] server key:['ssh-rsa', 'rsa-sha2-512', 'rsa-sha2-256', 'ecdsa-sha2-nistp256', 'ssh-ed25519'] client encrypt:['chacha20-poly1305@openssh.com', 'aes128-ctr', 'aes192-ctr', 'aes256-ctr', 'aes128-gcm@openssh.com', 'aes256-gcm@openssh.com'] server encrypt:['chacha20-poly1305@openssh.com', 'aes128-ctr', 'aes192-ctr', 'aes256-ctr', 'aes128-gcm@openssh.com', 'aes256-gcm@openssh.com'] client mac:['umac-64-etm@openssh.com', 'umac-128-etm@openssh.com', 'hmac-sha2-256-etm@openssh.com', 'hmac-sha2-512-etm@openssh.com', 'hmac-sha1-etm@openssh.com', 'umac-64@openssh.com', 'umac-128@openssh.com', 'hmac-sha2-256', 'hmac-sha2-512', 'hmac-sha1'] server mac:['umac-64-etm@openssh.com', 'umac-128-etm@openssh.com', 'hmac-sha2-256-etm@openssh.com', 'hmac-sha2-512-etm@openssh.com', 'hmac-sha1-etm@openssh.com', 'umac-64@openssh.com', 'umac-128@openssh.com', 'hmac-sha2-256', 'hmac-sha2-512', 'hmac-sha1'] client compress:['none', 'zlib@openssh.com'] server compress:['none', 'zlib@openssh.com'] client lang:[''] server lang:[''] kex follows?False
DEBUG:paramiko.transport:Kex agreed: ecdh-sha2-nistp256
DEBUG:paramiko.transport:HostKey agreed: ssh-ed25519
DEBUG:paramiko.transport:Cipher agreed: aes128-ctr
DEBUG:paramiko.transport:MAC agreed: hmac-sha2-256
DEBUG:paramiko.transport:Compression agreed: none
DEBUG:paramiko.transport:kex engine KexNistp256 specified hash_algo <built-in function openssl_sha256>
DEBUG:paramiko.transport:Switch to new keys ...
DEBUG:paramiko.transport:Attempting password auth...
DEBUG:paramiko.transport:userauth is OK
INFO:paramiko.transport:Authentication (password) successful!
DEBUG:urllib3.connectionpool:Starting new HTTPS connection (1): localhost:36833
DEBUG:paramiko.transport:[chan 0] Max packet in: 32768 bytes
DEBUG:paramiko.transport:Received global request "hostkeys-00@openssh.com"
DEBUG:paramiko.transport:Rejecting "hostkeys-00@openssh.com" global request from server.
DEBUG:paramiko.transport:[chan 0] Max packet out: 32768 bytes
DEBUG:paramiko.transport:Secsh channel 0 opened.
DEBUG:urllib3.connectionpool:https://localhost:36833 "POST /api2/json/access/ticket HTTP/1.1" 200 651
INFO:root:PVE API ACCES OK
INFO:proxmoxer.core:GET https://localhost:36833/api2/json/nodes
DEBUG:paramiko.transport:[chan 0] EOF sent (0)
DEBUG:urllib3.connectionpool:Starting new HTTPS connection (1): localhost:36833
DEBUG:paramiko.transport:[chan 1] Max packet in: 32768 bytes
DEBUG:paramiko.transport:[chan 0] EOF received (0)
DEBUG:paramiko.transport:[chan 1] Max packet out: 32768 bytes
DEBUG:paramiko.transport:Secsh channel 1 opened.
DEBUG:urllib3.connectionpool:https://localhost:36833 "GET /api2/json/nodes HTTP/1.1" 200 352
DEBUG:proxmoxer.core:Status code: 200, output: b'{"data":[{"maxdisk":165100326912,"maxcpu":24,"node":"ASPAS-NodeA","ssl_fingerprint":"C7:97:48:08:44:30:F8:B0:47:5B:1C:AC:F7:42:66:6C:80:50:E1:07:C5:1C:C2:1C:03:4E:8B:90:AE:06:F8:D1","id":"node/ASPAS-NodeA","maxmem":67516858368,"type":"node","mem":24780578816,"disk":62465658880,"level":"","cpu":0.0354869703588943,"uptime":28392595,"status":"online"}]}'
DEBUG:paramiko.transport:starting thread (client mode): 0xec464470
DEBUG:paramiko.transport:Local version/idstring: SSH-2.0-paramiko_2.4.2
DEBUG:paramiko.transport:Remote version/idstring: SSH-2.0-OpenSSH_7.4p1 Debian-10+deb9u3
INFO:paramiko.transport:Connected (version 2.0, client OpenSSH_7.4p1)
DEBUG:paramiko.transport:kex algos:['curve25519-sha256', 'curve25519-sha256@libssh.org', 'ecdh-sha2-nistp256', 'ecdh-sha2-nistp384', 'ecdh-sha2-nistp521', 'diffie-hellman-group-exchange-sha256', 'diffie-hellman-group16-sha512', 'diffie-hellman-group18-sha512', 'diffie-hellman-group14-sha256', 'diffie-hellman-group14-sha1'] server key:['ssh-rsa', 'rsa-sha2-512', 'rsa-sha2-256', 'ecdsa-sha2-nistp256', 'ssh-ed25519'] client encrypt:['chacha20-poly1305@openssh.com', 'aes128-ctr', 'aes192-ctr', 'aes256-ctr', 'aes128-gcm@openssh.com', 'aes256-gcm@openssh.com'] server encrypt:['chacha20-poly1305@openssh.com', 'aes128-ctr', 'aes192-ctr', 'aes256-ctr', 'aes128-gcm@openssh.com', 'aes256-gcm@openssh.com'] client mac:['umac-64-etm@openssh.com', 'umac-128-etm@openssh.com', 'hmac-sha2-256-etm@openssh.com', 'hmac-sha2-512-etm@openssh.com', 'hmac-sha1-etm@openssh.com', 'umac-64@openssh.com', 'umac-128@openssh.com', 'hmac-sha2-256', 'hmac-sha2-512', 'hmac-sha1'] server mac:['umac-64-etm@openssh.com', 'umac-128-etm@openssh.com', 'hmac-sha2-256-etm@openssh.com', 'hmac-sha2-512-etm@openssh.com', 'hmac-sha1-etm@openssh.com', 'umac-64@openssh.com', 'umac-128@openssh.com', 'hmac-sha2-256', 'hmac-sha2-512', 'hmac-sha1'] client compress:['none', 'zlib@openssh.com'] server compress:['none', 'zlib@openssh.com'] client lang:[''] server lang:[''] kex follows?False
DEBUG:paramiko.transport:Kex agreed: ecdh-sha2-nistp256
DEBUG:paramiko.transport:HostKey agreed: ssh-ed25519
DEBUG:paramiko.transport:Cipher agreed: aes128-ctr
DEBUG:paramiko.transport:MAC agreed: hmac-sha2-256
DEBUG:paramiko.transport:Compression agreed: none
DEBUG:paramiko.transport:kex engine KexNistp256 specified hash_algo <built-in function openssl_sha256>
DEBUG:paramiko.transport:Switch to new keys ...
DEBUG:paramiko.transport:Adding ssh-ed25519 host key for 30.20.0.100: b'b96d55f9ea70af48bd6c92f2a1cf5ee6'
DEBUG:paramiko.transport:Trying discovered key b'59fc2a643f6f374a66f3a3048bdece50' in /home/samir/.ssh/id_rsa
DEBUG:paramiko.transport:userauth is OK
INFO:paramiko.transport:Authentication (publickey) failed.
DEBUG:paramiko.transport:Trying discovered key b'45fbb737d7f9835389ebbaa1bd1e65e4' in /home/samir/.ssh/id_ecdsa
DEBUG:paramiko.transport:userauth is OK
INFO:paramiko.transport:Authentication (publickey) failed.
DEBUG:paramiko.transport:userauth is OK
INFO:paramiko.transport:Authentication (password) successful!
DEBUG:paramiko.transport:[chan 0] Max packet in: 32768 bytes
DEBUG:paramiko.transport:Received global request "hostkeys-00@openssh.com"
DEBUG:paramiko.transport:Rejecting "hostkeys-00@openssh.com" global request from server.
DEBUG:paramiko.transport:[chan 0] Max packet out: 32768 bytes
DEBUG:paramiko.transport:Secsh channel 0 opened.
DEBUG:paramiko.transport:[chan 0] Sesch channel 0 request ok
DEBUG:paramiko.transport:[chan 0] Sesch channel 0 request ok
INFO:root:10132::MutX9_PROD
INFO:zabbix_api.ZabbixAPISubClass:20: Creating ZabbixAPISubClass
DEBUG:zabbix_api.ZabbixAPISubClass:Going to do_request for <function checkauth.<locals>.ret at 0x7fed2b4ff1e0> with opts {'output': ['status'], 'filter': {'hostid': '10132'}}
INFO:root:[{'hostid': '10132', 'status': '0'}]
INFO:zabbix_api.ZabbixAPISubClass:20: Creating ZabbixAPISubClass
DEBUG:zabbix_api.ZabbixAPISubClass:Going to do_request for <function checkauth.<locals>.ret at 0x7fed2b4ff1e0> with opts {'output': ['key_', 'lastvalue'], 'filter': {'hostid': '10132'}}
INFO:root:None
INFO:zabbix_api.ZabbixAPISubClass:20: Creating ZabbixAPISubClass
DEBUG:zabbix_api.ZabbixAPISubClass:Going to do_request for <function checkauth.<locals>.ret at 0x7fed2b4ff1e0> with opts {'output': ['hostid', 'name', 'ip'], 'selectInterfaces': ['ip'], 'filter': {'ip': '30.20.0.10'}}
INFO:root:None
INFO:zabbix_api.ZabbixAPISubClass:20: Creating ZabbixAPISubClass
DEBUG:zabbix_api.ZabbixAPISubClass:Going to do_request for <function checkauth.<locals>.ret at 0x7fed2b4ff1e0> with opts {'output': ['hostid', 'name', 'ip'], 'selectInterfaces': ['ip'], 'filter': {'ip': '10.1.1.254'}}
INFO:root:None
INFO:zabbix_api.ZabbixAPISubClass:20: Creating ZabbixAPISubClass
DEBUG:zabbix_api.ZabbixAPISubClass:Going to do_request for <function checkauth.<locals>.ret at 0x7fed2b4ff1e0> with opts {'output': ['hostid', 'name', 'ip'], 'selectInterfaces': ['ip'], 'filter': {'ip': '10.1.1.153'}}
DEBUG:paramiko.transport:[chan 1] EOF received (1)
DEBUG:paramiko.transport:[chan 1] EOF sent (1)
DEBUG:paramiko.transport:[chan 0] EOF received (0)
INFO:proxmoxer.core:GET https://localhost:36833/api2/json/nodes/ASPAS-NodeA/qemu
DEBUG:urllib3.connectionpool:Resetting dropped connection: localhost
DEBUG:paramiko.transport:[chan 2] Max packet in: 32768 bytes
DEBUG:paramiko.transport:[chan 2] Max packet out: 32768 bytes
DEBUG:paramiko.transport:Secsh channel 2 opened.
DEBUG:urllib3.connectionpool:https://localhost:36833 "GET /api2/json/nodes/ASPAS-NodeA/qemu HTTP/1.1" 200 619
DEBUG:proxmoxer.core:Status code: 200, output: b'{"data":[{"maxmem":1073741824,"cpus":2,"mem":499383511,"template":"","cpu":0.0268406868391509,"disk":0,"maxdisk":10737418240,"name":"pfSense","diskwrite":0,"netin":323659138575,"uptime":28392583,"status":"running","pid":"2094","vmid":101,"diskread":0,"netout":237774147199},{"name":"LDAP","maxdisk":16106127360,"disk":0,"template":"","cpu":0,"mem":718036147,"maxmem":1073741824,"cpus":1,"netout":12066429227,"diskread":0,"vmid":102,"pid":"400","diskwrite":0,"status":"running","netin":10630290966,"uptime":27236250},{"maxdisk":10737418240,"disk":0,"shares":1000,"name":"MySQLHD","mem":1444342128,"cpus":4,"maxmem":2147483648,"template":"","cpu":0,"balloon_min":536870912,"diskread":0,"netout":6504414717344,"diskwrite":0,"status":"running","netin":295283517269,"uptime":25487357,"vmid":105,"pid":"18532"},{"template":"","cpu":0.053567529214319,"maxmem":4294967296,"cpus":8,"mem":3528743820,"name":"CiviCRM","shares":1000,"disk":0,"maxdisk":34359738368,"pid":"32260","vmid":103,"diskwrite":0,"uptime":21242367,"netin":1500840491719,"status":"running","netout":163742534126,"diskread":0,"balloon_min":2147483648},{"vmid":106,"pid":"15694","diskwrite":0,"status":"running","netin":66986385242,"uptime":27146277,"netout":84342281278,"diskread":0,"template":"","cpu":0,"mem":1482154288,"cpus":2,"maxmem":2147483648,"name":"AspasZabbixProxy","maxdisk":16106127360,"disk":0},{"diskread":0,"balloon_min":2147483648,"netout":100577720,"diskwrite":0,"netin":108473146,"status":"running","uptime":2172660,"vmid":107,"pid":"4149","maxdisk":34359738368,"disk":0,"shares":1000,"name":"CiviCRMtest","mem":2105828826,"cpus":8,"maxmem":4294967296,"template":"","cpu":0.00481197933471471}]}'
INFO:root:DISCOVER :: pfSense
INFO:proxmoxer.core:GET https://localhost:36833/api2/json/nodes/ASPAS-NodeA/qemu/101/config
DEBUG:urllib3.connectionpool:https://localhost:36833 "GET /api2/json/nodes/ASPAS-NodeA/qemu/101/config HTTP/1.1" 200 457
DEBUG:proxmoxer.core:Status code: 200, output: b'{"data":{"net1":"e1000=1E:2E:AB:EC:CA:6E,bridge=vmbr1","scsi0":"local:101/vm-101-disk-1.qcow2,size=10G","cores":2,"onboot":1,"numa":0,"digest":"57e712a6c7afc645a88ed6bf933924069ba7976b","net0":"e1000=36:62:09:B3:A5:7F,bridge=vmbr0","name":"pfSense","ostype":"l26","memory":1024,"ide2":"local:iso/pfSense-CE-2.4.3-RELEASE-amd64.iso,media=cdrom","smbios1":"uuid=898aef46-798a-467b-b3ce-a436507b3cbf","bootdisk":"scsi0","sockets":1,"scsihw":"virtio-scsi-pci"}}'
INFO:proxmoxer.core:GET https://localhost:36833/api2/json/nodes/ASPAS-NodeA/qemu/101/config
DEBUG:urllib3.connectionpool:https://localhost:36833 "GET /api2/json/nodes/ASPAS-NodeA/qemu/101/config HTTP/1.1" 200 457
DEBUG:proxmoxer.core:Status code: 200, output: b'{"data":{"bootdisk":"scsi0","ide2":"local:iso/pfSense-CE-2.4.3-RELEASE-amd64.iso,media=cdrom","smbios1":"uuid=898aef46-798a-467b-b3ce-a436507b3cbf","memory":1024,"ostype":"l26","scsihw":"virtio-scsi-pci","sockets":1,"net1":"e1000=1E:2E:AB:EC:CA:6E,bridge=vmbr1","cores":2,"scsi0":"local:101/vm-101-disk-1.qcow2,size=10G","net0":"e1000=36:62:09:B3:A5:7F,bridge=vmbr0","digest":"57e712a6c7afc645a88ed6bf933924069ba7976b","numa":0,"name":"pfSense","onboot":1}}'
ERROR:root:'1E:2E:AB:EC:CA:6E'
INFO:proxmoxer.core:GET https://localhost:36833/api2/json/nodes/ASPAS-NodeA/qemu/101/config
DEBUG:urllib3.connectionpool:https://localhost:36833 "GET /api2/json/nodes/ASPAS-NodeA/qemu/101/config HTTP/1.1" 200 457
DEBUG:proxmoxer.core:Status code: 200, output: b'{"data":{"ostype":"l26","memory":1024,"smbios1":"uuid=898aef46-798a-467b-b3ce-a436507b3cbf","ide2":"local:iso/pfSense-CE-2.4.3-RELEASE-amd64.iso,media=cdrom","bootdisk":"scsi0","sockets":1,"scsihw":"virtio-scsi-pci","scsi0":"local:101/vm-101-disk-1.qcow2,size=10G","cores":2,"net1":"e1000=1E:2E:AB:EC:CA:6E,bridge=vmbr1","onboot":1,"name":"pfSense","numa":0,"digest":"57e712a6c7afc645a88ed6bf933924069ba7976b","net0":"e1000=36:62:09:B3:A5:7F,bridge=vmbr0"}}'
INFO:root:DISCOVER :: LDAP
INFO:proxmoxer.core:GET https://localhost:36833/api2/json/nodes/ASPAS-NodeA/qemu/102/config
DEBUG:urllib3.connectionpool:https://localhost:36833 "GET /api2/json/nodes/ASPAS-NodeA/qemu/102/config HTTP/1.1" 200 375
DEBUG:proxmoxer.core:Status code: 200, output: b'{"data":{"scsihw":"virtio-scsi-pci","sockets":1,"smbios1":"uuid=a24333e9-405a-4e29-b770-5904b4a3064c","bootdisk":"scsi0","ide2":"none,media=cdrom","memory":1024,"ostype":"l26","numa":0,"net0":"e1000=66:66:A5:67:DC:69,bridge=vmbr0","digest":"c066b10ba56e67983d1256d4ba6b619a15483655","name":"LDAP","parent":"snap11","scsi0":"local:102/vm-102-disk-1.qcow2,size=15G","cores":1}}'
INFO:proxmoxer.core:GET https://localhost:36833/api2/json/nodes/ASPAS-NodeA/qemu/102/config
DEBUG:urllib3.connectionpool:https://localhost:36833 "GET /api2/json/nodes/ASPAS-NodeA/qemu/102/config HTTP/1.1" 200 375
DEBUG:proxmoxer.core:Status code: 200, output: b'{"data":{"cores":1,"scsi0":"local:102/vm-102-disk-1.qcow2,size=15G","parent":"snap11","name":"LDAP","digest":"c066b10ba56e67983d1256d4ba6b619a15483655","net0":"e1000=66:66:A5:67:DC:69,bridge=vmbr0","numa":0,"ostype":"l26","memory":1024,"smbios1":"uuid=a24333e9-405a-4e29-b770-5904b4a3064c","bootdisk":"scsi0","ide2":"none,media=cdrom","sockets":1,"scsihw":"virtio-scsi-pci"}}'
INFO:root:DISCOVER :: MySQLHD
INFO:proxmoxer.core:GET https://localhost:36833/api2/json/nodes/ASPAS-NodeA/qemu/105/config
DEBUG:urllib3.connectionpool:https://localhost:36833 "GET /api2/json/nodes/ASPAS-NodeA/qemu/105/config HTTP/1.1" 200 410
DEBUG:proxmoxer.core:Status code: 200, output: b'{"data":{"digest":"f629be46fae054bb9c5006cf59a4e738be5dc2c7","net0":"e1000=8A:AE:9F:57:2E:46,bridge=vmbr0","numa":0,"name":"MySQLHD","balloon":512,"cores":2,"scsi0":"local:105/vm-105-disk-1.qcow2,size=10G","sockets":2,"scsihw":"virtio-scsi-pci","ostype":"l26","memory":2048,"smbios1":"uuid=d18f8c73-3738-48c2-bdad-3839200fccd2","ide2":"local:iso/debian-9.5.0-amd64-netinst.iso,media=cdrom","bootdisk":"scsi0"}}'
INFO:proxmoxer.core:GET https://localhost:36833/api2/json/nodes/ASPAS-NodeA/qemu/105/config
DEBUG:urllib3.connectionpool:https://localhost:36833 "GET /api2/json/nodes/ASPAS-NodeA/qemu/105/config HTTP/1.1" 200 410
DEBUG:proxmoxer.core:Status code: 200, output: b'{"data":{"scsi0":"local:105/vm-105-disk-1.qcow2,size=10G","cores":2,"balloon":512,"name":"MySQLHD","numa":0,"net0":"e1000=8A:AE:9F:57:2E:46,bridge=vmbr0","digest":"f629be46fae054bb9c5006cf59a4e738be5dc2c7","ide2":"local:iso/debian-9.5.0-amd64-netinst.iso,media=cdrom","smbios1":"uuid=d18f8c73-3738-48c2-bdad-3839200fccd2","bootdisk":"scsi0","memory":2048,"ostype":"l26","scsihw":"virtio-scsi-pci","sockets":2}}'
INFO:root:DISCOVER :: CiviCRM
INFO:proxmoxer.core:GET https://localhost:36833/api2/json/nodes/ASPAS-NodeA/qemu/103/config
DEBUG:urllib3.connectionpool:https://localhost:36833 "GET /api2/json/nodes/ASPAS-NodeA/qemu/103/config HTTP/1.1" 200 392
DEBUG:proxmoxer.core:Status code: 200, output: b'{"data":{"name":"CiviCRM","numa":0,"net0":"e1000=9A:11:3B:DA:0B:CB,bridge=vmbr0","digest":"b9abcbedd19d2680f2f217c26561850fbcd83685","onboot":1,"scsi0":"storage-ext:103/vm-103-disk-1.qcow2,size=32G","cores":2,"balloon":2048,"scsihw":"virtio-scsi-pci","sockets":4,"smbios1":"uuid=d2f5a6dc-0bfe-49d0-a3ab-bf31cea5f91c","bootdisk":"scsi0","ide2":"none,media=cdrom","memory":4096,"ostype":"l26"}}'
INFO:proxmoxer.core:GET https://localhost:36833/api2/json/nodes/ASPAS-NodeA/qemu/103/config
DEBUG:urllib3.connectionpool:https://localhost:36833 "GET /api2/json/nodes/ASPAS-NodeA/qemu/103/config HTTP/1.1" 200 392
DEBUG:proxmoxer.core:Status code: 200, output: b'{"data":{"scsihw":"virtio-scsi-pci","sockets":4,"ide2":"none,media=cdrom","smbios1":"uuid=d2f5a6dc-0bfe-49d0-a3ab-bf31cea5f91c","bootdisk":"scsi0","ostype":"l26","memory":4096,"name":"CiviCRM","digest":"b9abcbedd19d2680f2f217c26561850fbcd83685","net0":"e1000=9A:11:3B:DA:0B:CB,bridge=vmbr0","numa":0,"onboot":1,"cores":2,"scsi0":"storage-ext:103/vm-103-disk-1.qcow2,size=32G","balloon":2048}}'
INFO:root:DISCOVER :: AspasZabbixProxy
INFO:proxmoxer.core:GET https://localhost:36833/api2/json/nodes/ASPAS-NodeA/qemu/106/config
DEBUG:urllib3.connectionpool:https://localhost:36833 "GET /api2/json/nodes/ASPAS-NodeA/qemu/106/config HTTP/1.1" 200 385
DEBUG:proxmoxer.core:Status code: 200, output: b'{"data":{"scsihw":"virtio-scsi-pci","sockets":2,"bootdisk":"scsi0","ide2":"none,media=cdrom","smbios1":"uuid=d5292895-2f88-4389-a867-21923cf39759","ostype":"l26","memory":2048,"name":"AspasZabbixProxy","numa":0,"net0":"e1000=52:DB:C4:96:A4:0F,bridge=vmbr0","digest":"f37fc0dde484d42bff3b16477f44faaf8d436441","scsi0":"local:106/vm-106-disk-1.qcow2,size=15G","cores":1,"keyboard":"fr"}}'
INFO:proxmoxer.core:GET https://localhost:36833/api2/json/nodes/ASPAS-NodeA/qemu/106/config
DEBUG:urllib3.connectionpool:https://localhost:36833 "GET /api2/json/nodes/ASPAS-NodeA/qemu/106/config HTTP/1.1" 200 385
DEBUG:proxmoxer.core:Status code: 200, output: b'{"data":{"ostype":"l26","memory":2048,"smbios1":"uuid=d5292895-2f88-4389-a867-21923cf39759","bootdisk":"scsi0","ide2":"none,media=cdrom","sockets":2,"scsihw":"virtio-scsi-pci","keyboard":"fr","scsi0":"local:106/vm-106-disk-1.qcow2,size=15G","cores":1,"numa":0,"net0":"e1000=52:DB:C4:96:A4:0F,bridge=vmbr0","digest":"f37fc0dde484d42bff3b16477f44faaf8d436441","name":"AspasZabbixProxy"}}'
INFO:root:DISCOVER :: CiviCRMtest
INFO:proxmoxer.core:GET https://localhost:36833/api2/json/nodes/ASPAS-NodeA/qemu/107/config
DEBUG:urllib3.connectionpool:https://localhost:36833 "GET /api2/json/nodes/ASPAS-NodeA/qemu/107/config HTTP/1.1" 200 407
DEBUG:proxmoxer.core:Status code: 200, output: b'{"data":{"name":"CiviCRMtest","digest":"86dbc61851f05f97b78223a008de02386aa3bf07","net0":"e1000=72:C1:53:78:DC:A3,bridge=vmbr0","numa":0,"onboot":1,"parent":"snap7","cores":2,"scsi0":"local:107/vm-107-disk-1.qcow2,size=32G","balloon":2048,"scsihw":"virtio-scsi-pci","sockets":4,"ide2":"none,media=cdrom","smbios1":"uuid=d2f5a6dc-0bfe-49d0-a3ab-bf31cea5f91c","bootdisk":"scsi0","ostype":"l26","memory":4096}}'
INFO:proxmoxer.core:GET https://localhost:36833/api2/json/nodes/ASPAS-NodeA/qemu/107/config
DEBUG:urllib3.connectionpool:https://localhost:36833 "GET /api2/json/nodes/ASPAS-NodeA/qemu/107/config HTTP/1.1" 200 407
DEBUG:proxmoxer.core:Status code: 200, output: b'{"data":{"ostype":"l26","memory":4096,"ide2":"none,media=cdrom","bootdisk":"scsi0","smbios1":"uuid=d2f5a6dc-0bfe-49d0-a3ab-bf31cea5f91c","sockets":4,"scsihw":"virtio-scsi-pci","balloon":2048,"scsi0":"local:107/vm-107-disk-1.qcow2,size=32G","cores":2,"parent":"snap7","onboot":1,"numa":0,"net0":"e1000=72:C1:53:78:DC:A3,bridge=vmbr0","digest":"86dbc61851f05f97b78223a008de02386aa3bf07","name":"CiviCRMtest"}}'
INFO:proxmoxer.core:GET https://localhost:36833/api2/json/nodes/ASPAS-NodeA/lxc
DEBUG:urllib3.connectionpool:https://localhost:36833 "GET /api2/json/nodes/ASPAS-NodeA/lxc HTTP/1.1" 200 667
DEBUG:proxmoxer.core:Status code: 200, output: b'{"data":[{"disk":"1216016384","maxdisk":"8388009984","name":"ProjectWP","swap":397496320,"maxmem":2147483648,"maxswap":536870912,"cpus":1,"mem":1500372992,"cpu":0,"template":"","type":"lxc","diskread":128909312,"netout":4140465135,"uptime":23953440,"netin":4996859353,"status":"running","diskwrite":287461376,"pid":"5012","lock":"","vmid":"110"},{"netout":160331475,"diskread":119881728,"pid":"5780","lock":"","vmid":"104","netin":150388771,"uptime":43346,"status":"running","diskwrite":389120,"name":"Reverse","swap":4096,"disk":"921313280","maxdisk":"8388009984","cpu":0,"type":"lxc","template":"","cpus":1,"maxmem":2684354560,"maxswap":1073741824,"mem":69988352}]}'
INFO:proxmoxer.core:GET https://localhost:36833/api2/json/nodes/ASPAS-NodeA/lxc/110/config
DEBUG:urllib3.connectionpool:https://localhost:36833 "GET /api2/json/nodes/ASPAS-NodeA/lxc/110/config HTTP/1.1" 200 311
DEBUG:proxmoxer.core:Status code: 200, output: b'{"data":{"onboot":1,"arch":"amd64","hostname":"ProjectWP","rootfs":"local:110/vm-110-disk-1.raw,size=8G","net0":"name=eth0,bridge=vmbr0,gw=30.20.0.101,hwaddr=72:C2:40:CA:51:EC,ip=30.20.0.110/24,type=veth","digest":"bfe53ca2bc66c0619f3e2eeae41659a92e22ff53","swap":512,"ostype":"debian","memory":2048,"cores":1}}'
INFO:proxmoxer.core:GET https://localhost:36833/api2/json/nodes/ASPAS-NodeA/lxc/110/config
DEBUG:urllib3.connectionpool:https://localhost:36833 "GET /api2/json/nodes/ASPAS-NodeA/lxc/110/config HTTP/1.1" 200 311
DEBUG:proxmoxer.core:Status code: 200, output: b'{"data":{"cores":1,"memory":2048,"ostype":"debian","swap":512,"net0":"name=eth0,bridge=vmbr0,gw=30.20.0.101,hwaddr=72:C2:40:CA:51:EC,ip=30.20.0.110/24,type=veth","digest":"bfe53ca2bc66c0619f3e2eeae41659a92e22ff53","rootfs":"local:110/vm-110-disk-1.raw,size=8G","hostname":"ProjectWP","arch":"amd64","onboot":1}}'
INFO:proxmoxer.core:GET https://localhost:36833/api2/json/nodes/ASPAS-NodeA/lxc/104/config
DEBUG:urllib3.connectionpool:https://localhost:36833 "GET /api2/json/nodes/ASPAS-NodeA/lxc/104/config HTTP/1.1" 200 310
DEBUG:proxmoxer.core:Status code: 200, output: b'{"data":{"cores":1,"swap":1024,"ostype":"debian","memory":2560,"rootfs":"local:104/vm-104-disk-1.raw,size=8G","digest":"e9c6b4b151eea6edb71d3d9845061a199cf772b7","net0":"name=eth0,bridge=vmbr0,gw=30.20.0.101,hwaddr=82:B7:23:59:0D:47,ip=30.20.0.104/24,type=veth","onboot":1,"arch":"amd64","hostname":"Reverse"}}'
INFO:proxmoxer.core:GET https://localhost:36833/api2/json/nodes/ASPAS-NodeA/lxc/104/config
DEBUG:urllib3.connectionpool:https://localhost:36833 "GET /api2/json/nodes/ASPAS-NodeA/lxc/104/config HTTP/1.1" 200 310
DEBUG:proxmoxer.core:Status code: 200, output: b'{"data":{"rootfs":"local:104/vm-104-disk-1.raw,size=8G","digest":"e9c6b4b151eea6edb71d3d9845061a199cf772b7","net0":"name=eth0,bridge=vmbr0,gw=30.20.0.101,hwaddr=82:B7:23:59:0D:47,ip=30.20.0.104/24,type=veth","onboot":1,"arch":"amd64","hostname":"Reverse","cores":1,"swap":1024,"memory":2560,"ostype":"debian"}}'
INFO:proxmoxer.core:GET https://localhost:36833/api2/json/nodes/ASPAS-NodeA/openvz
DEBUG:urllib3.connectionpool:https://localhost:36833 "GET /api2/json/nodes/ASPAS-NodeA/openvz HTTP/1.1" 501 13
DEBUG:proxmoxer.core:Status code: 501, output: b'{"data":null}'
ERROR:root:501 Not Implemented: b'{"data":null}'
DEBUG:paramiko.transport:[chan 2] EOF sent (2)
DEBUG:paramiko.transport:[chan 2] EOF received (2)
DEBUG:paramiko.transport:EOF in transport thread
INFO:root:10176::ASPAS-NodeA
INFO:zabbix_api.ZabbixAPISubClass:20: Creating ZabbixAPISubClass
DEBUG:zabbix_api.ZabbixAPISubClass:Going to do_request for <function checkauth.<locals>.ret at 0x7fed2b4ff1e0> with opts {'output': ['status'], 'filter': {'hostid': '10176'}}
INFO:root:[{'hostid': '10176', 'status': '0'}]
INFO:zabbix_api.ZabbixAPISubClass:20: Creating ZabbixAPISubClass
DEBUG:zabbix_api.ZabbixAPISubClass:Going to do_request for <function checkauth.<locals>.ret at 0x7fed2b4ff1e0> with opts {'output': ['key_', 'lastvalue'], 'filter': {'hostid': '10176'}}
INFO:root:10198::PFsense_ASPAS
INFO:zabbix_api.ZabbixAPISubClass:20: Creating ZabbixAPISubClass
DEBUG:zabbix_api.ZabbixAPISubClass:Going to do_request for <function checkauth.<locals>.ret at 0x7fed2b4ff1e0> with opts {'output': ['status'], 'filter': {'hostid': '10198'}}
INFO:root:[{'hostid': '10198', 'status': '0'}]
INFO:zabbix_api.ZabbixAPISubClass:20: Creating ZabbixAPISubClass
DEBUG:zabbix_api.ZabbixAPISubClass:Going to do_request for <function checkauth.<locals>.ret at 0x7fed2b4ff1e0> with opts {'output': ['key_', 'lastvalue'], 'filter': {'hostid': '10198'}}
INFO:root:None
INFO:zabbix_api.ZabbixAPISubClass:20: Creating ZabbixAPISubClass
DEBUG:zabbix_api.ZabbixAPISubClass:Going to do_request for <function checkauth.<locals>.ret at 0x7fed2b4ff1e0> with opts {'output': ['hostid', 'name', 'ip'], 'selectInterfaces': ['ip'], 'filter': {'ip': '30.20.0.106'}}
INFO:root:10120::MySQLHD_ASPAS
INFO:zabbix_api.ZabbixAPISubClass:20: Creating ZabbixAPISubClass
DEBUG:zabbix_api.ZabbixAPISubClass:Going to do_request for <function checkauth.<locals>.ret at 0x7fed2b4ff1e0> with opts {'output': ['status'], 'filter': {'hostid': '10120'}}
INFO:root:[{'hostid': '10120', 'status': '0'}]
INFO:zabbix_api.ZabbixAPISubClass:20: Creating ZabbixAPISubClass
DEBUG:zabbix_api.ZabbixAPISubClass:Going to do_request for <function checkauth.<locals>.ret at 0x7fed2b4ff1e0> with opts {'output': ['key_', 'lastvalue'], 'filter': {'hostid': '10120'}}
INFO:root:10118::Reverse_ASPAS
INFO:zabbix_api.ZabbixAPISubClass:20: Creating ZabbixAPISubClass
DEBUG:zabbix_api.ZabbixAPISubClass:Going to do_request for <function checkauth.<locals>.ret at 0x7fed2b4ff1e0> with opts {'output': ['status'], 'filter': {'hostid': '10118'}}
INFO:root:[{'hostid': '10118', 'status': '0'}]
INFO:zabbix_api.ZabbixAPISubClass:20: Creating ZabbixAPISubClass
DEBUG:zabbix_api.ZabbixAPISubClass:Going to do_request for <function checkauth.<locals>.ret at 0x7fed2b4ff1e0> with opts {'output': ['key_', 'lastvalue'], 'filter': {'hostid': '10118'}}
INFO:root:10116::LDAP_ASPAS
INFO:zabbix_api.ZabbixAPISubClass:20: Creating ZabbixAPISubClass
DEBUG:zabbix_api.ZabbixAPISubClass:Going to do_request for <function checkauth.<locals>.ret at 0x7fed2b4ff1e0> with opts {'output': ['status'], 'filter': {'hostid': '10116'}}
INFO:root:[{'hostid': '10116', 'status': '0'}]
INFO:zabbix_api.ZabbixAPISubClass:20: Creating ZabbixAPISubClass
DEBUG:zabbix_api.ZabbixAPISubClass:Going to do_request for <function checkauth.<locals>.ret at 0x7fed2b4ff1e0> with opts {'output': ['key_', 'lastvalue'], 'filter': {'hostid': '10116'}}
INFO:root:10119::ProjectWP_ASPAS
INFO:zabbix_api.ZabbixAPISubClass:20: Creating ZabbixAPISubClass
DEBUG:zabbix_api.ZabbixAPISubClass:Going to do_request for <function checkauth.<locals>.ret at 0x7fed2b4ff1e0> with opts {'output': ['status'], 'filter': {'hostid': '10119'}}
INFO:root:[{'hostid': '10119', 'status': '0'}]
INFO:zabbix_api.ZabbixAPISubClass:20: Creating ZabbixAPISubClass
DEBUG:zabbix_api.ZabbixAPISubClass:Going to do_request for <function checkauth.<locals>.ret at 0x7fed2b4ff1e0> with opts {'output': ['key_', 'lastvalue'], 'filter': {'hostid': '10119'}}
INFO:Core.Database:Register Table config as False
INFO:Core.Database:Register Table lang as False
INFO:Core.Database:Register Table schema as True
INFO:Core.Database:Register Table structure as True
INFO:Core.Database:Register Table users as True
INFO:Core.Database:Register Table server as True
INFO:Core.Database:Register Table base as True
INFO:Core.Database:Register Table secret as True
INFO:Core.Database:Register Table module as False
INFO:Core.Database:Register Table alert as False
ERROR:root:module 'Proxmox' has no attribute 'Monitor'
DEBUG:zabbix_api:Starting logging
Level 15:zabbix_api:Using native json library
INFO:zabbix_api.ZabbixAPI:20: Set logging level to 30
INFO:zabbix_api.ZabbixAPISubClass:20: Creating ZabbixAPISubClass
DEBUG:zabbix_api.ZabbixAPISubClass:Going to do_request for <function checkauth.<locals>.ret at 0x7f827b2ff1e0> with opts {'output': ['hostid', 'name', 'ip'], 'selectInterfaces': ['ip']}
ERROR:root:module 'Zabbix' has no attribute 'Discover'
INFO:root:process EL_1530624449.65NDO1U
INFO:root:process EL_1530624477.26SPA97
DEBUG:paramiko.transport:starting thread (client mode): 0x7b31fbe0
DEBUG:paramiko.transport:Local version/idstring: SSH-2.0-paramiko_2.4.2
DEBUG:paramiko.transport:starting thread (client mode): 0x7aad25f8
DEBUG:paramiko.transport:Local version/idstring: SSH-2.0-paramiko_2.4.2
DEBUG:paramiko.transport:Remote version/idstring: SSH-2.0-OpenSSH_7.4p1 Debian-10+deb9u2
INFO:paramiko.transport:Connected (version 2.0, client OpenSSH_7.4p1)
DEBUG:paramiko.transport:Remote version/idstring: SSH-2.0-OpenSSH_7.4p1 Debian-10+deb9u2
INFO:paramiko.transport:Connected (version 2.0, client OpenSSH_7.4p1)
DEBUG:paramiko.transport:kex algos:['curve25519-sha256', 'curve25519-sha256@libssh.org', 'ecdh-sha2-nistp256', 'ecdh-sha2-nistp384', 'ecdh-sha2-nistp521', 'diffie-hellman-group-exchange-sha256', 'diffie-hellman-group16-sha512', 'diffie-hellman-group18-sha512', 'diffie-hellman-group14-sha256', 'diffie-hellman-group14-sha1'] server key:['ssh-rsa', 'rsa-sha2-512', 'rsa-sha2-256', 'ecdsa-sha2-nistp256', 'ssh-ed25519'] client encrypt:['chacha20-poly1305@openssh.com', 'aes128-ctr', 'aes192-ctr', 'aes256-ctr', 'aes128-gcm@openssh.com', 'aes256-gcm@openssh.com'] server encrypt:['chacha20-poly1305@openssh.com', 'aes128-ctr', 'aes192-ctr', 'aes256-ctr', 'aes128-gcm@openssh.com', 'aes256-gcm@openssh.com'] client mac:['umac-64-etm@openssh.com', 'umac-128-etm@openssh.com', 'hmac-sha2-256-etm@openssh.com', 'hmac-sha2-512-etm@openssh.com', 'hmac-sha1-etm@openssh.com', 'umac-64@openssh.com', 'umac-128@openssh.com', 'hmac-sha2-256', 'hmac-sha2-512', 'hmac-sha1'] server mac:['umac-64-etm@openssh.com', 'umac-128-etm@openssh.com', 'hmac-sha2-256-etm@openssh.com', 'hmac-sha2-512-etm@openssh.com', 'hmac-sha1-etm@openssh.com', 'umac-64@openssh.com', 'umac-128@openssh.com', 'hmac-sha2-256', 'hmac-sha2-512', 'hmac-sha1'] client compress:['none', 'zlib@openssh.com'] server compress:['none', 'zlib@openssh.com'] client lang:[''] server lang:[''] kex follows?False
DEBUG:paramiko.transport:Kex agreed: ecdh-sha2-nistp256
DEBUG:paramiko.transport:HostKey agreed: ssh-ed25519
DEBUG:paramiko.transport:Cipher agreed: aes128-ctr
DEBUG:paramiko.transport:MAC agreed: hmac-sha2-256
DEBUG:paramiko.transport:Compression agreed: none
DEBUG:paramiko.transport:kex algos:['curve25519-sha256', 'curve25519-sha256@libssh.org', 'ecdh-sha2-nistp256', 'ecdh-sha2-nistp384', 'ecdh-sha2-nistp521', 'diffie-hellman-group-exchange-sha256', 'diffie-hellman-group16-sha512', 'diffie-hellman-group18-sha512', 'diffie-hellman-group14-sha256', 'diffie-hellman-group14-sha1'] server key:['ssh-rsa', 'rsa-sha2-512', 'rsa-sha2-256', 'ecdsa-sha2-nistp256', 'ssh-ed25519'] client encrypt:['chacha20-poly1305@openssh.com', 'aes128-ctr', 'aes192-ctr', 'aes256-ctr', 'aes128-gcm@openssh.com', 'aes256-gcm@openssh.com'] server encrypt:['chacha20-poly1305@openssh.com', 'aes128-ctr', 'aes192-ctr', 'aes256-ctr', 'aes128-gcm@openssh.com', 'aes256-gcm@openssh.com'] client mac:['umac-64-etm@openssh.com', 'umac-128-etm@openssh.com', 'hmac-sha2-256-etm@openssh.com', 'hmac-sha2-512-etm@openssh.com', 'hmac-sha1-etm@openssh.com', 'umac-64@openssh.com', 'umac-128@openssh.com', 'hmac-sha2-256', 'hmac-sha2-512', 'hmac-sha1'] server mac:['umac-64-etm@openssh.com', 'umac-128-etm@openssh.com', 'hmac-sha2-256-etm@openssh.com', 'hmac-sha2-512-etm@openssh.com', 'hmac-sha1-etm@openssh.com', 'umac-64@openssh.com', 'umac-128@openssh.com', 'hmac-sha2-256', 'hmac-sha2-512', 'hmac-sha1'] client compress:['none', 'zlib@openssh.com'] server compress:['none', 'zlib@openssh.com'] client lang:[''] server lang:[''] kex follows?False
DEBUG:paramiko.transport:Kex agreed: ecdh-sha2-nistp256
DEBUG:paramiko.transport:HostKey agreed: ssh-ed25519
DEBUG:paramiko.transport:Cipher agreed: aes128-ctr
DEBUG:paramiko.transport:MAC agreed: hmac-sha2-256
DEBUG:paramiko.transport:Compression agreed: none
DEBUG:paramiko.transport:kex engine KexNistp256 specified hash_algo <built-in function openssl_sha256>
DEBUG:paramiko.transport:Switch to new keys ...
DEBUG:paramiko.transport:Attempting password auth...
DEBUG:paramiko.transport:kex engine KexNistp256 specified hash_algo <built-in function openssl_sha256>
DEBUG:paramiko.transport:Switch to new keys ...
DEBUG:paramiko.transport:Attempting password auth...
DEBUG:paramiko.transport:userauth is OK
DEBUG:paramiko.transport:userauth is OK
INFO:paramiko.transport:Authentication (password) successful!
INFO:paramiko.transport:Authentication (password) successful!
DEBUG:paramiko.transport:Received global request "hostkeys-00@openssh.com"
DEBUG:paramiko.transport:Rejecting "hostkeys-00@openssh.com" global request from server.
DEBUG:paramiko.transport:Received global request "hostkeys-00@openssh.com"
DEBUG:paramiko.transport:Rejecting "hostkeys-00@openssh.com" global request from server.
DEBUG:urllib3.connectionpool:Starting new HTTPS connection (1): localhost:48221
DEBUG:urllib3.connectionpool:Starting new HTTPS connection (1): localhost:36201
DEBUG:paramiko.transport:[chan 0] Max packet in: 32768 bytes
DEBUG:paramiko.transport:[chan 0] Max packet in: 32768 bytes
DEBUG:paramiko.transport:[chan 0] Max packet out: 32768 bytes
DEBUG:paramiko.transport:Secsh channel 0 opened.
DEBUG:paramiko.transport:[chan 0] Max packet out: 32768 bytes
DEBUG:paramiko.transport:Secsh channel 0 opened.
INFO:root:None
INFO:zabbix_api.ZabbixAPISubClass:20: Creating ZabbixAPISubClass
DEBUG:zabbix_api.ZabbixAPISubClass:Going to do_request for <function checkauth.<locals>.ret at 0x7f827b2ff1e0> with opts {'output': ['hostid', 'name', 'ip'], 'selectInterfaces': ['ip'], 'filter': {'ip': '10.1.1.252'}}
INFO:root:None
INFO:zabbix_api.ZabbixAPISubClass:20: Creating ZabbixAPISubClass
DEBUG:zabbix_api.ZabbixAPISubClass:Going to do_request for <function checkauth.<locals>.ret at 0x7f827b2ff1e0> with opts {'output': ['hostid', 'name', 'ip'], 'selectInterfaces': ['ip'], 'filter': {'ip': '10.1.1.152'}}
INFO:root:process EL_1530624227.45DEP43
DEBUG:paramiko.transport:starting thread (client mode): 0x7b31fd68
DEBUG:paramiko.transport:Local version/idstring: SSH-2.0-paramiko_2.4.2
DEBUG:paramiko.transport:Remote version/idstring: SSH-2.0-OpenSSH_7.4p1 Debian-10+deb9u2
INFO:paramiko.transport:Connected (version 2.0, client OpenSSH_7.4p1)
INFO:root:process EL_1530624608.84CTQI2
DEBUG:paramiko.transport:kex algos:['curve25519-sha256', 'curve25519-sha256@libssh.org', 'ecdh-sha2-nistp256', 'ecdh-sha2-nistp384', 'ecdh-sha2-nistp521', 'diffie-hellman-group-exchange-sha256', 'diffie-hellman-group16-sha512', 'diffie-hellman-group18-sha512', 'diffie-hellman-group14-sha256', 'diffie-hellman-group14-sha1'] server key:['ssh-rsa', 'rsa-sha2-512', 'rsa-sha2-256', 'ecdsa-sha2-nistp256', 'ssh-ed25519'] client encrypt:['chacha20-poly1305@openssh.com', 'aes128-ctr', 'aes192-ctr', 'aes256-ctr', 'aes128-gcm@openssh.com', 'aes256-gcm@openssh.com'] server encrypt:['chacha20-poly1305@openssh.com', 'aes128-ctr', 'aes192-ctr', 'aes256-ctr', 'aes128-gcm@openssh.com', 'aes256-gcm@openssh.com'] client mac:['umac-64-etm@openssh.com', 'umac-128-etm@openssh.com', 'hmac-sha2-256-etm@openssh.com', 'hmac-sha2-512-etm@openssh.com', 'hmac-sha1-etm@openssh.com', 'umac-64@openssh.com', 'umac-128@openssh.com', 'hmac-sha2-256', 'hmac-sha2-512', 'hmac-sha1'] server mac:['umac-64-etm@openssh.com', 'umac-128-etm@openssh.com', 'hmac-sha2-256-etm@openssh.com', 'hmac-sha2-512-etm@openssh.com', 'hmac-sha1-etm@openssh.com', 'umac-64@openssh.com', 'umac-128@openssh.com', 'hmac-sha2-256', 'hmac-sha2-512', 'hmac-sha1'] client compress:['none', 'zlib@openssh.com'] server compress:['none', 'zlib@openssh.com'] client lang:[''] server lang:[''] kex follows?False
DEBUG:paramiko.transport:Kex agreed: ecdh-sha2-nistp256
DEBUG:paramiko.transport:HostKey agreed: ssh-ed25519
DEBUG:paramiko.transport:Cipher agreed: aes128-ctr
DEBUG:paramiko.transport:MAC agreed: hmac-sha2-256
DEBUG:paramiko.transport:Compression agreed: none
DEBUG:paramiko.transport:starting thread (client mode): 0x7b31f4a8
DEBUG:paramiko.transport:Local version/idstring: SSH-2.0-paramiko_2.4.2
DEBUG:paramiko.transport:Remote version/idstring: SSH-2.0-OpenSSH_7.4p1 Debian-10+deb9u2
INFO:paramiko.transport:Connected (version 2.0, client OpenSSH_7.4p1)
DEBUG:paramiko.transport:kex algos:['curve25519-sha256', 'curve25519-sha256@libssh.org', 'ecdh-sha2-nistp256', 'ecdh-sha2-nistp384', 'ecdh-sha2-nistp521', 'diffie-hellman-group-exchange-sha256', 'diffie-hellman-group16-sha512', 'diffie-hellman-group18-sha512', 'diffie-hellman-group14-sha256', 'diffie-hellman-group14-sha1'] server key:['ssh-rsa', 'rsa-sha2-512', 'rsa-sha2-256', 'ecdsa-sha2-nistp256', 'ssh-ed25519'] client encrypt:['chacha20-poly1305@openssh.com', 'aes128-ctr', 'aes192-ctr', 'aes256-ctr', 'aes128-gcm@openssh.com', 'aes256-gcm@openssh.com'] server encrypt:['chacha20-poly1305@openssh.com', 'aes128-ctr', 'aes192-ctr', 'aes256-ctr', 'aes128-gcm@openssh.com', 'aes256-gcm@openssh.com'] client mac:['umac-64-etm@openssh.com', 'umac-128-etm@openssh.com', 'hmac-sha2-256-etm@openssh.com', 'hmac-sha2-512-etm@openssh.com', 'hmac-sha1-etm@openssh.com', 'umac-64@openssh.com', 'umac-128@openssh.com', 'hmac-sha2-256', 'hmac-sha2-512', 'hmac-sha1'] server mac:['umac-64-etm@openssh.com', 'umac-128-etm@openssh.com', 'hmac-sha2-256-etm@openssh.com', 'hmac-sha2-512-etm@openssh.com', 'hmac-sha1-etm@openssh.com', 'umac-64@openssh.com', 'umac-128@openssh.com', 'hmac-sha2-256', 'hmac-sha2-512', 'hmac-sha1'] client compress:['none', 'zlib@openssh.com'] server compress:['none', 'zlib@openssh.com'] client lang:[''] server lang:[''] kex follows?False
DEBUG:paramiko.transport:Kex agreed: ecdh-sha2-nistp256
DEBUG:paramiko.transport:HostKey agreed: ssh-ed25519
DEBUG:paramiko.transport:Cipher agreed: aes128-ctr
DEBUG:paramiko.transport:MAC agreed: hmac-sha2-256
DEBUG:paramiko.transport:Compression agreed: none
DEBUG:paramiko.transport:kex engine KexNistp256 specified hash_algo <built-in function openssl_sha256>
DEBUG:paramiko.transport:Switch to new keys ...
DEBUG:paramiko.transport:Attempting password auth...
DEBUG:paramiko.transport:kex engine KexNistp256 specified hash_algo <built-in function openssl_sha256>
DEBUG:paramiko.transport:Switch to new keys ...
DEBUG:paramiko.transport:Attempting password auth...
DEBUG:paramiko.transport:userauth is OK
INFO:paramiko.transport:Authentication (password) successful!
DEBUG:urllib3.connectionpool:Starting new HTTPS connection (1): localhost:38499
DEBUG:paramiko.transport:[chan 0] Max packet in: 32768 bytes
DEBUG:paramiko.transport:userauth is OK
DEBUG:paramiko.transport:Received global request "hostkeys-00@openssh.com"
DEBUG:paramiko.transport:Rejecting "hostkeys-00@openssh.com" global request from server.
INFO:paramiko.transport:Authentication (password) successful!
DEBUG:urllib3.connectionpool:Starting new HTTPS connection (1): localhost:50111
DEBUG:paramiko.transport:[chan 0] Max packet in: 32768 bytes
DEBUG:paramiko.transport:Received global request "hostkeys-00@openssh.com"
DEBUG:paramiko.transport:Rejecting "hostkeys-00@openssh.com" global request from server.
DEBUG:paramiko.transport:[chan 0] Max packet out: 32768 bytes
DEBUG:paramiko.transport:Secsh channel 0 opened.
ERROR:paramiko.transport:Secsh channel 0 open FAILED: Connection refused: Connect failed
ERROR:root:(2, 'Connect failed')
ERROR:root:('Connection aborted.', OSError(0, 'Error'))
INFO:root:Unable to access proxmox api
DEBUG:paramiko.transport:EOF in transport thread
INFO:root:10180::SM-node2
INFO:zabbix_api.ZabbixAPISubClass:20: Creating ZabbixAPISubClass
DEBUG:zabbix_api.ZabbixAPISubClass:Going to do_request for <function checkauth.<locals>.ret at 0x7f827b2ff1e0> with opts {'output': ['status'], 'filter': {'hostid': '10180'}}
INFO:root:[{'hostid': '10180', 'status': '0'}]
INFO:zabbix_api.ZabbixAPISubClass:20: Creating ZabbixAPISubClass
DEBUG:zabbix_api.ZabbixAPISubClass:Going to do_request for <function checkauth.<locals>.ret at 0x7f827b2ff1e0> with opts {'output': ['key_', 'lastvalue'], 'filter': {'hostid': '10180'}}
DEBUG:urllib3.connectionpool:https://localhost:48221 "POST /api2/json/access/ticket HTTP/1.1" 401 13
ERROR:root:Couldn't authenticate user: root@pam to https://localhost:48221/api2/json/access/ticket
INFO:root:Unable to access proxmox api
DEBUG:paramiko.transport:[chan 0] EOF sent (0)
DEBUG:paramiko.transport:[chan 0] EOF received (0)
DEBUG:urllib3.connectionpool:https://localhost:36201 "POST /api2/json/access/ticket HTTP/1.1" 401 13
ERROR:root:Couldn't authenticate user: root@pam to https://localhost:36201/api2/json/access/ticket
INFO:root:Unable to access proxmox api
DEBUG:paramiko.transport:[chan 0] EOF sent (0)
DEBUG:paramiko.transport:[chan 0] EOF received (0)
DEBUG:paramiko.transport:EOF in transport thread
DEBUG:paramiko.transport:EOF in transport thread
INFO:root:10182::SM-Node1
INFO:zabbix_api.ZabbixAPISubClass:20: Creating ZabbixAPISubClass
DEBUG:zabbix_api.ZabbixAPISubClass:Going to do_request for <function checkauth.<locals>.ret at 0x7f827b2ff1e0> with opts {'output': ['status'], 'filter': {'hostid': '10182'}}
INFO:root:[{'hostid': '10182', 'status': '0'}]
INFO:zabbix_api.ZabbixAPISubClass:20: Creating ZabbixAPISubClass
DEBUG:zabbix_api.ZabbixAPISubClass:Going to do_request for <function checkauth.<locals>.ret at 0x7f827b2ff1e0> with opts {'output': ['key_', 'lastvalue'], 'filter': {'hostid': '10182'}}
INFO:root:10181::Prod-Node4
INFO:zabbix_api.ZabbixAPISubClass:20: Creating ZabbixAPISubClass
DEBUG:zabbix_api.ZabbixAPISubClass:Going to do_request for <function checkauth.<locals>.ret at 0x7f827b2ff1e0> with opts {'output': ['status'], 'filter': {'hostid': '10181'}}
INFO:root:[{'hostid': '10181', 'status': '0'}]
INFO:zabbix_api.ZabbixAPISubClass:20: Creating ZabbixAPISubClass
DEBUG:zabbix_api.ZabbixAPISubClass:Going to do_request for <function checkauth.<locals>.ret at 0x7f827b2ff1e0> with opts {'output': ['key_', 'lastvalue'], 'filter': {'hostid': '10181'}}
DEBUG:urllib3.connectionpool:https://localhost:38499 "POST /api2/json/access/ticket HTTP/1.1" 401 13
ERROR:root:Couldn't authenticate user: root@pam to https://localhost:38499/api2/json/access/ticket
INFO:root:Unable to access proxmox api
DEBUG:paramiko.transport:[chan 0] EOF sent (0)
DEBUG:paramiko.transport:[chan 0] EOF received (0)
DEBUG:paramiko.transport:EOF in transport thread
INFO:root:10179::Prod-Node3
INFO:zabbix_api.ZabbixAPISubClass:20: Creating ZabbixAPISubClass
DEBUG:zabbix_api.ZabbixAPISubClass:Going to do_request for <function checkauth.<locals>.ret at 0x7f827b2ff1e0> with opts {'output': ['status'], 'filter': {'hostid': '10179'}}
INFO:root:10127::onlyoffice_PROD
INFO:zabbix_api.ZabbixAPISubClass:20: Creating ZabbixAPISubClass
DEBUG:zabbix_api.ZabbixAPISubClass:Going to do_request for <function checkauth.<locals>.ret at 0x7f827b2ff1e0> with opts {'output': ['status'], 'filter': {'hostid': '10127'}}
INFO:root:[{'hostid': '10179', 'status': '0'}]
INFO:zabbix_api.ZabbixAPISubClass:20: Creating ZabbixAPISubClass
DEBUG:zabbix_api.ZabbixAPISubClass:Going to do_request for <function checkauth.<locals>.ret at 0x7f827b2ff1e0> with opts {'output': ['key_', 'lastvalue'], 'filter': {'hostid': '10179'}}
INFO:root:10128::prodCode_PROD
INFO:zabbix_api.ZabbixAPISubClass:20: Creating ZabbixAPISubClass
DEBUG:zabbix_api.ZabbixAPISubClass:Going to do_request for <function checkauth.<locals>.ret at 0x7f827b2ff1e0> with opts {'output': ['status'], 'filter': {'hostid': '10128'}}
INFO:root:[{'hostid': '10128', 'status': '0'}]
INFO:zabbix_api.ZabbixAPISubClass:20: Creating ZabbixAPISubClass
DEBUG:zabbix_api.ZabbixAPISubClass:Going to do_request for <function checkauth.<locals>.ret at 0x7f827b2ff1e0> with opts {'output': ['key_', 'lastvalue'], 'filter': {'hostid': '10128'}}
INFO:root:10129::RevNginx_PROD
INFO:zabbix_api.ZabbixAPISubClass:20: Creating ZabbixAPISubClass
DEBUG:zabbix_api.ZabbixAPISubClass:Going to do_request for <function checkauth.<locals>.ret at 0x7f827b2ff1e0> with opts {'output': ['status'], 'filter': {'hostid': '10129'}}
INFO:root:None
INFO:zabbix_api.ZabbixAPISubClass:20: Creating ZabbixAPISubClass
DEBUG:zabbix_api.ZabbixAPISubClass:Going to do_request for <function checkauth.<locals>.ret at 0x7f827b2ff1e0> with opts {'output': ['hostid', 'name', 'ip'], 'selectInterfaces': ['ip'], 'filter': {'ip': '10.1.1.90'}}
INFO:root:10280::MutRdp9_Prod
INFO:zabbix_api.ZabbixAPISubClass:20: Creating ZabbixAPISubClass
DEBUG:zabbix_api.ZabbixAPISubClass:Going to do_request for <function checkauth.<locals>.ret at 0x7f827b2ff1e0> with opts {'output': ['status'], 'filter': {'hostid': '10280'}}
INFO:root:[{'hostid': '10129', 'status': '0'}]
INFO:zabbix_api.ZabbixAPISubClass:20: Creating ZabbixAPISubClass
DEBUG:zabbix_api.ZabbixAPISubClass:Going to do_request for <function checkauth.<locals>.ret at 0x7f827b2ff1e0> with opts {'output': ['key_', 'lastvalue'], 'filter': {'hostid': '10129'}}
INFO:root:[{'hostid': '10280', 'status': '1'}]
INFO:root:10084::Zabbix server
INFO:zabbix_api.ZabbixAPISubClass:20: Creating ZabbixAPISubClass
DEBUG:zabbix_api.ZabbixAPISubClass:Going to do_request for <function checkauth.<locals>.ret at 0x7f827b2ff1e0> with opts {'output': ['status'], 'filter': {'hostid': '10084'}}
INFO:root:[{'hostid': '10084', 'status': '0'}]
INFO:zabbix_api.ZabbixAPISubClass:20: Creating ZabbixAPISubClass
DEBUG:zabbix_api.ZabbixAPISubClass:Going to do_request for <function checkauth.<locals>.ret at 0x7f827b2ff1e0> with opts {'output': ['key_', 'lastvalue'], 'filter': {'hostid': '10084'}}
INFO:root:10125::LPFBox_PROD
INFO:zabbix_api.ZabbixAPISubClass:20: Creating ZabbixAPISubClass
DEBUG:zabbix_api.ZabbixAPISubClass:Going to do_request for <function checkauth.<locals>.ret at 0x7f827b2ff1e0> with opts {'output': ['status'], 'filter': {'hostid': '10125'}}
INFO:root:10130::NV-deploy_PROD
INFO:zabbix_api.ZabbixAPISubClass:20: Creating ZabbixAPISubClass
DEBUG:zabbix_api.ZabbixAPISubClass:Going to do_request for <function checkauth.<locals>.ret at 0x7f827b2ff1e0> with opts {'output': ['status'], 'filter': {'hostid': '10130'}}
INFO:root:[{'hostid': '10125', 'status': '0'}]
INFO:zabbix_api.ZabbixAPISubClass:20: Creating ZabbixAPISubClass
DEBUG:zabbix_api.ZabbixAPISubClass:Going to do_request for <function checkauth.<locals>.ret at 0x7f827b2ff1e0> with opts {'output': ['key_', 'lastvalue'], 'filter': {'hostid': '10125'}}
INFO:root:[{'hostid': '10130', 'status': '0'}]
INFO:zabbix_api.ZabbixAPISubClass:20: Creating ZabbixAPISubClass
DEBUG:zabbix_api.ZabbixAPISubClass:Going to do_request for <function checkauth.<locals>.ret at 0x7f827b2ff1e0> with opts {'output': ['key_', 'lastvalue'], 'filter': {'hostid': '10130'}}
INFO:root:10131::DotriverLXDE_PROD
INFO:zabbix_api.ZabbixAPISubClass:20: Creating ZabbixAPISubClass
DEBUG:zabbix_api.ZabbixAPISubClass:Going to do_request for <function checkauth.<locals>.ret at 0x7f827b2ff1e0> with opts {'output': ['status'], 'filter': {'hostid': '10131'}}
INFO:root:10202::pfSense_PROD
INFO:zabbix_api.ZabbixAPISubClass:20: Creating ZabbixAPISubClass
DEBUG:zabbix_api.ZabbixAPISubClass:Going to do_request for <function checkauth.<locals>.ret at 0x7f827b2ff1e0> with opts {'output': ['status'], 'filter': {'hostid': '10202'}}
INFO:root:[{'hostid': '10131', 'status': '0'}]
INFO:zabbix_api.ZabbixAPISubClass:20: Creating ZabbixAPISubClass
INFO:root:[{'hostid': '10202', 'status': '0'}]
DEBUG:zabbix_api.ZabbixAPISubClass:Going to do_request for <function checkauth.<locals>.ret at 0x7f827b2ff1e0> with opts {'output': ['key_', 'lastvalue'], 'filter': {'hostid': '10131'}}
INFO:zabbix_api.ZabbixAPISubClass:20: Creating ZabbixAPISubClass
DEBUG:zabbix_api.ZabbixAPISubClass:Going to do_request for <function checkauth.<locals>.ret at 0x7f827b2ff1e0> with opts {'output': ['key_', 'lastvalue'], 'filter': {'hostid': '10202'}}
INFO:root:None
INFO:root:10132::MutX9_PROD
INFO:zabbix_api.ZabbixAPISubClass:20: Creating ZabbixAPISubClass
INFO:zabbix_api.ZabbixAPISubClass:20: Creating ZabbixAPISubClass
DEBUG:zabbix_api.ZabbixAPISubClass:Going to do_request for <function checkauth.<locals>.ret at 0x7f827b2ff1e0> with opts {'output': ['hostid', 'name', 'ip'], 'selectInterfaces': ['ip'], 'filter': {'ip': '10.1.1.106'}}
DEBUG:zabbix_api.ZabbixAPISubClass:Going to do_request for <function checkauth.<locals>.ret at 0x7f827b2ff1e0> with opts {'output': ['status'], 'filter': {'hostid': '10132'}}
INFO:root:[{'hostid': '10132', 'status': '0'}]
INFO:zabbix_api.ZabbixAPISubClass:20: Creating ZabbixAPISubClass
DEBUG:zabbix_api.ZabbixAPISubClass:Going to do_request for <function checkauth.<locals>.ret at 0x7f827b2ff1e0> with opts {'output': ['key_', 'lastvalue'], 'filter': {'hostid': '10132'}}
INFO:root:10126::ALHWP_PROD
INFO:zabbix_api.ZabbixAPISubClass:20: Creating ZabbixAPISubClass
DEBUG:zabbix_api.ZabbixAPISubClass:Going to do_request for <function checkauth.<locals>.ret at 0x7f827b2ff1e0> with opts {'output': ['status'], 'filter': {'hostid': '10126'}}
INFO:root:[{'hostid': '10126', 'status': '0'}]
INFO:zabbix_api.ZabbixAPISubClass:20: Creating ZabbixAPISubClass
DEBUG:zabbix_api.ZabbixAPISubClass:Going to do_request for <function checkauth.<locals>.ret at 0x7f827b2ff1e0> with opts {'output': ['key_', 'lastvalue'], 'filter': {'hostid': '10126'}}
INFO:root:process EL_1530799158.677LKFW
ERROR:root:'Database' object has no attribute 'get_children'
DEBUG:urllib3.connectionpool:Starting new HTTPS connection (1): 10.255.0.253:8006
INFO:root:process EL_1532359274.91CU5YS
DEBUG:paramiko.transport:starting thread (client mode): 0x6048e048
DEBUG:paramiko.transport:Local version/idstring: SSH-2.0-paramiko_2.4.2
DEBUG:paramiko.transport:Remote version/idstring: SSH-2.0-OpenSSH_7.4p1 Debian-10+deb9u3
INFO:paramiko.transport:Connected (version 2.0, client OpenSSH_7.4p1)
DEBUG:paramiko.transport:kex algos:['curve25519-sha256', 'curve25519-sha256@libssh.org', 'ecdh-sha2-nistp256', 'ecdh-sha2-nistp384', 'ecdh-sha2-nistp521', 'diffie-hellman-group-exchange-sha256', 'diffie-hellman-group16-sha512', 'diffie-hellman-group18-sha512', 'diffie-hellman-group14-sha256', 'diffie-hellman-group14-sha1'] server key:['ssh-rsa', 'rsa-sha2-512', 'rsa-sha2-256', 'ecdsa-sha2-nistp256', 'ssh-ed25519'] client encrypt:['chacha20-poly1305@openssh.com', 'aes128-ctr', 'aes192-ctr', 'aes256-ctr', 'aes128-gcm@openssh.com', 'aes256-gcm@openssh.com'] server encrypt:['chacha20-poly1305@openssh.com', 'aes128-ctr', 'aes192-ctr', 'aes256-ctr', 'aes128-gcm@openssh.com', 'aes256-gcm@openssh.com'] client mac:['umac-64-etm@openssh.com', 'umac-128-etm@openssh.com', 'hmac-sha2-256-etm@openssh.com', 'hmac-sha2-512-etm@openssh.com', 'hmac-sha1-etm@openssh.com', 'umac-64@openssh.com', 'umac-128@openssh.com', 'hmac-sha2-256', 'hmac-sha2-512', 'hmac-sha1'] server mac:['umac-64-etm@openssh.com', 'umac-128-etm@openssh.com', 'hmac-sha2-256-etm@openssh.com', 'hmac-sha2-512-etm@openssh.com', 'hmac-sha1-etm@openssh.com', 'umac-64@openssh.com', 'umac-128@openssh.com', 'hmac-sha2-256', 'hmac-sha2-512', 'hmac-sha1'] client compress:['none', 'zlib@openssh.com'] server compress:['none', 'zlib@openssh.com'] client lang:[''] server lang:[''] kex follows?False
DEBUG:paramiko.transport:Kex agreed: ecdh-sha2-nistp256
DEBUG:paramiko.transport:HostKey agreed: ssh-ed25519
DEBUG:paramiko.transport:Cipher agreed: aes128-ctr
DEBUG:paramiko.transport:MAC agreed: hmac-sha2-256
DEBUG:paramiko.transport:Compression agreed: none
DEBUG:paramiko.transport:kex engine KexNistp256 specified hash_algo <built-in function openssl_sha256>
DEBUG:paramiko.transport:Switch to new keys ...
DEBUG:paramiko.transport:Attempting password auth...
DEBUG:paramiko.transport:userauth is OK
INFO:paramiko.transport:Authentication (password) successful!
DEBUG:urllib3.connectionpool:Starting new HTTPS connection (1): localhost:36127
DEBUG:paramiko.transport:[chan 0] Max packet in: 32768 bytes
DEBUG:paramiko.transport:Received global request "hostkeys-00@openssh.com"
DEBUG:paramiko.transport:Rejecting "hostkeys-00@openssh.com" global request from server.
DEBUG:paramiko.transport:[chan 0] Max packet out: 32768 bytes
DEBUG:paramiko.transport:Secsh channel 0 opened.
DEBUG:urllib3.connectionpool:https://localhost:36127 "POST /api2/json/access/ticket HTTP/1.1" 200 652
INFO:root:PVE API ACCES OK
DEBUG:paramiko.transport:[chan 0] EOF sent (0)
INFO:proxmoxer.core:GET https://localhost:36127/api2/json/nodes
DEBUG:urllib3.connectionpool:Starting new HTTPS connection (1): localhost:36127
DEBUG:paramiko.transport:[chan 1] Max packet in: 32768 bytes
DEBUG:paramiko.transport:[chan 0] EOF received (0)
DEBUG:paramiko.transport:[chan 1] Max packet out: 32768 bytes
DEBUG:paramiko.transport:Secsh channel 1 opened.
DEBUG:urllib3.connectionpool:https://localhost:36127 "GET /api2/json/nodes HTTP/1.1" 200 352
DEBUG:proxmoxer.core:Status code: 200, output: b'{"data":[{"status":"online","uptime":28392675,"maxmem":67516858368,"type":"node","mem":24797704192,"id":"node/ASPAS-NodeA","ssl_fingerprint":"C7:97:48:08:44:30:F8:B0:47:5B:1C:AC:F7:42:66:6C:80:50:E1:07:C5:1C:C2:1C:03:4E:8B:90:AE:06:F8:D1","maxdisk":165100326912,"node":"ASPAS-NodeA","maxcpu":24,"cpu":0.0324436316127264,"level":"","disk":62465683456}]}'
DEBUG:paramiko.transport:starting thread (client mode): 0x60026eb8
DEBUG:paramiko.transport:Local version/idstring: SSH-2.0-paramiko_2.4.2
DEBUG:paramiko.transport:Remote version/idstring: SSH-2.0-OpenSSH_7.4p1 Debian-10+deb9u3
INFO:paramiko.transport:Connected (version 2.0, client OpenSSH_7.4p1)
DEBUG:paramiko.transport:kex algos:['curve25519-sha256', 'curve25519-sha256@libssh.org', 'ecdh-sha2-nistp256', 'ecdh-sha2-nistp384', 'ecdh-sha2-nistp521', 'diffie-hellman-group-exchange-sha256', 'diffie-hellman-group16-sha512', 'diffie-hellman-group18-sha512', 'diffie-hellman-group14-sha256', 'diffie-hellman-group14-sha1'] server key:['ssh-rsa', 'rsa-sha2-512', 'rsa-sha2-256', 'ecdsa-sha2-nistp256', 'ssh-ed25519'] client encrypt:['chacha20-poly1305@openssh.com', 'aes128-ctr', 'aes192-ctr', 'aes256-ctr', 'aes128-gcm@openssh.com', 'aes256-gcm@openssh.com'] server encrypt:['chacha20-poly1305@openssh.com', 'aes128-ctr', 'aes192-ctr', 'aes256-ctr', 'aes128-gcm@openssh.com', 'aes256-gcm@openssh.com'] client mac:['umac-64-etm@openssh.com', 'umac-128-etm@openssh.com', 'hmac-sha2-256-etm@openssh.com', 'hmac-sha2-512-etm@openssh.com', 'hmac-sha1-etm@openssh.com', 'umac-64@openssh.com', 'umac-128@openssh.com', 'hmac-sha2-256', 'hmac-sha2-512', 'hmac-sha1'] server mac:['umac-64-etm@openssh.com', 'umac-128-etm@openssh.com', 'hmac-sha2-256-etm@openssh.com', 'hmac-sha2-512-etm@openssh.com', 'hmac-sha1-etm@openssh.com', 'umac-64@openssh.com', 'umac-128@openssh.com', 'hmac-sha2-256', 'hmac-sha2-512', 'hmac-sha1'] client compress:['none', 'zlib@openssh.com'] server compress:['none', 'zlib@openssh.com'] client lang:[''] server lang:[''] kex follows?False
DEBUG:paramiko.transport:Kex agreed: ecdh-sha2-nistp256
DEBUG:paramiko.transport:HostKey agreed: ssh-ed25519
DEBUG:paramiko.transport:Cipher agreed: aes128-ctr
DEBUG:paramiko.transport:MAC agreed: hmac-sha2-256
DEBUG:paramiko.transport:Compression agreed: none
DEBUG:paramiko.transport:kex engine KexNistp256 specified hash_algo <built-in function openssl_sha256>
DEBUG:paramiko.transport:Switch to new keys ...
DEBUG:paramiko.transport:Adding ssh-ed25519 host key for 30.20.0.100: b'b96d55f9ea70af48bd6c92f2a1cf5ee6'
DEBUG:paramiko.transport:Trying discovered key b'59fc2a643f6f374a66f3a3048bdece50' in /home/samir/.ssh/id_rsa
DEBUG:paramiko.transport:userauth is OK
INFO:paramiko.transport:Authentication (publickey) failed.
DEBUG:paramiko.transport:Trying discovered key b'45fbb737d7f9835389ebbaa1bd1e65e4' in /home/samir/.ssh/id_ecdsa
DEBUG:paramiko.transport:userauth is OK
INFO:paramiko.transport:Authentication (publickey) failed.
DEBUG:paramiko.transport:userauth is OK
INFO:paramiko.transport:Authentication (password) successful!
DEBUG:paramiko.transport:[chan 0] Max packet in: 32768 bytes
DEBUG:paramiko.transport:Received global request "hostkeys-00@openssh.com"
DEBUG:paramiko.transport:Rejecting "hostkeys-00@openssh.com" global request from server.
DEBUG:paramiko.transport:[chan 0] Max packet out: 32768 bytes
DEBUG:paramiko.transport:Secsh channel 0 opened.
DEBUG:paramiko.transport:[chan 0] Sesch channel 0 request ok
DEBUG:paramiko.transport:[chan 0] Sesch channel 0 request ok
DEBUG:paramiko.transport:[chan 1] EOF received (1)
DEBUG:paramiko.transport:[chan 1] EOF sent (1)
DEBUG:paramiko.transport:[chan 0] EOF received (0)
INFO:proxmoxer.core:GET https://localhost:36127/api2/json/nodes/ASPAS-NodeA/qemu
DEBUG:urllib3.connectionpool:Resetting dropped connection: localhost
DEBUG:paramiko.transport:[chan 2] Max packet in: 32768 bytes
DEBUG:paramiko.transport:[chan 2] Max packet out: 32768 bytes
DEBUG:paramiko.transport:Secsh channel 2 opened.
DEBUG:urllib3.connectionpool:https://localhost:36127 "GET /api2/json/nodes/ASPAS-NodeA/qemu HTTP/1.1" 200 648
DEBUG:proxmoxer.core:Status code: 200, output: b'{"data":[{"cpus":2,"maxmem":2147483648,"mem":1482154288,"template":"","cpu":0.0252282626247526,"disk":0,"maxdisk":16106127360,"name":"AspasZabbixProxy","diskwrite":0,"status":"running","netin":66986639862,"uptime":27146359,"pid":"15694","vmid":106,"diskread":0,"netout":84342521633},{"cpus":8,"maxmem":4294967296,"mem":2105828826,"cpu":0.00457452231930755,"template":"","disk":0,"maxdisk":34359738368,"name":"CiviCRMtest","shares":1000,"uptime":2172742,"netin":108518124,"status":"running","diskwrite":0,"pid":"4149","vmid":107,"diskread":0,"balloon_min":2147483648,"netout":100578509},{"pid":"2094","vmid":101,"netin":323659699297,"uptime":28392665,"status":"running","diskwrite":0,"netout":237774460482,"diskread":0,"cpu":0.0265048735045593,"template":"","maxmem":1073741824,"cpus":2,"mem":499383511,"name":"pfSense","disk":0,"maxdisk":10737418240},{"diskread":0,"netout":12066454144,"diskwrite":0,"netin":10630355924,"status":"running","uptime":27236332,"vmid":102,"pid":"400","maxdisk":16106127360,"disk":0,"name":"LDAP","mem":718036147,"cpus":1,"maxmem":1073741824,"template":"","cpu":0.034529284749059},{"pid":"32260","vmid":103,"diskwrite":0,"netin":1500846640775,"status":"running","uptime":21242450,"netout":163743101264,"balloon_min":2147483648,"diskread":0,"template":"","cpu":0.0144074656435334,"maxmem":4294967296,"cpus":8,"mem":3528743820,"name":"CiviCRM","shares":1000,"disk":0,"maxdisk":34359738368},{"name":"MySQLHD","shares":1000,"disk":0,"maxdisk":10737418240,"cpu":0.150062569371571,"template":"","cpus":4,"maxmem":2147483648,"mem":1444342128,"netout":6504598557994,"balloon_min":536870912,"diskread":0,"pid":"18532","vmid":105,"netin":295287410703,"uptime":25487440,"status":"running","diskwrite":0}]}'
INFO:root:DISCOVER :: AspasZabbixProxy
INFO:proxmoxer.core:GET https://localhost:36127/api2/json/nodes/ASPAS-NodeA/qemu/106/config
DEBUG:urllib3.connectionpool:https://localhost:36127 "GET /api2/json/nodes/ASPAS-NodeA/qemu/106/config HTTP/1.1" 200 385
DEBUG:proxmoxer.core:Status code: 200, output: b'{"data":{"sockets":2,"scsihw":"virtio-scsi-pci","ostype":"l26","memory":2048,"ide2":"none,media=cdrom","bootdisk":"scsi0","smbios1":"uuid=d5292895-2f88-4389-a867-21923cf39759","name":"AspasZabbixProxy","net0":"e1000=52:DB:C4:96:A4:0F,bridge=vmbr0","digest":"f37fc0dde484d42bff3b16477f44faaf8d436441","numa":0,"cores":1,"scsi0":"local:106/vm-106-disk-1.qcow2,size=15G","keyboard":"fr"}}'
INFO:proxmoxer.core:GET https://localhost:36127/api2/json/nodes/ASPAS-NodeA/qemu/106/config
DEBUG:urllib3.connectionpool:https://localhost:36127 "GET /api2/json/nodes/ASPAS-NodeA/qemu/106/config HTTP/1.1" 200 385
DEBUG:proxmoxer.core:Status code: 200, output: b'{"data":{"bootdisk":"scsi0","ide2":"none,media=cdrom","smbios1":"uuid=d5292895-2f88-4389-a867-21923cf39759","memory":2048,"ostype":"l26","scsihw":"virtio-scsi-pci","sockets":2,"keyboard":"fr","scsi0":"local:106/vm-106-disk-1.qcow2,size=15G","cores":1,"numa":0,"net0":"e1000=52:DB:C4:96:A4:0F,bridge=vmbr0","digest":"f37fc0dde484d42bff3b16477f44faaf8d436441","name":"AspasZabbixProxy"}}'
INFO:root:DISCOVER :: CiviCRMtest
INFO:proxmoxer.core:GET https://localhost:36127/api2/json/nodes/ASPAS-NodeA/qemu/107/config
DEBUG:urllib3.connectionpool:https://localhost:36127 "GET /api2/json/nodes/ASPAS-NodeA/qemu/107/config HTTP/1.1" 200 407
DEBUG:proxmoxer.core:Status code: 200, output: b'{"data":{"bootdisk":"scsi0","ide2":"none,media=cdrom","smbios1":"uuid=d2f5a6dc-0bfe-49d0-a3ab-bf31cea5f91c","ostype":"l26","memory":4096,"scsihw":"virtio-scsi-pci","sockets":4,"balloon":2048,"scsi0":"local:107/vm-107-disk-1.qcow2,size=32G","cores":2,"numa":0,"net0":"e1000=72:C1:53:78:DC:A3,bridge=vmbr0","digest":"86dbc61851f05f97b78223a008de02386aa3bf07","name":"CiviCRMtest","parent":"snap7","onboot":1}}'
INFO:proxmoxer.core:GET https://localhost:36127/api2/json/nodes/ASPAS-NodeA/qemu/107/config
DEBUG:urllib3.connectionpool:https://localhost:36127 "GET /api2/json/nodes/ASPAS-NodeA/qemu/107/config HTTP/1.1" 200 407
DEBUG:proxmoxer.core:Status code: 200, output: b'{"data":{"bootdisk":"scsi0","ide2":"none,media=cdrom","smbios1":"uuid=d2f5a6dc-0bfe-49d0-a3ab-bf31cea5f91c","ostype":"l26","memory":4096,"scsihw":"virtio-scsi-pci","sockets":4,"balloon":2048,"cores":2,"scsi0":"local:107/vm-107-disk-1.qcow2,size=32G","digest":"86dbc61851f05f97b78223a008de02386aa3bf07","net0":"e1000=72:C1:53:78:DC:A3,bridge=vmbr0","numa":0,"name":"CiviCRMtest","parent":"snap7","onboot":1}}'
INFO:root:DISCOVER :: pfSense
INFO:proxmoxer.core:GET https://localhost:36127/api2/json/nodes/ASPAS-NodeA/qemu/101/config
DEBUG:urllib3.connectionpool:https://localhost:36127 "GET /api2/json/nodes/ASPAS-NodeA/qemu/101/config HTTP/1.1" 200 457
DEBUG:proxmoxer.core:Status code: 200, output: b'{"data":{"bootdisk":"scsi0","smbios1":"uuid=898aef46-798a-467b-b3ce-a436507b3cbf","ide2":"local:iso/pfSense-CE-2.4.3-RELEASE-amd64.iso,media=cdrom","memory":1024,"ostype":"l26","scsihw":"virtio-scsi-pci","sockets":1,"net1":"e1000=1E:2E:AB:EC:CA:6E,bridge=vmbr1","scsi0":"local:101/vm-101-disk-1.qcow2,size=10G","cores":2,"numa":0,"net0":"e1000=36:62:09:B3:A5:7F,bridge=vmbr0","digest":"57e712a6c7afc645a88ed6bf933924069ba7976b","name":"pfSense","onboot":1}}'
INFO:proxmoxer.core:GET https://localhost:36127/api2/json/nodes/ASPAS-NodeA/qemu/101/config
DEBUG:urllib3.connectionpool:https://localhost:36127 "GET /api2/json/nodes/ASPAS-NodeA/qemu/101/config HTTP/1.1" 200 457
DEBUG:proxmoxer.core:Status code: 200, output: b'{"data":{"bootdisk":"scsi0","ide2":"local:iso/pfSense-CE-2.4.3-RELEASE-amd64.iso,media=cdrom","smbios1":"uuid=898aef46-798a-467b-b3ce-a436507b3cbf","ostype":"l26","memory":1024,"scsihw":"virtio-scsi-pci","sockets":1,"scsi0":"local:101/vm-101-disk-1.qcow2,size=10G","cores":2,"net1":"e1000=1E:2E:AB:EC:CA:6E,bridge=vmbr1","name":"pfSense","numa":0,"digest":"57e712a6c7afc645a88ed6bf933924069ba7976b","net0":"e1000=36:62:09:B3:A5:7F,bridge=vmbr0","onboot":1}}'
ERROR:root:'1E:2E:AB:EC:CA:6E'
INFO:proxmoxer.core:GET https://localhost:36127/api2/json/nodes/ASPAS-NodeA/qemu/101/config
DEBUG:urllib3.connectionpool:https://localhost:36127 "GET /api2/json/nodes/ASPAS-NodeA/qemu/101/config HTTP/1.1" 200 457
DEBUG:proxmoxer.core:Status code: 200, output: b'{"data":{"cores":2,"scsi0":"local:101/vm-101-disk-1.qcow2,size=10G","net1":"e1000=1E:2E:AB:EC:CA:6E,bridge=vmbr1","name":"pfSense","net0":"e1000=36:62:09:B3:A5:7F,bridge=vmbr0","digest":"57e712a6c7afc645a88ed6bf933924069ba7976b","numa":0,"onboot":1,"bootdisk":"scsi0","ide2":"local:iso/pfSense-CE-2.4.3-RELEASE-amd64.iso,media=cdrom","smbios1":"uuid=898aef46-798a-467b-b3ce-a436507b3cbf","ostype":"l26","memory":1024,"scsihw":"virtio-scsi-pci","sockets":1}}'
INFO:root:DISCOVER :: LDAP
INFO:proxmoxer.core:GET https://localhost:36127/api2/json/nodes/ASPAS-NodeA/qemu/102/config
DEBUG:urllib3.connectionpool:https://localhost:36127 "GET /api2/json/nodes/ASPAS-NodeA/qemu/102/config HTTP/1.1" 200 375
DEBUG:proxmoxer.core:Status code: 200, output: b'{"data":{"scsi0":"local:102/vm-102-disk-1.qcow2,size=15G","cores":1,"numa":0,"digest":"c066b10ba56e67983d1256d4ba6b619a15483655","net0":"e1000=66:66:A5:67:DC:69,bridge=vmbr0","name":"LDAP","parent":"snap11","bootdisk":"scsi0","smbios1":"uuid=a24333e9-405a-4e29-b770-5904b4a3064c","ide2":"none,media=cdrom","memory":1024,"ostype":"l26","scsihw":"virtio-scsi-pci","sockets":1}}'
INFO:proxmoxer.core:GET https://localhost:36127/api2/json/nodes/ASPAS-NodeA/qemu/102/config
DEBUG:urllib3.connectionpool:https://localhost:36127 "GET /api2/json/nodes/ASPAS-NodeA/qemu/102/config HTTP/1.1" 200 375
DEBUG:proxmoxer.core:Status code: 200, output: b'{"data":{"sockets":1,"scsihw":"virtio-scsi-pci","memory":1024,"ostype":"l26","bootdisk":"scsi0","smbios1":"uuid=a24333e9-405a-4e29-b770-5904b4a3064c","ide2":"none,media=cdrom","parent":"snap11","net0":"e1000=66:66:A5:67:DC:69,bridge=vmbr0","digest":"c066b10ba56e67983d1256d4ba6b619a15483655","numa":0,"name":"LDAP","cores":1,"scsi0":"local:102/vm-102-disk-1.qcow2,size=15G"}}'
INFO:root:DISCOVER :: CiviCRM
INFO:proxmoxer.core:GET https://localhost:36127/api2/json/nodes/ASPAS-NodeA/qemu/103/config
DEBUG:urllib3.connectionpool:https://localhost:36127 "GET /api2/json/nodes/ASPAS-NodeA/qemu/103/config HTTP/1.1" 200 392
DEBUG:proxmoxer.core:Status code: 200, output: b'{"data":{"bootdisk":"scsi0","ide2":"none,media=cdrom","smbios1":"uuid=d2f5a6dc-0bfe-49d0-a3ab-bf31cea5f91c","memory":4096,"ostype":"l26","scsihw":"virtio-scsi-pci","sockets":4,"balloon":2048,"scsi0":"storage-ext:103/vm-103-disk-1.qcow2,size=32G","cores":2,"numa":0,"net0":"e1000=9A:11:3B:DA:0B:CB,bridge=vmbr0","digest":"b9abcbedd19d2680f2f217c26561850fbcd83685","name":"CiviCRM","onboot":1}}'
INFO:proxmoxer.core:GET https://localhost:36127/api2/json/nodes/ASPAS-NodeA/qemu/103/config
DEBUG:urllib3.connectionpool:https://localhost:36127 "GET /api2/json/nodes/ASPAS-NodeA/qemu/103/config HTTP/1.1" 200 392
DEBUG:proxmoxer.core:Status code: 200, output: b'{"data":{"ide2":"none,media=cdrom","bootdisk":"scsi0","smbios1":"uuid=d2f5a6dc-0bfe-49d0-a3ab-bf31cea5f91c","memory":4096,"ostype":"l26","scsihw":"virtio-scsi-pci","sockets":4,"balloon":2048,"cores":2,"scsi0":"storage-ext:103/vm-103-disk-1.qcow2,size=32G","digest":"b9abcbedd19d2680f2f217c26561850fbcd83685","net0":"e1000=9A:11:3B:DA:0B:CB,bridge=vmbr0","numa":0,"name":"CiviCRM","onboot":1}}'
INFO:root:DISCOVER :: MySQLHD
INFO:proxmoxer.core:GET https://localhost:36127/api2/json/nodes/ASPAS-NodeA/qemu/105/config
DEBUG:urllib3.connectionpool:https://localhost:36127 "GET /api2/json/nodes/ASPAS-NodeA/qemu/105/config HTTP/1.1" 200 410
DEBUG:proxmoxer.core:Status code: 200, output: b'{"data":{"balloon":512,"scsi0":"local:105/vm-105-disk-1.qcow2,size=10G","cores":2,"numa":0,"net0":"e1000=8A:AE:9F:57:2E:46,bridge=vmbr0","digest":"f629be46fae054bb9c5006cf59a4e738be5dc2c7","name":"MySQLHD","ostype":"l26","memory":2048,"ide2":"local:iso/debian-9.5.0-amd64-netinst.iso,media=cdrom","smbios1":"uuid=d18f8c73-3738-48c2-bdad-3839200fccd2","bootdisk":"scsi0","sockets":2,"scsihw":"virtio-scsi-pci"}}'
INFO:proxmoxer.core:GET https://localhost:36127/api2/json/nodes/ASPAS-NodeA/qemu/105/config
DEBUG:urllib3.connectionpool:https://localhost:36127 "GET /api2/json/nodes/ASPAS-NodeA/qemu/105/config HTTP/1.1" 200 410
DEBUG:proxmoxer.core:Status code: 200, output: b'{"data":{"name":"MySQLHD","numa":0,"net0":"e1000=8A:AE:9F:57:2E:46,bridge=vmbr0","digest":"f629be46fae054bb9c5006cf59a4e738be5dc2c7","scsi0":"local:105/vm-105-disk-1.qcow2,size=10G","cores":2,"balloon":512,"scsihw":"virtio-scsi-pci","sockets":2,"ide2":"local:iso/debian-9.5.0-amd64-netinst.iso,media=cdrom","smbios1":"uuid=d18f8c73-3738-48c2-bdad-3839200fccd2","bootdisk":"scsi0","ostype":"l26","memory":2048}}'
INFO:proxmoxer.core:GET https://localhost:36127/api2/json/nodes/ASPAS-NodeA/lxc
DEBUG:urllib3.connectionpool:https://localhost:36127 "GET /api2/json/nodes/ASPAS-NodeA/lxc HTTP/1.1" 200 703
DEBUG:proxmoxer.core:Status code: 200, output: b'{"data":[{"mem":1500389376,"maxswap":536870912,"maxmem":2147483648,"cpus":1,"cpu":0.00121745574852417,"type":"lxc","template":"","maxdisk":"8388009984","disk":"1216016384","swap":397496320,"name":"ProjectWP","status":"running","netin":4996922994,"uptime":23953522,"diskwrite":287461376,"vmid":"110","pid":"5012","lock":"","diskread":128909312,"netout":4140483668},{"diskread":119881728,"netout":160387584,"diskwrite":389120,"uptime":43429,"netin":150479723,"status":"running","vmid":"104","lock":"","pid":"5780","maxdisk":"8388009984","disk":"921313280","swap":4096,"name":"Reverse","mem":69988352,"maxmem":2684354560,"cpus":1,"maxswap":1073741824,"type":"lxc","template":"","cpu":0.00158269247308143}]}'
INFO:proxmoxer.core:GET https://localhost:36127/api2/json/nodes/ASPAS-NodeA/lxc/110/config
DEBUG:urllib3.connectionpool:https://localhost:36127 "GET /api2/json/nodes/ASPAS-NodeA/lxc/110/config HTTP/1.1" 200 311
DEBUG:proxmoxer.core:Status code: 200, output: b'{"data":{"cores":1,"memory":2048,"ostype":"debian","swap":512,"net0":"name=eth0,bridge=vmbr0,gw=30.20.0.101,hwaddr=72:C2:40:CA:51:EC,ip=30.20.0.110/24,type=veth","digest":"bfe53ca2bc66c0619f3e2eeae41659a92e22ff53","rootfs":"local:110/vm-110-disk-1.raw,size=8G","arch":"amd64","hostname":"ProjectWP","onboot":1}}'
INFO:proxmoxer.core:GET https://localhost:36127/api2/json/nodes/ASPAS-NodeA/lxc/110/config
DEBUG:urllib3.connectionpool:https://localhost:36127 "GET /api2/json/nodes/ASPAS-NodeA/lxc/110/config HTTP/1.1" 200 311
DEBUG:proxmoxer.core:Status code: 200, output: b'{"data":{"hostname":"ProjectWP","arch":"amd64","onboot":1,"net0":"name=eth0,bridge=vmbr0,gw=30.20.0.101,hwaddr=72:C2:40:CA:51:EC,ip=30.20.0.110/24,type=veth","digest":"bfe53ca2bc66c0619f3e2eeae41659a92e22ff53","rootfs":"local:110/vm-110-disk-1.raw,size=8G","memory":2048,"ostype":"debian","swap":512,"cores":1}}'
INFO:proxmoxer.core:GET https://localhost:36127/api2/json/nodes/ASPAS-NodeA/lxc/104/config
DEBUG:urllib3.connectionpool:https://localhost:36127 "GET /api2/json/nodes/ASPAS-NodeA/lxc/104/config HTTP/1.1" 200 310
DEBUG:proxmoxer.core:Status code: 200, output: b'{"data":{"onboot":1,"hostname":"Reverse","arch":"amd64","rootfs":"local:104/vm-104-disk-1.raw,size=8G","digest":"e9c6b4b151eea6edb71d3d9845061a199cf772b7","net0":"name=eth0,bridge=vmbr0,gw=30.20.0.101,hwaddr=82:B7:23:59:0D:47,ip=30.20.0.104/24,type=veth","swap":1024,"ostype":"debian","memory":2560,"cores":1}}'
INFO:proxmoxer.core:GET https://localhost:36127/api2/json/nodes/ASPAS-NodeA/lxc/104/config
DEBUG:urllib3.connectionpool:https://localhost:36127 "GET /api2/json/nodes/ASPAS-NodeA/lxc/104/config HTTP/1.1" 200 310
DEBUG:proxmoxer.core:Status code: 200, output: b'{"data":{"onboot":1,"arch":"amd64","hostname":"Reverse","rootfs":"local:104/vm-104-disk-1.raw,size=8G","digest":"e9c6b4b151eea6edb71d3d9845061a199cf772b7","net0":"name=eth0,bridge=vmbr0,gw=30.20.0.101,hwaddr=82:B7:23:59:0D:47,ip=30.20.0.104/24,type=veth","swap":1024,"ostype":"debian","memory":2560,"cores":1}}'
INFO:proxmoxer.core:GET https://localhost:36127/api2/json/nodes/ASPAS-NodeA/openvz
DEBUG:urllib3.connectionpool:https://localhost:36127 "GET /api2/json/nodes/ASPAS-NodeA/openvz HTTP/1.1" 501 13
DEBUG:proxmoxer.core:Status code: 501, output: b'{"data":null}'
ERROR:root:501 Not Implemented: b'{"data":null}'
DEBUG:paramiko.transport:[chan 2] EOF sent (2)
DEBUG:paramiko.transport:[chan 2] EOF received (2)
DEBUG:paramiko.transport:EOF in transport thread
INFO:root:10176::ASPAS-NodeA
INFO:zabbix_api.ZabbixAPISubClass:20: Creating ZabbixAPISubClass
DEBUG:zabbix_api.ZabbixAPISubClass:Going to do_request for <function checkauth.<locals>.ret at 0x7f827b2ff1e0> with opts {'output': ['status'], 'filter': {'hostid': '10176'}}
INFO:root:[{'hostid': '10176', 'status': '0'}]
INFO:zabbix_api.ZabbixAPISubClass:20: Creating ZabbixAPISubClass
DEBUG:zabbix_api.ZabbixAPISubClass:Going to do_request for <function checkauth.<locals>.ret at 0x7f827b2ff1e0> with opts {'output': ['key_', 'lastvalue'], 'filter': {'hostid': '10176'}}
INFO:root:10198::PFsense_ASPAS
INFO:zabbix_api.ZabbixAPISubClass:20: Creating ZabbixAPISubClass
DEBUG:zabbix_api.ZabbixAPISubClass:Going to do_request for <function checkauth.<locals>.ret at 0x7f827b2ff1e0> with opts {'output': ['status'], 'filter': {'hostid': '10198'}}
INFO:root:[{'hostid': '10198', 'status': '0'}]
INFO:zabbix_api.ZabbixAPISubClass:20: Creating ZabbixAPISubClass
DEBUG:zabbix_api.ZabbixAPISubClass:Going to do_request for <function checkauth.<locals>.ret at 0x7f827b2ff1e0> with opts {'output': ['key_', 'lastvalue'], 'filter': {'hostid': '10198'}}
INFO:root:None
INFO:zabbix_api.ZabbixAPISubClass:20: Creating ZabbixAPISubClass
DEBUG:zabbix_api.ZabbixAPISubClass:Going to do_request for <function checkauth.<locals>.ret at 0x7f827b2ff1e0> with opts {'output': ['hostid', 'name', 'ip'], 'selectInterfaces': ['ip'], 'filter': {'ip': '30.20.0.106'}}
INFO:root:10120::MySQLHD_ASPAS
INFO:zabbix_api.ZabbixAPISubClass:20: Creating ZabbixAPISubClass
DEBUG:zabbix_api.ZabbixAPISubClass:Going to do_request for <function checkauth.<locals>.ret at 0x7f827b2ff1e0> with opts {'output': ['status'], 'filter': {'hostid': '10120'}}
INFO:root:[{'hostid': '10120', 'status': '0'}]
INFO:zabbix_api.ZabbixAPISubClass:20: Creating ZabbixAPISubClass
DEBUG:zabbix_api.ZabbixAPISubClass:Going to do_request for <function checkauth.<locals>.ret at 0x7f827b2ff1e0> with opts {'output': ['key_', 'lastvalue'], 'filter': {'hostid': '10120'}}
INFO:root:10118::Reverse_ASPAS
INFO:zabbix_api.ZabbixAPISubClass:20: Creating ZabbixAPISubClass
DEBUG:zabbix_api.ZabbixAPISubClass:Going to do_request for <function checkauth.<locals>.ret at 0x7f827b2ff1e0> with opts {'output': ['status'], 'filter': {'hostid': '10118'}}
INFO:root:[{'hostid': '10118', 'status': '0'}]
INFO:zabbix_api.ZabbixAPISubClass:20: Creating ZabbixAPISubClass
DEBUG:zabbix_api.ZabbixAPISubClass:Going to do_request for <function checkauth.<locals>.ret at 0x7f827b2ff1e0> with opts {'output': ['key_', 'lastvalue'], 'filter': {'hostid': '10118'}}
INFO:root:10116::LDAP_ASPAS
INFO:zabbix_api.ZabbixAPISubClass:20: Creating ZabbixAPISubClass
DEBUG:zabbix_api.ZabbixAPISubClass:Going to do_request for <function checkauth.<locals>.ret at 0x7f827b2ff1e0> with opts {'output': ['status'], 'filter': {'hostid': '10116'}}
INFO:root:[{'hostid': '10116', 'status': '0'}]
INFO:zabbix_api.ZabbixAPISubClass:20: Creating ZabbixAPISubClass
DEBUG:zabbix_api.ZabbixAPISubClass:Going to do_request for <function checkauth.<locals>.ret at 0x7f827b2ff1e0> with opts {'output': ['key_', 'lastvalue'], 'filter': {'hostid': '10116'}}
INFO:root:10119::ProjectWP_ASPAS
INFO:zabbix_api.ZabbixAPISubClass:20: Creating ZabbixAPISubClass
DEBUG:zabbix_api.ZabbixAPISubClass:Going to do_request for <function checkauth.<locals>.ret at 0x7f827b2ff1e0> with opts {'output': ['status'], 'filter': {'hostid': '10119'}}
INFO:root:[{'hostid': '10119', 'status': '0'}]
INFO:zabbix_api.ZabbixAPISubClass:20: Creating ZabbixAPISubClass
DEBUG:zabbix_api.ZabbixAPISubClass:Going to do_request for <function checkauth.<locals>.ret at 0x7f827b2ff1e0> with opts {'output': ['key_', 'lastvalue'], 'filter': {'hostid': '10119'}}
INFO:root:None
INFO:zabbix_api.ZabbixAPISubClass:20: Creating ZabbixAPISubClass
DEBUG:zabbix_api.ZabbixAPISubClass:Going to do_request for <function checkauth.<locals>.ret at 0x7f827b2ff1e0> with opts {'output': ['hostid', 'name', 'ip'], 'selectInterfaces': ['ip'], 'filter': {'ip': '30.20.0.10'}}
INFO:root:None
INFO:zabbix_api.ZabbixAPISubClass:20: Creating ZabbixAPISubClass
DEBUG:zabbix_api.ZabbixAPISubClass:Going to do_request for <function checkauth.<locals>.ret at 0x7f827b2ff1e0> with opts {'output': ['hostid', 'name', 'ip'], 'selectInterfaces': ['ip'], 'filter': {'ip': '10.1.1.254'}}
INFO:root:None
INFO:zabbix_api.ZabbixAPISubClass:20: Creating ZabbixAPISubClass
DEBUG:zabbix_api.ZabbixAPISubClass:Going to do_request for <function checkauth.<locals>.ret at 0x7f827b2ff1e0> with opts {'output': ['hostid', 'name', 'ip'], 'selectInterfaces': ['ip'], 'filter': {'ip': '10.1.1.153'}}
ERROR:root:Expecting value: line 1 column 1 (char 0)
ERROR:root:Expecting value: line 1 column 1 (char 0)
ERROR:root:Expecting value: line 1 column 1 (char 0)
ERROR:root:Expecting value: line 1 column 1 (char 0)
ERROR:root:HTTPSConnectionPool(host='10.255.0.253', port=8006): Max retries exceeded with url: /api2/json/access/ticket (Caused by NewConnectionError('<urllib3.connection.VerifiedHTTPSConnection object at 0x7f8263fa2400>: Failed to establish a new connection: [Errno 110] Connection timed out',))
INFO:root:Unable to access proxmox api
INFO:root:10183::DL580LAB_BUREAU
INFO:zabbix_api.ZabbixAPISubClass:20: Creating ZabbixAPISubClass
DEBUG:zabbix_api.ZabbixAPISubClass:Going to do_request for <function checkauth.<locals>.ret at 0x7f827b2ff1e0> with opts {'output': ['status'], 'filter': {'hostid': '10183'}}
INFO:root:[{'hostid': '10183', 'status': '0'}]
INFO:zabbix_api.ZabbixAPISubClass:20: Creating ZabbixAPISubClass
DEBUG:zabbix_api.ZabbixAPISubClass:Going to do_request for <function checkauth.<locals>.ret at 0x7f827b2ff1e0> with opts {'output': ['key_', 'lastvalue'], 'filter': {'hostid': '10183'}}
INFO:root:None
INFO:zabbix_api.ZabbixAPISubClass:20: Creating ZabbixAPISubClass
DEBUG:zabbix_api.ZabbixAPISubClass:Going to do_request for <function checkauth.<locals>.ret at 0x7f827b2ff1e0> with opts {'output': ['hostid', 'name', 'ip'], 'selectInterfaces': ['ip'], 'filter': {'ip': '10.255.0.222'}}
INFO:root:10189::MutFich_BUREAU
INFO:zabbix_api.ZabbixAPISubClass:20: Creating ZabbixAPISubClass
DEBUG:zabbix_api.ZabbixAPISubClass:Going to do_request for <function checkauth.<locals>.ret at 0x7f827b2ff1e0> with opts {'output': ['status'], 'filter': {'hostid': '10189'}}
INFO:root:[{'hostid': '10189', 'status': '0'}]
INFO:zabbix_api.ZabbixAPISubClass:20: Creating ZabbixAPISubClass
DEBUG:zabbix_api.ZabbixAPISubClass:Going to do_request for <function checkauth.<locals>.ret at 0x7f827b2ff1e0> with opts {'output': ['key_', 'lastvalue'], 'filter': {'hostid': '10189'}}
INFO:root:None
INFO:zabbix_api.ZabbixAPISubClass:20: Creating ZabbixAPISubClass
DEBUG:zabbix_api.ZabbixAPISubClass:Going to do_request for <function checkauth.<locals>.ret at 0x7f827b2ff1e0> with opts {'output': ['hostid', 'name', 'ip'], 'selectInterfaces': ['ip'], 'filter': {'ip': '10.255.0.12'}}
INFO:root:10185::MutCups_BUREAU
INFO:zabbix_api.ZabbixAPISubClass:20: Creating ZabbixAPISubClass
DEBUG:zabbix_api.ZabbixAPISubClass:Going to do_request for <function checkauth.<locals>.ret at 0x7f827b2ff1e0> with opts {'output': ['status'], 'filter': {'hostid': '10185'}}
INFO:root:[{'hostid': '10185', 'status': '0'}]
INFO:zabbix_api.ZabbixAPISubClass:20: Creating ZabbixAPISubClass
DEBUG:zabbix_api.ZabbixAPISubClass:Going to do_request for <function checkauth.<locals>.ret at 0x7f827b2ff1e0> with opts {'output': ['key_', 'lastvalue'], 'filter': {'hostid': '10185'}}
INFO:root:10186::Mut2go_BUREAU
INFO:zabbix_api.ZabbixAPISubClass:20: Creating ZabbixAPISubClass
DEBUG:zabbix_api.ZabbixAPISubClass:Going to do_request for <function checkauth.<locals>.ret at 0x7f827b2ff1e0> with opts {'output': ['status'], 'filter': {'hostid': '10186'}}
INFO:root:[{'hostid': '10186', 'status': '0'}]
INFO:zabbix_api.ZabbixAPISubClass:20: Creating ZabbixAPISubClass
DEBUG:zabbix_api.ZabbixAPISubClass:Going to do_request for <function checkauth.<locals>.ret at 0x7f827b2ff1e0> with opts {'output': ['key_', 'lastvalue'], 'filter': {'hostid': '10186'}}
INFO:root:10187::crm_BUREAU
INFO:zabbix_api.ZabbixAPISubClass:20: Creating ZabbixAPISubClass
DEBUG:zabbix_api.ZabbixAPISubClass:Going to do_request for <function checkauth.<locals>.ret at 0x7f827b2ff1e0> with opts {'output': ['status'], 'filter': {'hostid': '10187'}}
INFO:root:10193::FNEBoard_BUREAU
INFO:zabbix_api.ZabbixAPISubClass:20: Creating ZabbixAPISubClass
DEBUG:zabbix_api.ZabbixAPISubClass:Going to do_request for <function checkauth.<locals>.ret at 0x7f827b2ff1e0> with opts {'output': ['status'], 'filter': {'hostid': '10193'}}
INFO:root:[{'hostid': '10193', 'status': '0'}]
INFO:zabbix_api.ZabbixAPISubClass:20: Creating ZabbixAPISubClass
DEBUG:zabbix_api.ZabbixAPISubClass:Going to do_request for <function checkauth.<locals>.ret at 0x7f827b2ff1e0> with opts {'output': ['key_', 'lastvalue'], 'filter': {'hostid': '10193'}}
INFO:root:10188::Reverse_BUREAU
INFO:zabbix_api.ZabbixAPISubClass:20: Creating ZabbixAPISubClass
DEBUG:zabbix_api.ZabbixAPISubClass:Going to do_request for <function checkauth.<locals>.ret at 0x7f827b2ff1e0> with opts {'output': ['status'], 'filter': {'hostid': '10188'}}
INFO:root:[{'hostid': '10188', 'status': '0'}]
INFO:zabbix_api.ZabbixAPISubClass:20: Creating ZabbixAPISubClass
DEBUG:zabbix_api.ZabbixAPISubClass:Going to do_request for <function checkauth.<locals>.ret at 0x7f827b2ff1e0> with opts {'output': ['key_', 'lastvalue'], 'filter': {'hostid': '10188'}}
INFO:root:10225::pfsense_Kimsufi
INFO:zabbix_api.ZabbixAPISubClass:20: Creating ZabbixAPISubClass
DEBUG:zabbix_api.ZabbixAPISubClass:Going to do_request for <function checkauth.<locals>.ret at 0x7f827b2ff1e0> with opts {'output': ['status'], 'filter': {'hostid': '10225'}}
INFO:root:[{'hostid': '10225', 'status': '0'}]
INFO:zabbix_api.ZabbixAPISubClass:20: Creating ZabbixAPISubClass
DEBUG:zabbix_api.ZabbixAPISubClass:Going to do_request for <function checkauth.<locals>.ret at 0x7f827b2ff1e0> with opts {'output': ['key_', 'lastvalue'], 'filter': {'hostid': '10225'}}
INFO:root:process EL_1530624449.65NDO1U
DEBUG:paramiko.transport:starting thread (client mode): 0x7aad2518
DEBUG:paramiko.transport:Local version/idstring: SSH-2.0-paramiko_2.4.2
DEBUG:paramiko.transport:Remote version/idstring: SSH-2.0-OpenSSH_7.4p1 Debian-10+deb9u2
INFO:paramiko.transport:Connected (version 2.0, client OpenSSH_7.4p1)
DEBUG:paramiko.transport:kex algos:['curve25519-sha256', 'curve25519-sha256@libssh.org', 'ecdh-sha2-nistp256', 'ecdh-sha2-nistp384', 'ecdh-sha2-nistp521', 'diffie-hellman-group-exchange-sha256', 'diffie-hellman-group16-sha512', 'diffie-hellman-group18-sha512', 'diffie-hellman-group14-sha256', 'diffie-hellman-group14-sha1'] server key:['ssh-rsa', 'rsa-sha2-512', 'rsa-sha2-256', 'ecdsa-sha2-nistp256', 'ssh-ed25519'] client encrypt:['chacha20-poly1305@openssh.com', 'aes128-ctr', 'aes192-ctr', 'aes256-ctr', 'aes128-gcm@openssh.com', 'aes256-gcm@openssh.com'] server encrypt:['chacha20-poly1305@openssh.com', 'aes128-ctr', 'aes192-ctr', 'aes256-ctr', 'aes128-gcm@openssh.com', 'aes256-gcm@openssh.com'] client mac:['umac-64-etm@openssh.com', 'umac-128-etm@openssh.com', 'hmac-sha2-256-etm@openssh.com', 'hmac-sha2-512-etm@openssh.com', 'hmac-sha1-etm@openssh.com', 'umac-64@openssh.com', 'umac-128@openssh.com', 'hmac-sha2-256', 'hmac-sha2-512', 'hmac-sha1'] server mac:['umac-64-etm@openssh.com', 'umac-128-etm@openssh.com', 'hmac-sha2-256-etm@openssh.com', 'hmac-sha2-512-etm@openssh.com', 'hmac-sha1-etm@openssh.com', 'umac-64@openssh.com', 'umac-128@openssh.com', 'hmac-sha2-256', 'hmac-sha2-512', 'hmac-sha1'] client compress:['none', 'zlib@openssh.com'] server compress:['none', 'zlib@openssh.com'] client lang:[''] server lang:[''] kex follows?False
DEBUG:paramiko.transport:Kex agreed: ecdh-sha2-nistp256
DEBUG:paramiko.transport:HostKey agreed: ssh-ed25519
DEBUG:paramiko.transport:Cipher agreed: aes128-ctr
DEBUG:paramiko.transport:MAC agreed: hmac-sha2-256
DEBUG:paramiko.transport:Compression agreed: none
DEBUG:paramiko.transport:kex engine KexNistp256 specified hash_algo <built-in function openssl_sha256>
DEBUG:paramiko.transport:Switch to new keys ...
DEBUG:paramiko.transport:Attempting password auth...
DEBUG:paramiko.transport:userauth is OK
INFO:paramiko.transport:Authentication (password) successful!
DEBUG:urllib3.connectionpool:Starting new HTTPS connection (1): localhost:38155
DEBUG:paramiko.transport:[chan 0] Max packet in: 32768 bytes
DEBUG:paramiko.transport:Received global request "hostkeys-00@openssh.com"
DEBUG:paramiko.transport:Rejecting "hostkeys-00@openssh.com" global request from server.
DEBUG:paramiko.transport:[chan 0] Max packet out: 32768 bytes
DEBUG:paramiko.transport:Secsh channel 0 opened.
DEBUG:urllib3.connectionpool:https://localhost:38155 "POST /api2/json/access/ticket HTTP/1.1" 401 13
ERROR:root:Couldn't authenticate user: root@pam to https://localhost:38155/api2/json/access/ticket
INFO:root:Unable to access proxmox api
DEBUG:paramiko.transport:[chan 0] EOF sent (0)
DEBUG:paramiko.transport:[chan 0] EOF received (0)
DEBUG:paramiko.transport:EOF in transport thread
INFO:root:10181::Prod-Node4
INFO:zabbix_api.ZabbixAPISubClass:20: Creating ZabbixAPISubClass
DEBUG:zabbix_api.ZabbixAPISubClass:Going to do_request for <function checkauth.<locals>.ret at 0x7f827b2ff1e0> with opts {'output': ['status'], 'filter': {'hostid': '10181'}}
INFO:root:[{'hostid': '10181', 'status': '0'}]
INFO:zabbix_api.ZabbixAPISubClass:20: Creating ZabbixAPISubClass
INFO:root:10184::EduDot_BUREAU
DEBUG:zabbix_api.ZabbixAPISubClass:Going to do_request for <function checkauth.<locals>.ret at 0x7f827b2ff1e0> with opts {'output': ['key_', 'lastvalue'], 'filter': {'hostid': '10181'}}
INFO:zabbix_api.ZabbixAPISubClass:20: Creating ZabbixAPISubClass
DEBUG:zabbix_api.ZabbixAPISubClass:Going to do_request for <function checkauth.<locals>.ret at 0x7f827b2ff1e0> with opts {'output': ['status'], 'filter': {'hostid': '10184'}}
INFO:root:[{'hostid': '10184', 'status': '0'}]
INFO:zabbix_api.ZabbixAPISubClass:20: Creating ZabbixAPISubClass
DEBUG:zabbix_api.ZabbixAPISubClass:Going to do_request for <function checkauth.<locals>.ret at 0x7f827b2ff1e0> with opts {'output': ['key_', 'lastvalue'], 'filter': {'hostid': '10184'}}
INFO:root:10280::MutRdp9_Prod
INFO:zabbix_api.ZabbixAPISubClass:20: Creating ZabbixAPISubClass
DEBUG:zabbix_api.ZabbixAPISubClass:Going to do_request for <function checkauth.<locals>.ret at 0x7f827b2ff1e0> with opts {'output': ['status'], 'filter': {'hostid': '10280'}}
INFO:root:[{'hostid': '10280', 'status': '1'}]
INFO:root:10125::LPFBox_PROD
INFO:zabbix_api.ZabbixAPISubClass:20: Creating ZabbixAPISubClass
DEBUG:zabbix_api.ZabbixAPISubClass:Going to do_request for <function checkauth.<locals>.ret at 0x7f827b2ff1e0> with opts {'output': ['status'], 'filter': {'hostid': '10125'}}
INFO:root:[{'hostid': '10125', 'status': '0'}]
INFO:zabbix_api.ZabbixAPISubClass:20: Creating ZabbixAPISubClass
DEBUG:zabbix_api.ZabbixAPISubClass:Going to do_request for <function checkauth.<locals>.ret at 0x7f827b2ff1e0> with opts {'output': ['key_', 'lastvalue'], 'filter': {'hostid': '10125'}}
INFO:root:10191::MutLdap_BUREAU
INFO:zabbix_api.ZabbixAPISubClass:20: Creating ZabbixAPISubClass
DEBUG:zabbix_api.ZabbixAPISubClass:Going to do_request for <function checkauth.<locals>.ret at 0x7f827b2ff1e0> with opts {'output': ['status'], 'filter': {'hostid': '10191'}}
INFO:root:[{'hostid': '10191', 'status': '0'}]
INFO:zabbix_api.ZabbixAPISubClass:20: Creating ZabbixAPISubClass
DEBUG:zabbix_api.ZabbixAPISubClass:Going to do_request for <function checkauth.<locals>.ret at 0x7f827b2ff1e0> with opts {'output': ['key_', 'lastvalue'], 'filter': {'hostid': '10191'}}
INFO:root:10202::pfSense_PROD
INFO:zabbix_api.ZabbixAPISubClass:20: Creating ZabbixAPISubClass
DEBUG:zabbix_api.ZabbixAPISubClass:Going to do_request for <function checkauth.<locals>.ret at 0x7f827b2ff1e0> with opts {'output': ['status'], 'filter': {'hostid': '10202'}}
INFO:root:[{'hostid': '10202', 'status': '0'}]
INFO:zabbix_api.ZabbixAPISubClass:20: Creating ZabbixAPISubClass
DEBUG:zabbix_api.ZabbixAPISubClass:Going to do_request for <function checkauth.<locals>.ret at 0x7f827b2ff1e0> with opts {'output': ['key_', 'lastvalue'], 'filter': {'hostid': '10202'}}
INFO:root:None
INFO:root:10192::MutSquid_BUREAU
INFO:zabbix_api.ZabbixAPISubClass:20: Creating ZabbixAPISubClass
INFO:zabbix_api.ZabbixAPISubClass:20: Creating ZabbixAPISubClass
DEBUG:zabbix_api.ZabbixAPISubClass:Going to do_request for <function checkauth.<locals>.ret at 0x7f827b2ff1e0> with opts {'output': ['hostid', 'name', 'ip'], 'selectInterfaces': ['ip'], 'filter': {'ip': '10.1.1.106'}}
DEBUG:zabbix_api.ZabbixAPISubClass:Going to do_request for <function checkauth.<locals>.ret at 0x7f827b2ff1e0> with opts {'output': ['status'], 'filter': {'hostid': '10192'}}
INFO:root:10126::ALHWP_PROD
INFO:zabbix_api.ZabbixAPISubClass:20: Creating ZabbixAPISubClass
DEBUG:zabbix_api.ZabbixAPISubClass:Going to do_request for <function checkauth.<locals>.ret at 0x7f827b2ff1e0> with opts {'output': ['status'], 'filter': {'hostid': '10126'}}
INFO:root:[{'hostid': '10126', 'status': '0'}]
INFO:zabbix_api.ZabbixAPISubClass:20: Creating ZabbixAPISubClass
DEBUG:zabbix_api.ZabbixAPISubClass:Going to do_request for <function checkauth.<locals>.ret at 0x7f827b2ff1e0> with opts {'output': ['key_', 'lastvalue'], 'filter': {'hostid': '10126'}}
INFO:root:[{'hostid': '10192', 'status': '0'}]
INFO:zabbix_api.ZabbixAPISubClass:20: Creating ZabbixAPISubClass
DEBUG:zabbix_api.ZabbixAPISubClass:Going to do_request for <function checkauth.<locals>.ret at 0x7f827b2ff1e0> with opts {'output': ['key_', 'lastvalue'], 'filter': {'hostid': '10192'}}
INFO:root:None
INFO:zabbix_api.ZabbixAPISubClass:20: Creating ZabbixAPISubClass
DEBUG:zabbix_api.ZabbixAPISubClass:Going to do_request for <function checkauth.<locals>.ret at 0x7f827b2ff1e0> with opts {'output': ['hostid', 'name', 'ip'], 'selectInterfaces': ['ip'], 'filter': {'ip': '10.1.1.152'}}
INFO:root:process EL_1530624477.26SPA97
DEBUG:paramiko.transport:starting thread (client mode): 0x63f4f198
DEBUG:paramiko.transport:Local version/idstring: SSH-2.0-paramiko_2.4.2
DEBUG:paramiko.transport:Remote version/idstring: SSH-2.0-OpenSSH_7.4p1 Debian-10+deb9u2
INFO:paramiko.transport:Connected (version 2.0, client OpenSSH_7.4p1)
DEBUG:paramiko.transport:kex algos:['curve25519-sha256', 'curve25519-sha256@libssh.org', 'ecdh-sha2-nistp256', 'ecdh-sha2-nistp384', 'ecdh-sha2-nistp521', 'diffie-hellman-group-exchange-sha256', 'diffie-hellman-group16-sha512', 'diffie-hellman-group18-sha512', 'diffie-hellman-group14-sha256', 'diffie-hellman-group14-sha1'] server key:['ssh-rsa', 'rsa-sha2-512', 'rsa-sha2-256', 'ecdsa-sha2-nistp256', 'ssh-ed25519'] client encrypt:['chacha20-poly1305@openssh.com', 'aes128-ctr', 'aes192-ctr', 'aes256-ctr', 'aes128-gcm@openssh.com', 'aes256-gcm@openssh.com'] server encrypt:['chacha20-poly1305@openssh.com', 'aes128-ctr', 'aes192-ctr', 'aes256-ctr', 'aes128-gcm@openssh.com', 'aes256-gcm@openssh.com'] client mac:['umac-64-etm@openssh.com', 'umac-128-etm@openssh.com', 'hmac-sha2-256-etm@openssh.com', 'hmac-sha2-512-etm@openssh.com', 'hmac-sha1-etm@openssh.com', 'umac-64@openssh.com', 'umac-128@openssh.com', 'hmac-sha2-256', 'hmac-sha2-512', 'hmac-sha1'] server mac:['umac-64-etm@openssh.com', 'umac-128-etm@openssh.com', 'hmac-sha2-256-etm@openssh.com', 'hmac-sha2-512-etm@openssh.com', 'hmac-sha1-etm@openssh.com', 'umac-64@openssh.com', 'umac-128@openssh.com', 'hmac-sha2-256', 'hmac-sha2-512', 'hmac-sha1'] client compress:['none', 'zlib@openssh.com'] server compress:['none', 'zlib@openssh.com'] client lang:[''] server lang:[''] kex follows?False
DEBUG:paramiko.transport:Kex agreed: ecdh-sha2-nistp256
DEBUG:paramiko.transport:HostKey agreed: ssh-ed25519
DEBUG:paramiko.transport:Cipher agreed: aes128-ctr
DEBUG:paramiko.transport:MAC agreed: hmac-sha2-256
DEBUG:paramiko.transport:Compression agreed: none
DEBUG:paramiko.transport:kex engine KexNistp256 specified hash_algo <built-in function openssl_sha256>
DEBUG:paramiko.transport:Switch to new keys ...
DEBUG:paramiko.transport:Attempting password auth...
DEBUG:paramiko.transport:userauth is OK
INFO:paramiko.transport:Authentication (password) successful!
DEBUG:urllib3.connectionpool:Starting new HTTPS connection (1): localhost:52155
DEBUG:paramiko.transport:[chan 0] Max packet in: 32768 bytes
DEBUG:paramiko.transport:Received global request "hostkeys-00@openssh.com"
DEBUG:paramiko.transport:Rejecting "hostkeys-00@openssh.com" global request from server.
DEBUG:paramiko.transport:[chan 0] Max packet out: 32768 bytes
DEBUG:paramiko.transport:Secsh channel 0 opened.
INFO:root:None
INFO:zabbix_api.ZabbixAPISubClass:20: Creating ZabbixAPISubClass
DEBUG:zabbix_api.ZabbixAPISubClass:Going to do_request for <function checkauth.<locals>.ret at 0x7f827b2ff1e0> with opts {'output': ['hostid', 'name', 'ip'], 'selectInterfaces': ['ip'], 'filter': {'ip': '10.1.1.252'}}
INFO:root:process EL_1530624227.45DEP43
DEBUG:paramiko.transport:starting thread (client mode): 0x63fa2160
DEBUG:paramiko.transport:Local version/idstring: SSH-2.0-paramiko_2.4.2
DEBUG:paramiko.transport:Remote version/idstring: SSH-2.0-OpenSSH_7.4p1 Debian-10+deb9u2
INFO:paramiko.transport:Connected (version 2.0, client OpenSSH_7.4p1)
DEBUG:paramiko.transport:kex algos:['curve25519-sha256', 'curve25519-sha256@libssh.org', 'ecdh-sha2-nistp256', 'ecdh-sha2-nistp384', 'ecdh-sha2-nistp521', 'diffie-hellman-group-exchange-sha256', 'diffie-hellman-group16-sha512', 'diffie-hellman-group18-sha512', 'diffie-hellman-group14-sha256', 'diffie-hellman-group14-sha1'] server key:['ssh-rsa', 'rsa-sha2-512', 'rsa-sha2-256', 'ecdsa-sha2-nistp256', 'ssh-ed25519'] client encrypt:['chacha20-poly1305@openssh.com', 'aes128-ctr', 'aes192-ctr', 'aes256-ctr', 'aes128-gcm@openssh.com', 'aes256-gcm@openssh.com'] server encrypt:['chacha20-poly1305@openssh.com', 'aes128-ctr', 'aes192-ctr', 'aes256-ctr', 'aes128-gcm@openssh.com', 'aes256-gcm@openssh.com'] client mac:['umac-64-etm@openssh.com', 'umac-128-etm@openssh.com', 'hmac-sha2-256-etm@openssh.com', 'hmac-sha2-512-etm@openssh.com', 'hmac-sha1-etm@openssh.com', 'umac-64@openssh.com', 'umac-128@openssh.com', 'hmac-sha2-256', 'hmac-sha2-512', 'hmac-sha1'] server mac:['umac-64-etm@openssh.com', 'umac-128-etm@openssh.com', 'hmac-sha2-256-etm@openssh.com', 'hmac-sha2-512-etm@openssh.com', 'hmac-sha1-etm@openssh.com', 'umac-64@openssh.com', 'umac-128@openssh.com', 'hmac-sha2-256', 'hmac-sha2-512', 'hmac-sha1'] client compress:['none', 'zlib@openssh.com'] server compress:['none', 'zlib@openssh.com'] client lang:[''] server lang:[''] kex follows?False
DEBUG:paramiko.transport:Kex agreed: ecdh-sha2-nistp256
DEBUG:paramiko.transport:HostKey agreed: ssh-ed25519
DEBUG:paramiko.transport:Cipher agreed: aes128-ctr
DEBUG:paramiko.transport:MAC agreed: hmac-sha2-256
DEBUG:paramiko.transport:Compression agreed: none
DEBUG:paramiko.transport:kex engine KexNistp256 specified hash_algo <built-in function openssl_sha256>
DEBUG:paramiko.transport:Switch to new keys ...
DEBUG:paramiko.transport:Attempting password auth...
DEBUG:paramiko.transport:userauth is OK
INFO:paramiko.transport:Authentication (password) successful!
DEBUG:urllib3.connectionpool:Starting new HTTPS connection (1): localhost:34647
DEBUG:paramiko.transport:[chan 0] Max packet in: 32768 bytes
DEBUG:paramiko.transport:Received global request "hostkeys-00@openssh.com"
DEBUG:paramiko.transport:Rejecting "hostkeys-00@openssh.com" global request from server.
DEBUG:paramiko.transport:[chan 0] Max packet out: 32768 bytes
DEBUG:paramiko.transport:Secsh channel 0 opened.
DEBUG:urllib3.connectionpool:https://localhost:52155 "POST /api2/json/access/ticket HTTP/1.1" 401 13
ERROR:root:Couldn't authenticate user: root@pam to https://localhost:52155/api2/json/access/ticket
INFO:root:Unable to access proxmox api
DEBUG:paramiko.transport:[chan 0] EOF sent (0)
DEBUG:paramiko.transport:[chan 0] EOF received (0)
DEBUG:paramiko.transport:EOF in transport thread
INFO:root:10182::SM-Node1
INFO:zabbix_api.ZabbixAPISubClass:20: Creating ZabbixAPISubClass
DEBUG:zabbix_api.ZabbixAPISubClass:Going to do_request for <function checkauth.<locals>.ret at 0x7f827b2ff1e0> with opts {'output': ['status'], 'filter': {'hostid': '10182'}}
INFO:root:[{'hostid': '10182', 'status': '0'}]
INFO:zabbix_api.ZabbixAPISubClass:20: Creating ZabbixAPISubClass
DEBUG:zabbix_api.ZabbixAPISubClass:Going to do_request for <function checkauth.<locals>.ret at 0x7f827b2ff1e0> with opts {'output': ['key_', 'lastvalue'], 'filter': {'hostid': '10182'}}
INFO:root:10127::onlyoffice_PROD
INFO:zabbix_api.ZabbixAPISubClass:20: Creating ZabbixAPISubClass
DEBUG:zabbix_api.ZabbixAPISubClass:Going to do_request for <function checkauth.<locals>.ret at 0x7f827b2ff1e0> with opts {'output': ['status'], 'filter': {'hostid': '10127'}}
INFO:root:10128::prodCode_PROD
INFO:zabbix_api.ZabbixAPISubClass:20: Creating ZabbixAPISubClass
DEBUG:zabbix_api.ZabbixAPISubClass:Going to do_request for <function checkauth.<locals>.ret at 0x7f827b2ff1e0> with opts {'output': ['status'], 'filter': {'hostid': '10128'}}
INFO:root:[{'hostid': '10128', 'status': '0'}]
INFO:zabbix_api.ZabbixAPISubClass:20: Creating ZabbixAPISubClass
DEBUG:zabbix_api.ZabbixAPISubClass:Going to do_request for <function checkauth.<locals>.ret at 0x7f827b2ff1e0> with opts {'output': ['key_', 'lastvalue'], 'filter': {'hostid': '10128'}}
DEBUG:urllib3.connectionpool:https://localhost:34647 "POST /api2/json/access/ticket HTTP/1.1" 401 13
ERROR:root:Couldn't authenticate user: root@pam to https://localhost:34647/api2/json/access/ticket
INFO:root:Unable to access proxmox api
DEBUG:paramiko.transport:[chan 0] EOF sent (0)
DEBUG:paramiko.transport:[chan 0] EOF received (0)
INFO:root:10129::RevNginx_PROD
INFO:zabbix_api.ZabbixAPISubClass:20: Creating ZabbixAPISubClass
DEBUG:zabbix_api.ZabbixAPISubClass:Going to do_request for <function checkauth.<locals>.ret at 0x7f827b2ff1e0> with opts {'output': ['status'], 'filter': {'hostid': '10129'}}
INFO:root:[{'hostid': '10129', 'status': '0'}]
INFO:zabbix_api.ZabbixAPISubClass:20: Creating ZabbixAPISubClass
DEBUG:zabbix_api.ZabbixAPISubClass:Going to do_request for <function checkauth.<locals>.ret at 0x7f827b2ff1e0> with opts {'output': ['key_', 'lastvalue'], 'filter': {'hostid': '10129'}}
DEBUG:paramiko.transport:EOF in transport thread
INFO:root:10179::Prod-Node3
INFO:zabbix_api.ZabbixAPISubClass:20: Creating ZabbixAPISubClass
DEBUG:zabbix_api.ZabbixAPISubClass:Going to do_request for <function checkauth.<locals>.ret at 0x7f827b2ff1e0> with opts {'output': ['status'], 'filter': {'hostid': '10179'}}
INFO:root:[{'hostid': '10179', 'status': '0'}]
INFO:zabbix_api.ZabbixAPISubClass:20: Creating ZabbixAPISubClass
DEBUG:zabbix_api.ZabbixAPISubClass:Going to do_request for <function checkauth.<locals>.ret at 0x7f827b2ff1e0> with opts {'output': ['key_', 'lastvalue'], 'filter': {'hostid': '10179'}}
INFO:root:10130::NV-deploy_PROD
INFO:zabbix_api.ZabbixAPISubClass:20: Creating ZabbixAPISubClass
DEBUG:zabbix_api.ZabbixAPISubClass:Going to do_request for <function checkauth.<locals>.ret at 0x7f827b2ff1e0> with opts {'output': ['status'], 'filter': {'hostid': '10130'}}
INFO:root:[{'hostid': '10130', 'status': '0'}]
INFO:zabbix_api.ZabbixAPISubClass:20: Creating ZabbixAPISubClass
DEBUG:zabbix_api.ZabbixAPISubClass:Going to do_request for <function checkauth.<locals>.ret at 0x7f827b2ff1e0> with opts {'output': ['key_', 'lastvalue'], 'filter': {'hostid': '10130'}}
INFO:root:None
INFO:zabbix_api.ZabbixAPISubClass:20: Creating ZabbixAPISubClass
DEBUG:zabbix_api.ZabbixAPISubClass:Going to do_request for <function checkauth.<locals>.ret at 0x7f827b2ff1e0> with opts {'output': ['hostid', 'name', 'ip'], 'selectInterfaces': ['ip'], 'filter': {'ip': '10.1.1.90'}}
INFO:root:10131::DotriverLXDE_PROD
INFO:zabbix_api.ZabbixAPISubClass:20: Creating ZabbixAPISubClass
DEBUG:zabbix_api.ZabbixAPISubClass:Going to do_request for <function checkauth.<locals>.ret at 0x7f827b2ff1e0> with opts {'output': ['status'], 'filter': {'hostid': '10131'}}
INFO:root:[{'hostid': '10131', 'status': '0'}]
INFO:zabbix_api.ZabbixAPISubClass:20: Creating ZabbixAPISubClass
DEBUG:zabbix_api.ZabbixAPISubClass:Going to do_request for <function checkauth.<locals>.ret at 0x7f827b2ff1e0> with opts {'output': ['key_', 'lastvalue'], 'filter': {'hostid': '10131'}}
INFO:root:10084::Zabbix server
INFO:zabbix_api.ZabbixAPISubClass:20: Creating ZabbixAPISubClass
DEBUG:zabbix_api.ZabbixAPISubClass:Going to do_request for <function checkauth.<locals>.ret at 0x7f827b2ff1e0> with opts {'output': ['status'], 'filter': {'hostid': '10084'}}
INFO:root:[{'hostid': '10084', 'status': '0'}]
INFO:zabbix_api.ZabbixAPISubClass:20: Creating ZabbixAPISubClass
DEBUG:zabbix_api.ZabbixAPISubClass:Going to do_request for <function checkauth.<locals>.ret at 0x7f827b2ff1e0> with opts {'output': ['key_', 'lastvalue'], 'filter': {'hostid': '10084'}}
INFO:root:10221::EDUldap_PROD
INFO:zabbix_api.ZabbixAPISubClass:20: Creating ZabbixAPISubClass
DEBUG:zabbix_api.ZabbixAPISubClass:Going to do_request for <function checkauth.<locals>.ret at 0x7f827b2ff1e0> with opts {'output': ['status'], 'filter': {'hostid': '10221'}}
INFO:root:10132::MutX9_PROD
INFO:zabbix_api.ZabbixAPISubClass:20: Creating ZabbixAPISubClass
DEBUG:zabbix_api.ZabbixAPISubClass:Going to do_request for <function checkauth.<locals>.ret at 0x7f827b2ff1e0> with opts {'output': ['status'], 'filter': {'hostid': '10132'}}
INFO:root:[{'hostid': '10221', 'status': '0'}]
INFO:zabbix_api.ZabbixAPISubClass:20: Creating ZabbixAPISubClass
DEBUG:zabbix_api.ZabbixAPISubClass:Going to do_request for <function checkauth.<locals>.ret at 0x7f827b2ff1e0> with opts {'output': ['key_', 'lastvalue'], 'filter': {'hostid': '10221'}}
INFO:root:[{'hostid': '10132', 'status': '0'}]
INFO:zabbix_api.ZabbixAPISubClass:20: Creating ZabbixAPISubClass
DEBUG:zabbix_api.ZabbixAPISubClass:Going to do_request for <function checkauth.<locals>.ret at 0x7f827b2ff1e0> with opts {'output': ['key_', 'lastvalue'], 'filter': {'hostid': '10132'}}
INFO:root:process EL_1530624608.84CTQI2
DEBUG:paramiko.transport:starting thread (client mode): 0x6009b0b8
DEBUG:paramiko.transport:Local version/idstring: SSH-2.0-paramiko_2.4.2
DEBUG:paramiko.transport:Remote version/idstring: SSH-2.0-OpenSSH_7.4p1 Debian-10+deb9u2
INFO:paramiko.transport:Connected (version 2.0, client OpenSSH_7.4p1)
DEBUG:paramiko.transport:kex algos:['curve25519-sha256', 'curve25519-sha256@libssh.org', 'ecdh-sha2-nistp256', 'ecdh-sha2-nistp384', 'ecdh-sha2-nistp521', 'diffie-hellman-group-exchange-sha256', 'diffie-hellman-group16-sha512', 'diffie-hellman-group18-sha512', 'diffie-hellman-group14-sha256', 'diffie-hellman-group14-sha1'] server key:['ssh-rsa', 'rsa-sha2-512', 'rsa-sha2-256', 'ecdsa-sha2-nistp256', 'ssh-ed25519'] client encrypt:['chacha20-poly1305@openssh.com', 'aes128-ctr', 'aes192-ctr', 'aes256-ctr', 'aes128-gcm@openssh.com', 'aes256-gcm@openssh.com'] server encrypt:['chacha20-poly1305@openssh.com', 'aes128-ctr', 'aes192-ctr', 'aes256-ctr', 'aes128-gcm@openssh.com', 'aes256-gcm@openssh.com'] client mac:['umac-64-etm@openssh.com', 'umac-128-etm@openssh.com', 'hmac-sha2-256-etm@openssh.com', 'hmac-sha2-512-etm@openssh.com', 'hmac-sha1-etm@openssh.com', 'umac-64@openssh.com', 'umac-128@openssh.com', 'hmac-sha2-256', 'hmac-sha2-512', 'hmac-sha1'] server mac:['umac-64-etm@openssh.com', 'umac-128-etm@openssh.com', 'hmac-sha2-256-etm@openssh.com', 'hmac-sha2-512-etm@openssh.com', 'hmac-sha1-etm@openssh.com', 'umac-64@openssh.com', 'umac-128@openssh.com', 'hmac-sha2-256', 'hmac-sha2-512', 'hmac-sha1'] client compress:['none', 'zlib@openssh.com'] server compress:['none', 'zlib@openssh.com'] client lang:[''] server lang:[''] kex follows?False
DEBUG:paramiko.transport:Kex agreed: ecdh-sha2-nistp256
DEBUG:paramiko.transport:HostKey agreed: ssh-ed25519
DEBUG:paramiko.transport:Cipher agreed: aes128-ctr
DEBUG:paramiko.transport:MAC agreed: hmac-sha2-256
DEBUG:paramiko.transport:Compression agreed: none
DEBUG:paramiko.transport:kex engine KexNistp256 specified hash_algo <built-in function openssl_sha256>
DEBUG:paramiko.transport:Switch to new keys ...
DEBUG:paramiko.transport:Attempting password auth...
DEBUG:paramiko.transport:userauth is OK
INFO:paramiko.transport:Authentication (password) successful!
DEBUG:urllib3.connectionpool:Starting new HTTPS connection (1): localhost:35693
DEBUG:paramiko.transport:[chan 0] Max packet in: 32768 bytes
DEBUG:paramiko.transport:Received global request "hostkeys-00@openssh.com"
DEBUG:paramiko.transport:Rejecting "hostkeys-00@openssh.com" global request from server.
ERROR:paramiko.transport:Secsh channel 0 open FAILED: Connection refused: Connect failed
ERROR:root:(2, 'Connect failed')
ERROR:root:('Connection aborted.', OSError(0, 'Error'))
INFO:root:Unable to access proxmox api
DEBUG:paramiko.transport:EOF in transport thread
INFO:root:10222::EDUsquid_PROD
INFO:zabbix_api.ZabbixAPISubClass:20: Creating ZabbixAPISubClass
DEBUG:zabbix_api.ZabbixAPISubClass:Going to do_request for <function checkauth.<locals>.ret at 0x7f827b2ff1e0> with opts {'output': ['status'], 'filter': {'hostid': '10222'}}
INFO:root:10180::SM-node2
INFO:zabbix_api.ZabbixAPISubClass:20: Creating ZabbixAPISubClass
DEBUG:zabbix_api.ZabbixAPISubClass:Going to do_request for <function checkauth.<locals>.ret at 0x7f827b2ff1e0> with opts {'output': ['status'], 'filter': {'hostid': '10180'}}
INFO:root:[{'hostid': '10222', 'status': '0'}]
INFO:root:[{'hostid': '10180', 'status': '0'}]
INFO:zabbix_api.ZabbixAPISubClass:20: Creating ZabbixAPISubClass
INFO:zabbix_api.ZabbixAPISubClass:20: Creating ZabbixAPISubClass
DEBUG:zabbix_api.ZabbixAPISubClass:Going to do_request for <function checkauth.<locals>.ret at 0x7f827b2ff1e0> with opts {'output': ['key_', 'lastvalue'], 'filter': {'hostid': '10222'}}
DEBUG:zabbix_api.ZabbixAPISubClass:Going to do_request for <function checkauth.<locals>.ret at 0x7f827b2ff1e0> with opts {'output': ['key_', 'lastvalue'], 'filter': {'hostid': '10180'}}
INFO:root:None
INFO:zabbix_api.ZabbixAPISubClass:20: Creating ZabbixAPISubClass
DEBUG:zabbix_api.ZabbixAPISubClass:Going to do_request for <function checkauth.<locals>.ret at 0x7f827b2ff1e0> with opts {'output': ['hostid', 'name', 'ip'], 'selectInterfaces': ['ip'], 'filter': {'ip': '10.1.1.88'}}
INFO:root:10230::EDU2go_PROD
INFO:zabbix_api.ZabbixAPISubClass:20: Creating ZabbixAPISubClass
DEBUG:zabbix_api.ZabbixAPISubClass:Going to do_request for <function checkauth.<locals>.ret at 0x7f827b2ff1e0> with opts {'output': ['status'], 'filter': {'hostid': '10230'}}
INFO:root:[{'hostid': '10230', 'status': '0'}]
INFO:zabbix_api.ZabbixAPISubClass:20: Creating ZabbixAPISubClass
DEBUG:zabbix_api.ZabbixAPISubClass:Going to do_request for <function checkauth.<locals>.ret at 0x7f827b2ff1e0> with opts {'output': ['key_', 'lastvalue'], 'filter': {'hostid': '10230'}}
INFO:root:process EL_1530799158.677LKFW
ERROR:root:'Database' object has no attribute 'get_children'
DEBUG:urllib3.connectionpool:Starting new HTTPS connection (1): 10.255.0.253:8006
ERROR:root:Expecting value: line 1 column 1 (char 0)
ERROR:root:HTTPSConnectionPool(host='10.255.0.253', port=8006): Max retries exceeded with url: /api2/json/access/ticket (Caused by NewConnectionError('<urllib3.connection.VerifiedHTTPSConnection object at 0x7f8260050cc0>: Failed to establish a new connection: [Errno 110] Connection timed out',))
INFO:root:Unable to access proxmox api
INFO:root:10183::DL580LAB_BUREAU
INFO:zabbix_api.ZabbixAPISubClass:20: Creating ZabbixAPISubClass
DEBUG:zabbix_api.ZabbixAPISubClass:Going to do_request for <function checkauth.<locals>.ret at 0x7f827b2ff1e0> with opts {'output': ['status'], 'filter': {'hostid': '10183'}}
INFO:root:[{'hostid': '10183', 'status': '0'}]
INFO:zabbix_api.ZabbixAPISubClass:20: Creating ZabbixAPISubClass
DEBUG:zabbix_api.ZabbixAPISubClass:Going to do_request for <function checkauth.<locals>.ret at 0x7f827b2ff1e0> with opts {'output': ['key_', 'lastvalue'], 'filter': {'hostid': '10183'}}
INFO:root:None
INFO:zabbix_api.ZabbixAPISubClass:20: Creating ZabbixAPISubClass
DEBUG:zabbix_api.ZabbixAPISubClass:Going to do_request for <function checkauth.<locals>.ret at 0x7f827b2ff1e0> with opts {'output': ['hostid', 'name', 'ip'], 'selectInterfaces': ['ip'], 'filter': {'ip': '10.255.0.222'}}
INFO:root:10189::MutFich_BUREAU
INFO:zabbix_api.ZabbixAPISubClass:20: Creating ZabbixAPISubClass
DEBUG:zabbix_api.ZabbixAPISubClass:Going to do_request for <function checkauth.<locals>.ret at 0x7f827b2ff1e0> with opts {'output': ['status'], 'filter': {'hostid': '10189'}}
INFO:root:[{'hostid': '10189', 'status': '0'}]
INFO:zabbix_api.ZabbixAPISubClass:20: Creating ZabbixAPISubClass
DEBUG:zabbix_api.ZabbixAPISubClass:Going to do_request for <function checkauth.<locals>.ret at 0x7f827b2ff1e0> with opts {'output': ['key_', 'lastvalue'], 'filter': {'hostid': '10189'}}
INFO:root:None
INFO:zabbix_api.ZabbixAPISubClass:20: Creating ZabbixAPISubClass
DEBUG:zabbix_api.ZabbixAPISubClass:Going to do_request for <function checkauth.<locals>.ret at 0x7f827b2ff1e0> with opts {'output': ['hostid', 'name', 'ip'], 'selectInterfaces': ['ip'], 'filter': {'ip': '10.255.0.12'}}
INFO:root:10185::MutCups_BUREAU
INFO:zabbix_api.ZabbixAPISubClass:20: Creating ZabbixAPISubClass
DEBUG:zabbix_api.ZabbixAPISubClass:Going to do_request for <function checkauth.<locals>.ret at 0x7f827b2ff1e0> with opts {'output': ['status'], 'filter': {'hostid': '10185'}}
INFO:root:[{'hostid': '10185', 'status': '0'}]
INFO:zabbix_api.ZabbixAPISubClass:20: Creating ZabbixAPISubClass
DEBUG:zabbix_api.ZabbixAPISubClass:Going to do_request for <function checkauth.<locals>.ret at 0x7f827b2ff1e0> with opts {'output': ['key_', 'lastvalue'], 'filter': {'hostid': '10185'}}
INFO:root:10186::Mut2go_BUREAU
INFO:zabbix_api.ZabbixAPISubClass:20: Creating ZabbixAPISubClass
DEBUG:zabbix_api.ZabbixAPISubClass:Going to do_request for <function checkauth.<locals>.ret at 0x7f827b2ff1e0> with opts {'output': ['status'], 'filter': {'hostid': '10186'}}
INFO:root:[{'hostid': '10186', 'status': '0'}]
INFO:zabbix_api.ZabbixAPISubClass:20: Creating ZabbixAPISubClass
DEBUG:zabbix_api.ZabbixAPISubClass:Going to do_request for <function checkauth.<locals>.ret at 0x7f827b2ff1e0> with opts {'output': ['key_', 'lastvalue'], 'filter': {'hostid': '10186'}}
INFO:root:10187::crm_BUREAU
INFO:zabbix_api.ZabbixAPISubClass:20: Creating ZabbixAPISubClass
DEBUG:zabbix_api.ZabbixAPISubClass:Going to do_request for <function checkauth.<locals>.ret at 0x7f827b2ff1e0> with opts {'output': ['status'], 'filter': {'hostid': '10187'}}
INFO:root:10193::FNEBoard_BUREAU
INFO:zabbix_api.ZabbixAPISubClass:20: Creating ZabbixAPISubClass
DEBUG:zabbix_api.ZabbixAPISubClass:Going to do_request for <function checkauth.<locals>.ret at 0x7f827b2ff1e0> with opts {'output': ['status'], 'filter': {'hostid': '10193'}}
INFO:root:[{'hostid': '10193', 'status': '0'}]
INFO:zabbix_api.ZabbixAPISubClass:20: Creating ZabbixAPISubClass
DEBUG:zabbix_api.ZabbixAPISubClass:Going to do_request for <function checkauth.<locals>.ret at 0x7f827b2ff1e0> with opts {'output': ['key_', 'lastvalue'], 'filter': {'hostid': '10193'}}
INFO:root:10188::Reverse_BUREAU
INFO:zabbix_api.ZabbixAPISubClass:20: Creating ZabbixAPISubClass
DEBUG:zabbix_api.ZabbixAPISubClass:Going to do_request for <function checkauth.<locals>.ret at 0x7f827b2ff1e0> with opts {'output': ['status'], 'filter': {'hostid': '10188'}}
INFO:root:[{'hostid': '10188', 'status': '0'}]
INFO:zabbix_api.ZabbixAPISubClass:20: Creating ZabbixAPISubClass
DEBUG:zabbix_api.ZabbixAPISubClass:Going to do_request for <function checkauth.<locals>.ret at 0x7f827b2ff1e0> with opts {'output': ['key_', 'lastvalue'], 'filter': {'hostid': '10188'}}
INFO:root:10225::pfsense_Kimsufi
INFO:zabbix_api.ZabbixAPISubClass:20: Creating ZabbixAPISubClass
DEBUG:zabbix_api.ZabbixAPISubClass:Going to do_request for <function checkauth.<locals>.ret at 0x7f827b2ff1e0> with opts {'output': ['status'], 'filter': {'hostid': '10225'}}
INFO:root:[{'hostid': '10225', 'status': '0'}]
INFO:zabbix_api.ZabbixAPISubClass:20: Creating ZabbixAPISubClass
DEBUG:zabbix_api.ZabbixAPISubClass:Going to do_request for <function checkauth.<locals>.ret at 0x7f827b2ff1e0> with opts {'output': ['key_', 'lastvalue'], 'filter': {'hostid': '10225'}}
INFO:root:10184::EduDot_BUREAU
INFO:zabbix_api.ZabbixAPISubClass:20: Creating ZabbixAPISubClass
DEBUG:zabbix_api.ZabbixAPISubClass:Going to do_request for <function checkauth.<locals>.ret at 0x7f827b2ff1e0> with opts {'output': ['status'], 'filter': {'hostid': '10184'}}
INFO:root:[{'hostid': '10184', 'status': '0'}]
INFO:zabbix_api.ZabbixAPISubClass:20: Creating ZabbixAPISubClass
DEBUG:zabbix_api.ZabbixAPISubClass:Going to do_request for <function checkauth.<locals>.ret at 0x7f827b2ff1e0> with opts {'output': ['key_', 'lastvalue'], 'filter': {'hostid': '10184'}}
INFO:root:10191::MutLdap_BUREAU
INFO:zabbix_api.ZabbixAPISubClass:20: Creating ZabbixAPISubClass
DEBUG:zabbix_api.ZabbixAPISubClass:Going to do_request for <function checkauth.<locals>.ret at 0x7f827b2ff1e0> with opts {'output': ['status'], 'filter': {'hostid': '10191'}}
INFO:root:[{'hostid': '10191', 'status': '0'}]
INFO:zabbix_api.ZabbixAPISubClass:20: Creating ZabbixAPISubClass
DEBUG:zabbix_api.ZabbixAPISubClass:Going to do_request for <function checkauth.<locals>.ret at 0x7f827b2ff1e0> with opts {'output': ['key_', 'lastvalue'], 'filter': {'hostid': '10191'}}
INFO:root:10192::MutSquid_BUREAU
INFO:zabbix_api.ZabbixAPISubClass:20: Creating ZabbixAPISubClass
DEBUG:zabbix_api.ZabbixAPISubClass:Going to do_request for <function checkauth.<locals>.ret at 0x7f827b2ff1e0> with opts {'output': ['status'], 'filter': {'hostid': '10192'}}
INFO:root:[{'hostid': '10192', 'status': '0'}]
INFO:zabbix_api.ZabbixAPISubClass:20: Creating ZabbixAPISubClass
DEBUG:zabbix_api.ZabbixAPISubClass:Going to do_request for <function checkauth.<locals>.ret at 0x7f827b2ff1e0> with opts {'output': ['key_', 'lastvalue'], 'filter': {'hostid': '10192'}}
INFO:root:process EL_1532359274.91CU5YS
DEBUG:paramiko.transport:starting thread (client mode): 0x60028860
DEBUG:paramiko.transport:Local version/idstring: SSH-2.0-paramiko_2.4.2
DEBUG:paramiko.transport:Remote version/idstring: SSH-2.0-OpenSSH_7.4p1 Debian-10+deb9u3
INFO:paramiko.transport:Connected (version 2.0, client OpenSSH_7.4p1)
DEBUG:paramiko.transport:kex algos:['curve25519-sha256', 'curve25519-sha256@libssh.org', 'ecdh-sha2-nistp256', 'ecdh-sha2-nistp384', 'ecdh-sha2-nistp521', 'diffie-hellman-group-exchange-sha256', 'diffie-hellman-group16-sha512', 'diffie-hellman-group18-sha512', 'diffie-hellman-group14-sha256', 'diffie-hellman-group14-sha1'] server key:['ssh-rsa', 'rsa-sha2-512', 'rsa-sha2-256', 'ecdsa-sha2-nistp256', 'ssh-ed25519'] client encrypt:['chacha20-poly1305@openssh.com', 'aes128-ctr', 'aes192-ctr', 'aes256-ctr', 'aes128-gcm@openssh.com', 'aes256-gcm@openssh.com'] server encrypt:['chacha20-poly1305@openssh.com', 'aes128-ctr', 'aes192-ctr', 'aes256-ctr', 'aes128-gcm@openssh.com', 'aes256-gcm@openssh.com'] client mac:['umac-64-etm@openssh.com', 'umac-128-etm@openssh.com', 'hmac-sha2-256-etm@openssh.com', 'hmac-sha2-512-etm@openssh.com', 'hmac-sha1-etm@openssh.com', 'umac-64@openssh.com', 'umac-128@openssh.com', 'hmac-sha2-256', 'hmac-sha2-512', 'hmac-sha1'] server mac:['umac-64-etm@openssh.com', 'umac-128-etm@openssh.com', 'hmac-sha2-256-etm@openssh.com', 'hmac-sha2-512-etm@openssh.com', 'hmac-sha1-etm@openssh.com', 'umac-64@openssh.com', 'umac-128@openssh.com', 'hmac-sha2-256', 'hmac-sha2-512', 'hmac-sha1'] client compress:['none', 'zlib@openssh.com'] server compress:['none', 'zlib@openssh.com'] client lang:[''] server lang:[''] kex follows?False
DEBUG:paramiko.transport:Kex agreed: ecdh-sha2-nistp256
DEBUG:paramiko.transport:HostKey agreed: ssh-ed25519
DEBUG:paramiko.transport:Cipher agreed: aes128-ctr
DEBUG:paramiko.transport:MAC agreed: hmac-sha2-256
DEBUG:paramiko.transport:Compression agreed: none
DEBUG:paramiko.transport:kex engine KexNistp256 specified hash_algo <built-in function openssl_sha256>
DEBUG:paramiko.transport:Switch to new keys ...
DEBUG:paramiko.transport:Attempting password auth...
DEBUG:paramiko.transport:userauth is OK
INFO:paramiko.transport:Authentication (password) successful!
DEBUG:urllib3.connectionpool:Starting new HTTPS connection (1): localhost:38793
DEBUG:paramiko.transport:[chan 0] Max packet in: 32768 bytes
DEBUG:paramiko.transport:Received global request "hostkeys-00@openssh.com"
DEBUG:paramiko.transport:Rejecting "hostkeys-00@openssh.com" global request from server.
DEBUG:paramiko.transport:[chan 0] Max packet out: 32768 bytes
DEBUG:paramiko.transport:Secsh channel 0 opened.
DEBUG:urllib3.connectionpool:https://localhost:38793 "POST /api2/json/access/ticket HTTP/1.1" 200 650
INFO:root:PVE API ACCES OK
INFO:proxmoxer.core:GET https://localhost:38793/api2/json/nodes
DEBUG:paramiko.transport:[chan 0] EOF sent (0)
DEBUG:urllib3.connectionpool:Starting new HTTPS connection (1): localhost:38793
DEBUG:paramiko.transport:[chan 1] Max packet in: 32768 bytes
DEBUG:paramiko.transport:[chan 0] EOF received (0)
DEBUG:paramiko.transport:[chan 1] Max packet out: 32768 bytes
DEBUG:paramiko.transport:Secsh channel 1 opened.
DEBUG:urllib3.connectionpool:https://localhost:38793 "GET /api2/json/nodes HTTP/1.1" 200 351
DEBUG:proxmoxer.core:Status code: 200, output: b'{"data":[{"uptime":28393014,"status":"online","level":"","cpu":0.227523190623329,"disk":62465966080,"maxmem":67516858368,"mem":24801218560,"type":"node","maxcpu":24,"maxdisk":165100326912,"node":"ASPAS-NodeA","id":"node/ASPAS-NodeA","ssl_fingerprint":"C7:97:48:08:44:30:F8:B0:47:5B:1C:AC:F7:42:66:6C:80:50:E1:07:C5:1C:C2:1C:03:4E:8B:90:AE:06:F8:D1"}]}'
DEBUG:paramiko.transport:starting thread (client mode): 0x60026160
DEBUG:paramiko.transport:Local version/idstring: SSH-2.0-paramiko_2.4.2
DEBUG:paramiko.transport:Remote version/idstring: SSH-2.0-OpenSSH_7.4p1 Debian-10+deb9u3
INFO:paramiko.transport:Connected (version 2.0, client OpenSSH_7.4p1)
DEBUG:paramiko.transport:kex algos:['curve25519-sha256', 'curve25519-sha256@libssh.org', 'ecdh-sha2-nistp256', 'ecdh-sha2-nistp384', 'ecdh-sha2-nistp521', 'diffie-hellman-group-exchange-sha256', 'diffie-hellman-group16-sha512', 'diffie-hellman-group18-sha512', 'diffie-hellman-group14-sha256', 'diffie-hellman-group14-sha1'] server key:['ssh-rsa', 'rsa-sha2-512', 'rsa-sha2-256', 'ecdsa-sha2-nistp256', 'ssh-ed25519'] client encrypt:['chacha20-poly1305@openssh.com', 'aes128-ctr', 'aes192-ctr', 'aes256-ctr', 'aes128-gcm@openssh.com', 'aes256-gcm@openssh.com'] server encrypt:['chacha20-poly1305@openssh.com', 'aes128-ctr', 'aes192-ctr', 'aes256-ctr', 'aes128-gcm@openssh.com', 'aes256-gcm@openssh.com'] client mac:['umac-64-etm@openssh.com', 'umac-128-etm@openssh.com', 'hmac-sha2-256-etm@openssh.com', 'hmac-sha2-512-etm@openssh.com', 'hmac-sha1-etm@openssh.com', 'umac-64@openssh.com', 'umac-128@openssh.com', 'hmac-sha2-256', 'hmac-sha2-512', 'hmac-sha1'] server mac:['umac-64-etm@openssh.com', 'umac-128-etm@openssh.com', 'hmac-sha2-256-etm@openssh.com', 'hmac-sha2-512-etm@openssh.com', 'hmac-sha1-etm@openssh.com', 'umac-64@openssh.com', 'umac-128@openssh.com', 'hmac-sha2-256', 'hmac-sha2-512', 'hmac-sha1'] client compress:['none', 'zlib@openssh.com'] server compress:['none', 'zlib@openssh.com'] client lang:[''] server lang:[''] kex follows?False
DEBUG:paramiko.transport:Kex agreed: ecdh-sha2-nistp256
DEBUG:paramiko.transport:HostKey agreed: ssh-ed25519
DEBUG:paramiko.transport:Cipher agreed: aes128-ctr
DEBUG:paramiko.transport:MAC agreed: hmac-sha2-256
DEBUG:paramiko.transport:Compression agreed: none
DEBUG:paramiko.transport:kex engine KexNistp256 specified hash_algo <built-in function openssl_sha256>
DEBUG:paramiko.transport:Switch to new keys ...
DEBUG:paramiko.transport:Adding ssh-ed25519 host key for 30.20.0.100: b'b96d55f9ea70af48bd6c92f2a1cf5ee6'
DEBUG:paramiko.transport:Trying discovered key b'59fc2a643f6f374a66f3a3048bdece50' in /home/samir/.ssh/id_rsa
DEBUG:paramiko.transport:userauth is OK
INFO:paramiko.transport:Authentication (publickey) failed.
DEBUG:paramiko.transport:Trying discovered key b'45fbb737d7f9835389ebbaa1bd1e65e4' in /home/samir/.ssh/id_ecdsa
DEBUG:paramiko.transport:userauth is OK
INFO:paramiko.transport:Authentication (publickey) failed.
DEBUG:paramiko.transport:userauth is OK
INFO:paramiko.transport:Authentication (password) successful!
DEBUG:paramiko.transport:[chan 0] Max packet in: 32768 bytes
DEBUG:paramiko.transport:Received global request "hostkeys-00@openssh.com"
DEBUG:paramiko.transport:Rejecting "hostkeys-00@openssh.com" global request from server.
DEBUG:paramiko.transport:[chan 0] Max packet out: 32768 bytes
DEBUG:paramiko.transport:Secsh channel 0 opened.
DEBUG:paramiko.transport:[chan 0] Sesch channel 0 request ok
DEBUG:paramiko.transport:[chan 0] Sesch channel 0 request ok
DEBUG:paramiko.transport:[chan 1] EOF received (1)
DEBUG:paramiko.transport:[chan 1] EOF sent (1)
DEBUG:paramiko.transport:[chan 0] EOF received (0)
INFO:proxmoxer.core:GET https://localhost:38793/api2/json/nodes/ASPAS-NodeA/qemu
DEBUG:urllib3.connectionpool:Resetting dropped connection: localhost
DEBUG:paramiko.transport:[chan 2] Max packet in: 32768 bytes
DEBUG:paramiko.transport:[chan 2] Max packet out: 32768 bytes
DEBUG:paramiko.transport:Secsh channel 2 opened.
DEBUG:urllib3.connectionpool:https://localhost:38793 "GET /api2/json/nodes/ASPAS-NodeA/qemu HTTP/1.1" 200 608
DEBUG:proxmoxer.core:Status code: 200, output: b'{"data":[{"netin":66987515633,"status":"running","uptime":27146699,"diskwrite":0,"vmid":106,"pid":"15694","diskread":0,"netout":84343458443,"mem":1482154288,"cpus":2,"maxmem":2147483648,"cpu":0,"template":"","maxdisk":16106127360,"disk":0,"name":"AspasZabbixProxy"},{"balloon_min":2147483648,"diskread":0,"netout":100582907,"uptime":2173082,"netin":108573586,"status":"running","diskwrite":0,"pid":"4149","vmid":107,"disk":0,"maxdisk":34359738368,"name":"CiviCRMtest","shares":1000,"cpus":8,"maxmem":4294967296,"mem":2105828826,"cpu":0.00481172663551088,"template":""},{"netout":237779490600,"diskread":0,"pid":"2094","vmid":101,"diskwrite":0,"netin":323665622641,"status":"running","uptime":28393005,"name":"pfSense","disk":0,"maxdisk":10737418240,"template":"","cpu":0,"cpus":2,"maxmem":1073741824,"mem":499383511},{"cpu":0,"template":"","cpus":1,"maxmem":1073741824,"mem":718036147,"name":"LDAP","disk":0,"maxdisk":16106127360,"pid":"400","vmid":102,"netin":10633528821,"status":"running","uptime":27236672,"diskwrite":0,"netout":12074504609,"diskread":0},{"vmid":105,"pid":"18532","netin":295330557911,"status":"running","uptime":25487779,"diskwrite":0,"netout":6506113752095,"diskread":0,"balloon_min":536870912,"cpu":0,"template":"","mem":1444342128,"cpus":4,"maxmem":2147483648,"shares":1000,"name":"MySQLHD","maxdisk":10737418240,"disk":0},{"netout":163787117927,"balloon_min":2147483648,"diskread":0,"pid":"32260","vmid":103,"diskwrite":0,"uptime":21242789,"netin":1502177564895,"status":"running","name":"CiviCRM","shares":1000,"disk":0,"maxdisk":34359738368,"template":"","cpu":0,"cpus":8,"maxmem":4294967296,"mem":3528743820}]}'
INFO:root:DISCOVER :: AspasZabbixProxy
INFO:proxmoxer.core:GET https://localhost:38793/api2/json/nodes/ASPAS-NodeA/qemu/106/config
DEBUG:urllib3.connectionpool:https://localhost:38793 "GET /api2/json/nodes/ASPAS-NodeA/qemu/106/config HTTP/1.1" 200 385
DEBUG:proxmoxer.core:Status code: 200, output: b'{"data":{"scsihw":"virtio-scsi-pci","sockets":2,"ide2":"none,media=cdrom","bootdisk":"scsi0","smbios1":"uuid=d5292895-2f88-4389-a867-21923cf39759","memory":2048,"ostype":"l26","name":"AspasZabbixProxy","digest":"f37fc0dde484d42bff3b16477f44faaf8d436441","net0":"e1000=52:DB:C4:96:A4:0F,bridge=vmbr0","numa":0,"cores":1,"scsi0":"local:106/vm-106-disk-1.qcow2,size=15G","keyboard":"fr"}}'
INFO:proxmoxer.core:GET https://localhost:38793/api2/json/nodes/ASPAS-NodeA/qemu/106/config
DEBUG:urllib3.connectionpool:https://localhost:38793 "GET /api2/json/nodes/ASPAS-NodeA/qemu/106/config HTTP/1.1" 200 385
DEBUG:proxmoxer.core:Status code: 200, output: b'{"data":{"scsihw":"virtio-scsi-pci","sockets":2,"ide2":"none,media=cdrom","bootdisk":"scsi0","smbios1":"uuid=d5292895-2f88-4389-a867-21923cf39759","memory":2048,"ostype":"l26","numa":0,"net0":"e1000=52:DB:C4:96:A4:0F,bridge=vmbr0","digest":"f37fc0dde484d42bff3b16477f44faaf8d436441","name":"AspasZabbixProxy","keyboard":"fr","scsi0":"local:106/vm-106-disk-1.qcow2,size=15G","cores":1}}'
INFO:root:DISCOVER :: CiviCRMtest
INFO:proxmoxer.core:GET https://localhost:38793/api2/json/nodes/ASPAS-NodeA/qemu/107/config
DEBUG:urllib3.connectionpool:https://localhost:38793 "GET /api2/json/nodes/ASPAS-NodeA/qemu/107/config HTTP/1.1" 200 407
DEBUG:proxmoxer.core:Status code: 200, output: b'{"data":{"cores":2,"scsi0":"local:107/vm-107-disk-1.qcow2,size=32G","balloon":2048,"name":"CiviCRMtest","digest":"86dbc61851f05f97b78223a008de02386aa3bf07","net0":"e1000=72:C1:53:78:DC:A3,bridge=vmbr0","numa":0,"onboot":1,"parent":"snap7","bootdisk":"scsi0","smbios1":"uuid=d2f5a6dc-0bfe-49d0-a3ab-bf31cea5f91c","ide2":"none,media=cdrom","ostype":"l26","memory":4096,"scsihw":"virtio-scsi-pci","sockets":4}}'
INFO:proxmoxer.core:GET https://localhost:38793/api2/json/nodes/ASPAS-NodeA/qemu/107/config
DEBUG:urllib3.connectionpool:https://localhost:38793 "GET /api2/json/nodes/ASPAS-NodeA/qemu/107/config HTTP/1.1" 200 407
DEBUG:proxmoxer.core:Status code: 200, output: b'{"data":{"sockets":4,"scsihw":"virtio-scsi-pci","memory":4096,"ostype":"l26","bootdisk":"scsi0","smbios1":"uuid=d2f5a6dc-0bfe-49d0-a3ab-bf31cea5f91c","ide2":"none,media=cdrom","parent":"snap7","onboot":1,"numa":0,"net0":"e1000=72:C1:53:78:DC:A3,bridge=vmbr0","digest":"86dbc61851f05f97b78223a008de02386aa3bf07","name":"CiviCRMtest","balloon":2048,"scsi0":"local:107/vm-107-disk-1.qcow2,size=32G","cores":2}}'
INFO:root:DISCOVER :: pfSense
INFO:proxmoxer.core:GET https://localhost:38793/api2/json/nodes/ASPAS-NodeA/qemu/101/config
DEBUG:urllib3.connectionpool:https://localhost:38793 "GET /api2/json/nodes/ASPAS-NodeA/qemu/101/config HTTP/1.1" 200 457
DEBUG:proxmoxer.core:Status code: 200, output: b'{"data":{"smbios1":"uuid=898aef46-798a-467b-b3ce-a436507b3cbf","bootdisk":"scsi0","ide2":"local:iso/pfSense-CE-2.4.3-RELEASE-amd64.iso,media=cdrom","memory":1024,"ostype":"l26","scsihw":"virtio-scsi-pci","sockets":1,"scsi0":"local:101/vm-101-disk-1.qcow2,size=10G","cores":2,"net1":"e1000=1E:2E:AB:EC:CA:6E,bridge=vmbr1","name":"pfSense","numa":0,"net0":"e1000=36:62:09:B3:A5:7F,bridge=vmbr0","digest":"57e712a6c7afc645a88ed6bf933924069ba7976b","onboot":1}}'
INFO:proxmoxer.core:GET https://localhost:38793/api2/json/nodes/ASPAS-NodeA/qemu/101/config
DEBUG:urllib3.connectionpool:https://localhost:38793 "GET /api2/json/nodes/ASPAS-NodeA/qemu/101/config HTTP/1.1" 200 457
DEBUG:proxmoxer.core:Status code: 200, output: b'{"data":{"scsi0":"local:101/vm-101-disk-1.qcow2,size=10G","cores":2,"net1":"e1000=1E:2E:AB:EC:CA:6E,bridge=vmbr1","onboot":1,"name":"pfSense","numa":0,"digest":"57e712a6c7afc645a88ed6bf933924069ba7976b","net0":"e1000=36:62:09:B3:A5:7F,bridge=vmbr0","ostype":"l26","memory":1024,"bootdisk":"scsi0","ide2":"local:iso/pfSense-CE-2.4.3-RELEASE-amd64.iso,media=cdrom","smbios1":"uuid=898aef46-798a-467b-b3ce-a436507b3cbf","sockets":1,"scsihw":"virtio-scsi-pci"}}'
ERROR:root:'1E:2E:AB:EC:CA:6E'
INFO:proxmoxer.core:GET https://localhost:38793/api2/json/nodes/ASPAS-NodeA/qemu/101/config
DEBUG:urllib3.connectionpool:https://localhost:38793 "GET /api2/json/nodes/ASPAS-NodeA/qemu/101/config HTTP/1.1" 200 457
DEBUG:proxmoxer.core:Status code: 200, output: b'{"data":{"onboot":1,"name":"pfSense","numa":0,"net0":"e1000=36:62:09:B3:A5:7F,bridge=vmbr0","digest":"57e712a6c7afc645a88ed6bf933924069ba7976b","scsi0":"local:101/vm-101-disk-1.qcow2,size=10G","cores":2,"net1":"e1000=1E:2E:AB:EC:CA:6E,bridge=vmbr1","sockets":1,"scsihw":"virtio-scsi-pci","memory":1024,"ostype":"l26","bootdisk":"scsi0","smbios1":"uuid=898aef46-798a-467b-b3ce-a436507b3cbf","ide2":"local:iso/pfSense-CE-2.4.3-RELEASE-amd64.iso,media=cdrom"}}'
INFO:root:DISCOVER :: LDAP
INFO:proxmoxer.core:GET https://localhost:38793/api2/json/nodes/ASPAS-NodeA/qemu/102/config
DEBUG:urllib3.connectionpool:https://localhost:38793 "GET /api2/json/nodes/ASPAS-NodeA/qemu/102/config HTTP/1.1" 200 375
DEBUG:proxmoxer.core:Status code: 200, output: b'{"data":{"parent":"snap11","name":"LDAP","numa":0,"digest":"c066b10ba56e67983d1256d4ba6b619a15483655","net0":"e1000=66:66:A5:67:DC:69,bridge=vmbr0","scsi0":"local:102/vm-102-disk-1.qcow2,size=15G","cores":1,"sockets":1,"scsihw":"virtio-scsi-pci","memory":1024,"ostype":"l26","ide2":"none,media=cdrom","bootdisk":"scsi0","smbios1":"uuid=a24333e9-405a-4e29-b770-5904b4a3064c"}}'
INFO:proxmoxer.core:GET https://localhost:38793/api2/json/nodes/ASPAS-NodeA/qemu/102/config
DEBUG:urllib3.connectionpool:https://localhost:38793 "GET /api2/json/nodes/ASPAS-NodeA/qemu/102/config HTTP/1.1" 200 375
DEBUG:proxmoxer.core:Status code: 200, output: b'{"data":{"cores":1,"scsi0":"local:102/vm-102-disk-1.qcow2,size=15G","net0":"e1000=66:66:A5:67:DC:69,bridge=vmbr0","digest":"c066b10ba56e67983d1256d4ba6b619a15483655","numa":0,"name":"LDAP","parent":"snap11","bootdisk":"scsi0","smbios1":"uuid=a24333e9-405a-4e29-b770-5904b4a3064c","ide2":"none,media=cdrom","memory":1024,"ostype":"l26","scsihw":"virtio-scsi-pci","sockets":1}}'
INFO:root:DISCOVER :: MySQLHD
INFO:proxmoxer.core:GET https://localhost:38793/api2/json/nodes/ASPAS-NodeA/qemu/105/config
DEBUG:urllib3.connectionpool:https://localhost:38793 "GET /api2/json/nodes/ASPAS-NodeA/qemu/105/config HTTP/1.1" 200 410
DEBUG:proxmoxer.core:Status code: 200, output: b'{"data":{"scsi0":"local:105/vm-105-disk-1.qcow2,size=10G","cores":2,"balloon":512,"name":"MySQLHD","numa":0,"digest":"f629be46fae054bb9c5006cf59a4e738be5dc2c7","net0":"e1000=8A:AE:9F:57:2E:46,bridge=vmbr0","ide2":"local:iso/debian-9.5.0-amd64-netinst.iso,media=cdrom","smbios1":"uuid=d18f8c73-3738-48c2-bdad-3839200fccd2","bootdisk":"scsi0","memory":2048,"ostype":"l26","scsihw":"virtio-scsi-pci","sockets":2}}'
INFO:proxmoxer.core:GET https://localhost:38793/api2/json/nodes/ASPAS-NodeA/qemu/105/config
DEBUG:urllib3.connectionpool:https://localhost:38793 "GET /api2/json/nodes/ASPAS-NodeA/qemu/105/config HTTP/1.1" 200 410
DEBUG:proxmoxer.core:Status code: 200, output: b'{"data":{"scsihw":"virtio-scsi-pci","sockets":2,"smbios1":"uuid=d18f8c73-3738-48c2-bdad-3839200fccd2","bootdisk":"scsi0","ide2":"local:iso/debian-9.5.0-amd64-netinst.iso,media=cdrom","memory":2048,"ostype":"l26","name":"MySQLHD","digest":"f629be46fae054bb9c5006cf59a4e738be5dc2c7","net0":"e1000=8A:AE:9F:57:2E:46,bridge=vmbr0","numa":0,"cores":2,"scsi0":"local:105/vm-105-disk-1.qcow2,size=10G","balloon":512}}'
INFO:root:DISCOVER :: CiviCRM
INFO:proxmoxer.core:GET https://localhost:38793/api2/json/nodes/ASPAS-NodeA/qemu/103/config
DEBUG:urllib3.connectionpool:https://localhost:38793 "GET /api2/json/nodes/ASPAS-NodeA/qemu/103/config HTTP/1.1" 200 392
DEBUG:proxmoxer.core:Status code: 200, output: b'{"data":{"balloon":2048,"cores":2,"scsi0":"storage-ext:103/vm-103-disk-1.qcow2,size=32G","net0":"e1000=9A:11:3B:DA:0B:CB,bridge=vmbr0","digest":"b9abcbedd19d2680f2f217c26561850fbcd83685","numa":0,"name":"CiviCRM","onboot":1,"smbios1":"uuid=d2f5a6dc-0bfe-49d0-a3ab-bf31cea5f91c","ide2":"none,media=cdrom","bootdisk":"scsi0","memory":4096,"ostype":"l26","scsihw":"virtio-scsi-pci","sockets":4}}'
INFO:proxmoxer.core:GET https://localhost:38793/api2/json/nodes/ASPAS-NodeA/qemu/103/config
DEBUG:urllib3.connectionpool:https://localhost:38793 "GET /api2/json/nodes/ASPAS-NodeA/qemu/103/config HTTP/1.1" 200 392
DEBUG:proxmoxer.core:Status code: 200, output: b'{"data":{"sockets":4,"scsihw":"virtio-scsi-pci","ostype":"l26","memory":4096,"ide2":"none,media=cdrom","smbios1":"uuid=d2f5a6dc-0bfe-49d0-a3ab-bf31cea5f91c","bootdisk":"scsi0","onboot":1,"numa":0,"net0":"e1000=9A:11:3B:DA:0B:CB,bridge=vmbr0","digest":"b9abcbedd19d2680f2f217c26561850fbcd83685","name":"CiviCRM","balloon":2048,"scsi0":"storage-ext:103/vm-103-disk-1.qcow2,size=32G","cores":2}}'
INFO:proxmoxer.core:GET https://localhost:38793/api2/json/nodes/ASPAS-NodeA/lxc
DEBUG:urllib3.connectionpool:https://localhost:38793 "GET /api2/json/nodes/ASPAS-NodeA/lxc HTTP/1.1" 200 667
DEBUG:proxmoxer.core:Status code: 200, output: b'{"data":[{"swap":397496320,"name":"ProjectWP","maxdisk":"8388009984","disk":"1216016384","type":"lxc","template":"","cpu":0,"mem":1500405760,"cpus":1,"maxmem":2147483648,"maxswap":536870912,"netout":4140535546,"diskread":128909312,"vmid":"110","lock":"","pid":"5012","diskwrite":287461376,"uptime":23953862,"netin":4997029555,"status":"running"},{"mem":70328320,"maxswap":1073741824,"cpus":1,"maxmem":2684354560,"template":"","type":"lxc","cpu":0,"maxdisk":"8388009984","disk":"921968640","swap":4096,"name":"Reverse","diskwrite":389120,"uptime":43768,"netin":154957499,"status":"running","vmid":"104","lock":"","pid":"5780","diskread":119881728,"netout":165049054}]}'
INFO:proxmoxer.core:GET https://localhost:38793/api2/json/nodes/ASPAS-NodeA/lxc/110/config
DEBUG:urllib3.connectionpool:https://localhost:38793 "GET /api2/json/nodes/ASPAS-NodeA/lxc/110/config HTTP/1.1" 200 311
DEBUG:proxmoxer.core:Status code: 200, output: b'{"data":{"rootfs":"local:110/vm-110-disk-1.raw,size=8G","net0":"name=eth0,bridge=vmbr0,gw=30.20.0.101,hwaddr=72:C2:40:CA:51:EC,ip=30.20.0.110/24,type=veth","digest":"bfe53ca2bc66c0619f3e2eeae41659a92e22ff53","onboot":1,"arch":"amd64","hostname":"ProjectWP","cores":1,"swap":512,"ostype":"debian","memory":2048}}'
INFO:proxmoxer.core:GET https://localhost:38793/api2/json/nodes/ASPAS-NodeA/lxc/110/config
DEBUG:urllib3.connectionpool:https://localhost:38793 "GET /api2/json/nodes/ASPAS-NodeA/lxc/110/config HTTP/1.1" 200 311
DEBUG:proxmoxer.core:Status code: 200, output: b'{"data":{"onboot":1,"arch":"amd64","hostname":"ProjectWP","rootfs":"local:110/vm-110-disk-1.raw,size=8G","digest":"bfe53ca2bc66c0619f3e2eeae41659a92e22ff53","net0":"name=eth0,bridge=vmbr0,gw=30.20.0.101,hwaddr=72:C2:40:CA:51:EC,ip=30.20.0.110/24,type=veth","swap":512,"ostype":"debian","memory":2048,"cores":1}}'
INFO:proxmoxer.core:GET https://localhost:38793/api2/json/nodes/ASPAS-NodeA/lxc/104/config
DEBUG:urllib3.connectionpool:https://localhost:38793 "GET /api2/json/nodes/ASPAS-NodeA/lxc/104/config HTTP/1.1" 200 310
DEBUG:proxmoxer.core:Status code: 200, output: b'{"data":{"cores":1,"swap":1024,"ostype":"debian","memory":2560,"rootfs":"local:104/vm-104-disk-1.raw,size=8G","digest":"e9c6b4b151eea6edb71d3d9845061a199cf772b7","net0":"name=eth0,bridge=vmbr0,gw=30.20.0.101,hwaddr=82:B7:23:59:0D:47,ip=30.20.0.104/24,type=veth","onboot":1,"hostname":"Reverse","arch":"amd64"}}'
INFO:proxmoxer.core:GET https://localhost:38793/api2/json/nodes/ASPAS-NodeA/lxc/104/config
DEBUG:urllib3.connectionpool:https://localhost:38793 "GET /api2/json/nodes/ASPAS-NodeA/lxc/104/config HTTP/1.1" 200 310
DEBUG:proxmoxer.core:Status code: 200, output: b'{"data":{"cores":1,"ostype":"debian","memory":2560,"swap":1024,"net0":"name=eth0,bridge=vmbr0,gw=30.20.0.101,hwaddr=82:B7:23:59:0D:47,ip=30.20.0.104/24,type=veth","digest":"e9c6b4b151eea6edb71d3d9845061a199cf772b7","rootfs":"local:104/vm-104-disk-1.raw,size=8G","hostname":"Reverse","arch":"amd64","onboot":1}}'
INFO:proxmoxer.core:GET https://localhost:38793/api2/json/nodes/ASPAS-NodeA/openvz
DEBUG:urllib3.connectionpool:https://localhost:38793 "GET /api2/json/nodes/ASPAS-NodeA/openvz HTTP/1.1" 501 13
DEBUG:proxmoxer.core:Status code: 501, output: b'{"data":null}'
ERROR:root:501 Not Implemented: b'{"data":null}'
DEBUG:paramiko.transport:[chan 2] EOF sent (2)
DEBUG:paramiko.transport:[chan 2] EOF received (2)
DEBUG:paramiko.transport:EOF in transport thread
INFO:root:10176::ASPAS-NodeA
INFO:zabbix_api.ZabbixAPISubClass:20: Creating ZabbixAPISubClass
DEBUG:zabbix_api.ZabbixAPISubClass:Going to do_request for <function checkauth.<locals>.ret at 0x7f827b2ff1e0> with opts {'output': ['status'], 'filter': {'hostid': '10176'}}
INFO:root:[{'hostid': '10176', 'status': '0'}]
INFO:zabbix_api.ZabbixAPISubClass:20: Creating ZabbixAPISubClass
DEBUG:zabbix_api.ZabbixAPISubClass:Going to do_request for <function checkauth.<locals>.ret at 0x7f827b2ff1e0> with opts {'output': ['key_', 'lastvalue'], 'filter': {'hostid': '10176'}}
INFO:root:10198::PFsense_ASPAS
INFO:zabbix_api.ZabbixAPISubClass:20: Creating ZabbixAPISubClass
DEBUG:zabbix_api.ZabbixAPISubClass:Going to do_request for <function checkauth.<locals>.ret at 0x7f827b2ff1e0> with opts {'output': ['status'], 'filter': {'hostid': '10198'}}
INFO:root:[{'hostid': '10198', 'status': '0'}]
INFO:zabbix_api.ZabbixAPISubClass:20: Creating ZabbixAPISubClass
DEBUG:zabbix_api.ZabbixAPISubClass:Going to do_request for <function checkauth.<locals>.ret at 0x7f827b2ff1e0> with opts {'output': ['key_', 'lastvalue'], 'filter': {'hostid': '10198'}}
INFO:root:None
INFO:zabbix_api.ZabbixAPISubClass:20: Creating ZabbixAPISubClass
DEBUG:zabbix_api.ZabbixAPISubClass:Going to do_request for <function checkauth.<locals>.ret at 0x7f827b2ff1e0> with opts {'output': ['hostid', 'name', 'ip'], 'selectInterfaces': ['ip'], 'filter': {'ip': '30.20.0.106'}}
INFO:root:10120::MySQLHD_ASPAS
INFO:zabbix_api.ZabbixAPISubClass:20: Creating ZabbixAPISubClass
DEBUG:zabbix_api.ZabbixAPISubClass:Going to do_request for <function checkauth.<locals>.ret at 0x7f827b2ff1e0> with opts {'output': ['status'], 'filter': {'hostid': '10120'}}
INFO:root:[{'hostid': '10120', 'status': '0'}]
INFO:zabbix_api.ZabbixAPISubClass:20: Creating ZabbixAPISubClass
DEBUG:zabbix_api.ZabbixAPISubClass:Going to do_request for <function checkauth.<locals>.ret at 0x7f827b2ff1e0> with opts {'output': ['key_', 'lastvalue'], 'filter': {'hostid': '10120'}}
INFO:root:10118::Reverse_ASPAS
INFO:zabbix_api.ZabbixAPISubClass:20: Creating ZabbixAPISubClass
DEBUG:zabbix_api.ZabbixAPISubClass:Going to do_request for <function checkauth.<locals>.ret at 0x7f827b2ff1e0> with opts {'output': ['status'], 'filter': {'hostid': '10118'}}
INFO:root:[{'hostid': '10118', 'status': '0'}]
INFO:zabbix_api.ZabbixAPISubClass:20: Creating ZabbixAPISubClass
DEBUG:zabbix_api.ZabbixAPISubClass:Going to do_request for <function checkauth.<locals>.ret at 0x7f827b2ff1e0> with opts {'output': ['key_', 'lastvalue'], 'filter': {'hostid': '10118'}}
INFO:root:10116::LDAP_ASPAS
INFO:zabbix_api.ZabbixAPISubClass:20: Creating ZabbixAPISubClass
DEBUG:zabbix_api.ZabbixAPISubClass:Going to do_request for <function checkauth.<locals>.ret at 0x7f827b2ff1e0> with opts {'output': ['status'], 'filter': {'hostid': '10116'}}
INFO:root:[{'hostid': '10116', 'status': '0'}]
INFO:zabbix_api.ZabbixAPISubClass:20: Creating ZabbixAPISubClass
DEBUG:zabbix_api.ZabbixAPISubClass:Going to do_request for <function checkauth.<locals>.ret at 0x7f827b2ff1e0> with opts {'output': ['key_', 'lastvalue'], 'filter': {'hostid': '10116'}}
INFO:root:10119::ProjectWP_ASPAS
INFO:zabbix_api.ZabbixAPISubClass:20: Creating ZabbixAPISubClass
DEBUG:zabbix_api.ZabbixAPISubClass:Going to do_request for <function checkauth.<locals>.ret at 0x7f827b2ff1e0> with opts {'output': ['status'], 'filter': {'hostid': '10119'}}
INFO:root:[{'hostid': '10119', 'status': '0'}]
INFO:zabbix_api.ZabbixAPISubClass:20: Creating ZabbixAPISubClass
DEBUG:zabbix_api.ZabbixAPISubClass:Going to do_request for <function checkauth.<locals>.ret at 0x7f827b2ff1e0> with opts {'output': ['key_', 'lastvalue'], 'filter': {'hostid': '10119'}}
INFO:root:None
INFO:zabbix_api.ZabbixAPISubClass:20: Creating ZabbixAPISubClass
DEBUG:zabbix_api.ZabbixAPISubClass:Going to do_request for <function checkauth.<locals>.ret at 0x7f827b2ff1e0> with opts {'output': ['hostid', 'name', 'ip'], 'selectInterfaces': ['ip'], 'filter': {'ip': '30.20.0.10'}}
INFO:root:None
INFO:zabbix_api.ZabbixAPISubClass:20: Creating ZabbixAPISubClass
DEBUG:zabbix_api.ZabbixAPISubClass:Going to do_request for <function checkauth.<locals>.ret at 0x7f827b2ff1e0> with opts {'output': ['hostid', 'name', 'ip'], 'selectInterfaces': ['ip'], 'filter': {'ip': '10.1.1.254'}}
INFO:root:None
INFO:zabbix_api.ZabbixAPISubClass:20: Creating ZabbixAPISubClass
DEBUG:zabbix_api.ZabbixAPISubClass:Going to do_request for <function checkauth.<locals>.ret at 0x7f827b2ff1e0> with opts {'output': ['hostid', 'name', 'ip'], 'selectInterfaces': ['ip'], 'filter': {'ip': '10.1.1.153'}}
INFO:root:process EL_1530624449.65NDO1U
DEBUG:paramiko.transport:starting thread (client mode): 0x63f74c88
DEBUG:paramiko.transport:Local version/idstring: SSH-2.0-paramiko_2.4.2
DEBUG:paramiko.transport:Remote version/idstring: SSH-2.0-OpenSSH_7.4p1 Debian-10+deb9u2
INFO:paramiko.transport:Connected (version 2.0, client OpenSSH_7.4p1)
DEBUG:paramiko.transport:kex algos:['curve25519-sha256', 'curve25519-sha256@libssh.org', 'ecdh-sha2-nistp256', 'ecdh-sha2-nistp384', 'ecdh-sha2-nistp521', 'diffie-hellman-group-exchange-sha256', 'diffie-hellman-group16-sha512', 'diffie-hellman-group18-sha512', 'diffie-hellman-group14-sha256', 'diffie-hellman-group14-sha1'] server key:['ssh-rsa', 'rsa-sha2-512', 'rsa-sha2-256', 'ecdsa-sha2-nistp256', 'ssh-ed25519'] client encrypt:['chacha20-poly1305@openssh.com', 'aes128-ctr', 'aes192-ctr', 'aes256-ctr', 'aes128-gcm@openssh.com', 'aes256-gcm@openssh.com'] server encrypt:['chacha20-poly1305@openssh.com', 'aes128-ctr', 'aes192-ctr', 'aes256-ctr', 'aes128-gcm@openssh.com', 'aes256-gcm@openssh.com'] client mac:['umac-64-etm@openssh.com', 'umac-128-etm@openssh.com', 'hmac-sha2-256-etm@openssh.com', 'hmac-sha2-512-etm@openssh.com', 'hmac-sha1-etm@openssh.com', 'umac-64@openssh.com', 'umac-128@openssh.com', 'hmac-sha2-256', 'hmac-sha2-512', 'hmac-sha1'] server mac:['umac-64-etm@openssh.com', 'umac-128-etm@openssh.com', 'hmac-sha2-256-etm@openssh.com', 'hmac-sha2-512-etm@openssh.com', 'hmac-sha1-etm@openssh.com', 'umac-64@openssh.com', 'umac-128@openssh.com', 'hmac-sha2-256', 'hmac-sha2-512', 'hmac-sha1'] client compress:['none', 'zlib@openssh.com'] server compress:['none', 'zlib@openssh.com'] client lang:[''] server lang:[''] kex follows?False
DEBUG:paramiko.transport:Kex agreed: ecdh-sha2-nistp256
DEBUG:paramiko.transport:HostKey agreed: ssh-ed25519
DEBUG:paramiko.transport:Cipher agreed: aes128-ctr
DEBUG:paramiko.transport:MAC agreed: hmac-sha2-256
DEBUG:paramiko.transport:Compression agreed: none
DEBUG:paramiko.transport:kex engine KexNistp256 specified hash_algo <built-in function openssl_sha256>
DEBUG:paramiko.transport:Switch to new keys ...
DEBUG:paramiko.transport:Attempting password auth...
DEBUG:paramiko.transport:userauth is OK
INFO:paramiko.transport:Authentication (password) successful!
DEBUG:urllib3.connectionpool:Starting new HTTPS connection (1): localhost:60371
DEBUG:paramiko.transport:[chan 0] Max packet in: 32768 bytes
DEBUG:paramiko.transport:Received global request "hostkeys-00@openssh.com"
DEBUG:paramiko.transport:Rejecting "hostkeys-00@openssh.com" global request from server.
DEBUG:paramiko.transport:[chan 0] Max packet out: 32768 bytes
DEBUG:paramiko.transport:Secsh channel 0 opened.
DEBUG:urllib3.connectionpool:https://localhost:60371 "POST /api2/json/access/ticket HTTP/1.1" 401 13
ERROR:root:Couldn't authenticate user: root@pam to https://localhost:60371/api2/json/access/ticket
DEBUG:paramiko.transport:[chan 0] EOF sent (0)
INFO:root:Unable to access proxmox api
DEBUG:paramiko.transport:[chan 0] EOF received (0)
DEBUG:paramiko.transport:EOF in transport thread
INFO:root:10181::Prod-Node4
INFO:zabbix_api.ZabbixAPISubClass:20: Creating ZabbixAPISubClass
DEBUG:zabbix_api.ZabbixAPISubClass:Going to do_request for <function checkauth.<locals>.ret at 0x7f827b2ff1e0> with opts {'output': ['status'], 'filter': {'hostid': '10181'}}
INFO:root:[{'hostid': '10181', 'status': '0'}]
INFO:zabbix_api.ZabbixAPISubClass:20: Creating ZabbixAPISubClass
DEBUG:zabbix_api.ZabbixAPISubClass:Going to do_request for <function checkauth.<locals>.ret at 0x7f827b2ff1e0> with opts {'output': ['key_', 'lastvalue'], 'filter': {'hostid': '10181'}}
INFO:root:10280::MutRdp9_Prod
INFO:zabbix_api.ZabbixAPISubClass:20: Creating ZabbixAPISubClass
DEBUG:zabbix_api.ZabbixAPISubClass:Going to do_request for <function checkauth.<locals>.ret at 0x7f827b2ff1e0> with opts {'output': ['status'], 'filter': {'hostid': '10280'}}
INFO:root:[{'hostid': '10280', 'status': '1'}]
INFO:root:10125::LPFBox_PROD
INFO:zabbix_api.ZabbixAPISubClass:20: Creating ZabbixAPISubClass
DEBUG:zabbix_api.ZabbixAPISubClass:Going to do_request for <function checkauth.<locals>.ret at 0x7f827b2ff1e0> with opts {'output': ['status'], 'filter': {'hostid': '10125'}}
INFO:root:[{'hostid': '10125', 'status': '0'}]
INFO:zabbix_api.ZabbixAPISubClass:20: Creating ZabbixAPISubClass
DEBUG:zabbix_api.ZabbixAPISubClass:Going to do_request for <function checkauth.<locals>.ret at 0x7f827b2ff1e0> with opts {'output': ['key_', 'lastvalue'], 'filter': {'hostid': '10125'}}
INFO:root:10202::pfSense_PROD
INFO:zabbix_api.ZabbixAPISubClass:20: Creating ZabbixAPISubClass
DEBUG:zabbix_api.ZabbixAPISubClass:Going to do_request for <function checkauth.<locals>.ret at 0x7f827b2ff1e0> with opts {'output': ['status'], 'filter': {'hostid': '10202'}}
INFO:root:[{'hostid': '10202', 'status': '0'}]
INFO:zabbix_api.ZabbixAPISubClass:20: Creating ZabbixAPISubClass
DEBUG:zabbix_api.ZabbixAPISubClass:Going to do_request for <function checkauth.<locals>.ret at 0x7f827b2ff1e0> with opts {'output': ['key_', 'lastvalue'], 'filter': {'hostid': '10202'}}
INFO:root:None
INFO:zabbix_api.ZabbixAPISubClass:20: Creating ZabbixAPISubClass
DEBUG:zabbix_api.ZabbixAPISubClass:Going to do_request for <function checkauth.<locals>.ret at 0x7f827b2ff1e0> with opts {'output': ['hostid', 'name', 'ip'], 'selectInterfaces': ['ip'], 'filter': {'ip': '10.1.1.106'}}
INFO:root:10126::ALHWP_PROD
INFO:zabbix_api.ZabbixAPISubClass:20: Creating ZabbixAPISubClass
DEBUG:zabbix_api.ZabbixAPISubClass:Going to do_request for <function checkauth.<locals>.ret at 0x7f827b2ff1e0> with opts {'output': ['status'], 'filter': {'hostid': '10126'}}
INFO:root:[{'hostid': '10126', 'status': '0'}]
INFO:zabbix_api.ZabbixAPISubClass:20: Creating ZabbixAPISubClass
DEBUG:zabbix_api.ZabbixAPISubClass:Going to do_request for <function checkauth.<locals>.ret at 0x7f827b2ff1e0> with opts {'output': ['key_', 'lastvalue'], 'filter': {'hostid': '10126'}}
INFO:root:None
INFO:zabbix_api.ZabbixAPISubClass:20: Creating ZabbixAPISubClass
DEBUG:zabbix_api.ZabbixAPISubClass:Going to do_request for <function checkauth.<locals>.ret at 0x7f827b2ff1e0> with opts {'output': ['hostid', 'name', 'ip'], 'selectInterfaces': ['ip'], 'filter': {'ip': '10.1.1.152'}}
INFO:root:process EL_1530624477.26SPA97
DEBUG:paramiko.transport:starting thread (client mode): 0x600429b0
DEBUG:paramiko.transport:Local version/idstring: SSH-2.0-paramiko_2.4.2
DEBUG:paramiko.transport:Remote version/idstring: SSH-2.0-OpenSSH_7.4p1 Debian-10+deb9u2
INFO:paramiko.transport:Connected (version 2.0, client OpenSSH_7.4p1)
DEBUG:paramiko.transport:kex algos:['curve25519-sha256', 'curve25519-sha256@libssh.org', 'ecdh-sha2-nistp256', 'ecdh-sha2-nistp384', 'ecdh-sha2-nistp521', 'diffie-hellman-group-exchange-sha256', 'diffie-hellman-group16-sha512', 'diffie-hellman-group18-sha512', 'diffie-hellman-group14-sha256', 'diffie-hellman-group14-sha1'] server key:['ssh-rsa', 'rsa-sha2-512', 'rsa-sha2-256', 'ecdsa-sha2-nistp256', 'ssh-ed25519'] client encrypt:['chacha20-poly1305@openssh.com', 'aes128-ctr', 'aes192-ctr', 'aes256-ctr', 'aes128-gcm@openssh.com', 'aes256-gcm@openssh.com'] server encrypt:['chacha20-poly1305@openssh.com', 'aes128-ctr', 'aes192-ctr', 'aes256-ctr', 'aes128-gcm@openssh.com', 'aes256-gcm@openssh.com'] client mac:['umac-64-etm@openssh.com', 'umac-128-etm@openssh.com', 'hmac-sha2-256-etm@openssh.com', 'hmac-sha2-512-etm@openssh.com', 'hmac-sha1-etm@openssh.com', 'umac-64@openssh.com', 'umac-128@openssh.com', 'hmac-sha2-256', 'hmac-sha2-512', 'hmac-sha1'] server mac:['umac-64-etm@openssh.com', 'umac-128-etm@openssh.com', 'hmac-sha2-256-etm@openssh.com', 'hmac-sha2-512-etm@openssh.com', 'hmac-sha1-etm@openssh.com', 'umac-64@openssh.com', 'umac-128@openssh.com', 'hmac-sha2-256', 'hmac-sha2-512', 'hmac-sha1'] client compress:['none', 'zlib@openssh.com'] server compress:['none', 'zlib@openssh.com'] client lang:[''] server lang:[''] kex follows?False
DEBUG:paramiko.transport:Kex agreed: ecdh-sha2-nistp256
DEBUG:paramiko.transport:HostKey agreed: ssh-ed25519
DEBUG:paramiko.transport:Cipher agreed: aes128-ctr
DEBUG:paramiko.transport:MAC agreed: hmac-sha2-256
DEBUG:paramiko.transport:Compression agreed: none
DEBUG:paramiko.transport:kex engine KexNistp256 specified hash_algo <built-in function openssl_sha256>
DEBUG:paramiko.transport:Switch to new keys ...
DEBUG:paramiko.transport:Attempting password auth...
DEBUG:paramiko.transport:userauth is OK
INFO:paramiko.transport:Authentication (password) successful!
DEBUG:urllib3.connectionpool:Starting new HTTPS connection (1): localhost:32931
DEBUG:paramiko.transport:[chan 0] Max packet in: 32768 bytes
DEBUG:paramiko.transport:Received global request "hostkeys-00@openssh.com"
DEBUG:paramiko.transport:Rejecting "hostkeys-00@openssh.com" global request from server.
DEBUG:paramiko.transport:[chan 0] Max packet out: 32768 bytes
DEBUG:paramiko.transport:Secsh channel 0 opened.
DEBUG:urllib3.connectionpool:https://localhost:32931 "POST /api2/json/access/ticket HTTP/1.1" 401 13
ERROR:root:Couldn't authenticate user: root@pam to https://localhost:32931/api2/json/access/ticket
INFO:root:Unable to access proxmox api
DEBUG:paramiko.transport:[chan 0] EOF sent (0)
DEBUG:paramiko.transport:[chan 0] EOF received (0)
DEBUG:paramiko.transport:EOF in transport thread
INFO:root:10182::SM-Node1
INFO:zabbix_api.ZabbixAPISubClass:20: Creating ZabbixAPISubClass
DEBUG:zabbix_api.ZabbixAPISubClass:Going to do_request for <function checkauth.<locals>.ret at 0x7f827b2ff1e0> with opts {'output': ['status'], 'filter': {'hostid': '10182'}}
INFO:root:[{'hostid': '10182', 'status': '0'}]
INFO:zabbix_api.ZabbixAPISubClass:20: Creating ZabbixAPISubClass
DEBUG:zabbix_api.ZabbixAPISubClass:Going to do_request for <function checkauth.<locals>.ret at 0x7f827b2ff1e0> with opts {'output': ['key_', 'lastvalue'], 'filter': {'hostid': '10182'}}
INFO:root:10127::onlyoffice_PROD
INFO:zabbix_api.ZabbixAPISubClass:20: Creating ZabbixAPISubClass
DEBUG:zabbix_api.ZabbixAPISubClass:Going to do_request for <function checkauth.<locals>.ret at 0x7f827b2ff1e0> with opts {'output': ['status'], 'filter': {'hostid': '10127'}}
INFO:root:10128::prodCode_PROD
INFO:zabbix_api.ZabbixAPISubClass:20: Creating ZabbixAPISubClass
DEBUG:zabbix_api.ZabbixAPISubClass:Going to do_request for <function checkauth.<locals>.ret at 0x7f827b2ff1e0> with opts {'output': ['status'], 'filter': {'hostid': '10128'}}
INFO:root:[{'hostid': '10128', 'status': '0'}]
INFO:zabbix_api.ZabbixAPISubClass:20: Creating ZabbixAPISubClass
DEBUG:zabbix_api.ZabbixAPISubClass:Going to do_request for <function checkauth.<locals>.ret at 0x7f827b2ff1e0> with opts {'output': ['key_', 'lastvalue'], 'filter': {'hostid': '10128'}}
INFO:root:10129::RevNginx_PROD
INFO:zabbix_api.ZabbixAPISubClass:20: Creating ZabbixAPISubClass
DEBUG:zabbix_api.ZabbixAPISubClass:Going to do_request for <function checkauth.<locals>.ret at 0x7f827b2ff1e0> with opts {'output': ['status'], 'filter': {'hostid': '10129'}}
INFO:root:[{'hostid': '10129', 'status': '0'}]
INFO:zabbix_api.ZabbixAPISubClass:20: Creating ZabbixAPISubClass
DEBUG:zabbix_api.ZabbixAPISubClass:Going to do_request for <function checkauth.<locals>.ret at 0x7f827b2ff1e0> with opts {'output': ['key_', 'lastvalue'], 'filter': {'hostid': '10129'}}
INFO:root:10130::NV-deploy_PROD
INFO:zabbix_api.ZabbixAPISubClass:20: Creating ZabbixAPISubClass
DEBUG:zabbix_api.ZabbixAPISubClass:Going to do_request for <function checkauth.<locals>.ret at 0x7f827b2ff1e0> with opts {'output': ['status'], 'filter': {'hostid': '10130'}}
INFO:root:[{'hostid': '10130', 'status': '0'}]
INFO:zabbix_api.ZabbixAPISubClass:20: Creating ZabbixAPISubClass
DEBUG:zabbix_api.ZabbixAPISubClass:Going to do_request for <function checkauth.<locals>.ret at 0x7f827b2ff1e0> with opts {'output': ['key_', 'lastvalue'], 'filter': {'hostid': '10130'}}
INFO:root:10131::DotriverLXDE_PROD
INFO:zabbix_api.ZabbixAPISubClass:20: Creating ZabbixAPISubClass
DEBUG:zabbix_api.ZabbixAPISubClass:Going to do_request for <function checkauth.<locals>.ret at 0x7f827b2ff1e0> with opts {'output': ['status'], 'filter': {'hostid': '10131'}}
INFO:root:[{'hostid': '10131', 'status': '0'}]
INFO:zabbix_api.ZabbixAPISubClass:20: Creating ZabbixAPISubClass
DEBUG:zabbix_api.ZabbixAPISubClass:Going to do_request for <function checkauth.<locals>.ret at 0x7f827b2ff1e0> with opts {'output': ['key_', 'lastvalue'], 'filter': {'hostid': '10131'}}
INFO:root:10132::MutX9_PROD
INFO:zabbix_api.ZabbixAPISubClass:20: Creating ZabbixAPISubClass
DEBUG:zabbix_api.ZabbixAPISubClass:Going to do_request for <function checkauth.<locals>.ret at 0x7f827b2ff1e0> with opts {'output': ['status'], 'filter': {'hostid': '10132'}}
INFO:root:[{'hostid': '10132', 'status': '0'}]
INFO:zabbix_api.ZabbixAPISubClass:20: Creating ZabbixAPISubClass
DEBUG:zabbix_api.ZabbixAPISubClass:Going to do_request for <function checkauth.<locals>.ret at 0x7f827b2ff1e0> with opts {'output': ['key_', 'lastvalue'], 'filter': {'hostid': '10132'}}
INFO:root:None
INFO:zabbix_api.ZabbixAPISubClass:20: Creating ZabbixAPISubClass
DEBUG:zabbix_api.ZabbixAPISubClass:Going to do_request for <function checkauth.<locals>.ret at 0x7f827b2ff1e0> with opts {'output': ['hostid', 'name', 'ip'], 'selectInterfaces': ['ip'], 'filter': {'ip': '10.1.1.252'}}
INFO:root:process EL_1530624227.45DEP43
DEBUG:paramiko.transport:starting thread (client mode): 0x3c2914a8
DEBUG:paramiko.transport:Local version/idstring: SSH-2.0-paramiko_2.4.2
DEBUG:paramiko.transport:Remote version/idstring: SSH-2.0-OpenSSH_7.4p1 Debian-10+deb9u2
INFO:paramiko.transport:Connected (version 2.0, client OpenSSH_7.4p1)
DEBUG:paramiko.transport:kex algos:['curve25519-sha256', 'curve25519-sha256@libssh.org', 'ecdh-sha2-nistp256', 'ecdh-sha2-nistp384', 'ecdh-sha2-nistp521', 'diffie-hellman-group-exchange-sha256', 'diffie-hellman-group16-sha512', 'diffie-hellman-group18-sha512', 'diffie-hellman-group14-sha256', 'diffie-hellman-group14-sha1'] server key:['ssh-rsa', 'rsa-sha2-512', 'rsa-sha2-256', 'ecdsa-sha2-nistp256', 'ssh-ed25519'] client encrypt:['chacha20-poly1305@openssh.com', 'aes128-ctr', 'aes192-ctr', 'aes256-ctr', 'aes128-gcm@openssh.com', 'aes256-gcm@openssh.com'] server encrypt:['chacha20-poly1305@openssh.com', 'aes128-ctr', 'aes192-ctr', 'aes256-ctr', 'aes128-gcm@openssh.com', 'aes256-gcm@openssh.com'] client mac:['umac-64-etm@openssh.com', 'umac-128-etm@openssh.com', 'hmac-sha2-256-etm@openssh.com', 'hmac-sha2-512-etm@openssh.com', 'hmac-sha1-etm@openssh.com', 'umac-64@openssh.com', 'umac-128@openssh.com', 'hmac-sha2-256', 'hmac-sha2-512', 'hmac-sha1'] server mac:['umac-64-etm@openssh.com', 'umac-128-etm@openssh.com', 'hmac-sha2-256-etm@openssh.com', 'hmac-sha2-512-etm@openssh.com', 'hmac-sha1-etm@openssh.com', 'umac-64@openssh.com', 'umac-128@openssh.com', 'hmac-sha2-256', 'hmac-sha2-512', 'hmac-sha1'] client compress:['none', 'zlib@openssh.com'] server compress:['none', 'zlib@openssh.com'] client lang:[''] server lang:[''] kex follows?False
DEBUG:paramiko.transport:Kex agreed: ecdh-sha2-nistp256
DEBUG:paramiko.transport:HostKey agreed: ssh-ed25519
DEBUG:paramiko.transport:Cipher agreed: aes128-ctr
DEBUG:paramiko.transport:MAC agreed: hmac-sha2-256
DEBUG:paramiko.transport:Compression agreed: none
DEBUG:paramiko.transport:kex engine KexNistp256 specified hash_algo <built-in function openssl_sha256>
DEBUG:paramiko.transport:Switch to new keys ...
DEBUG:paramiko.transport:Attempting password auth...
DEBUG:paramiko.transport:userauth is OK
INFO:paramiko.transport:Authentication (password) successful!
DEBUG:urllib3.connectionpool:Starting new HTTPS connection (1): localhost:40121
DEBUG:paramiko.transport:[chan 0] Max packet in: 32768 bytes
DEBUG:paramiko.transport:Received global request "hostkeys-00@openssh.com"
DEBUG:paramiko.transport:Rejecting "hostkeys-00@openssh.com" global request from server.
DEBUG:paramiko.transport:[chan 0] Max packet out: 32768 bytes
DEBUG:paramiko.transport:Secsh channel 0 opened.
DEBUG:urllib3.connectionpool:https://localhost:40121 "POST /api2/json/access/ticket HTTP/1.1" 401 13
ERROR:root:Couldn't authenticate user: root@pam to https://localhost:40121/api2/json/access/ticket
INFO:root:Unable to access proxmox api
DEBUG:paramiko.transport:[chan 0] EOF sent (0)
DEBUG:paramiko.transport:[chan 0] EOF received (0)
DEBUG:paramiko.transport:EOF in transport thread
INFO:root:10179::Prod-Node3
INFO:zabbix_api.ZabbixAPISubClass:20: Creating ZabbixAPISubClass
DEBUG:zabbix_api.ZabbixAPISubClass:Going to do_request for <function checkauth.<locals>.ret at 0x7f827b2ff1e0> with opts {'output': ['status'], 'filter': {'hostid': '10179'}}
INFO:root:[{'hostid': '10179', 'status': '0'}]
INFO:zabbix_api.ZabbixAPISubClass:20: Creating ZabbixAPISubClass
DEBUG:zabbix_api.ZabbixAPISubClass:Going to do_request for <function checkauth.<locals>.ret at 0x7f827b2ff1e0> with opts {'output': ['key_', 'lastvalue'], 'filter': {'hostid': '10179'}}
INFO:root:None
INFO:zabbix_api.ZabbixAPISubClass:20: Creating ZabbixAPISubClass
DEBUG:zabbix_api.ZabbixAPISubClass:Going to do_request for <function checkauth.<locals>.ret at 0x7f827b2ff1e0> with opts {'output': ['hostid', 'name', 'ip'], 'selectInterfaces': ['ip'], 'filter': {'ip': '10.1.1.90'}}
INFO:root:10084::Zabbix server
INFO:zabbix_api.ZabbixAPISubClass:20: Creating ZabbixAPISubClass
DEBUG:zabbix_api.ZabbixAPISubClass:Going to do_request for <function checkauth.<locals>.ret at 0x7f827b2ff1e0> with opts {'output': ['status'], 'filter': {'hostid': '10084'}}
INFO:root:[{'hostid': '10084', 'status': '0'}]
INFO:zabbix_api.ZabbixAPISubClass:20: Creating ZabbixAPISubClass
DEBUG:zabbix_api.ZabbixAPISubClass:Going to do_request for <function checkauth.<locals>.ret at 0x7f827b2ff1e0> with opts {'output': ['key_', 'lastvalue'], 'filter': {'hostid': '10084'}}
INFO:root:10221::EDUldap_PROD
INFO:zabbix_api.ZabbixAPISubClass:20: Creating ZabbixAPISubClass
DEBUG:zabbix_api.ZabbixAPISubClass:Going to do_request for <function checkauth.<locals>.ret at 0x7f827b2ff1e0> with opts {'output': ['status'], 'filter': {'hostid': '10221'}}
INFO:root:[{'hostid': '10221', 'status': '0'}]
INFO:zabbix_api.ZabbixAPISubClass:20: Creating ZabbixAPISubClass
DEBUG:zabbix_api.ZabbixAPISubClass:Going to do_request for <function checkauth.<locals>.ret at 0x7f827b2ff1e0> with opts {'output': ['key_', 'lastvalue'], 'filter': {'hostid': '10221'}}
INFO:root:10222::EDUsquid_PROD
INFO:zabbix_api.ZabbixAPISubClass:20: Creating ZabbixAPISubClass
DEBUG:zabbix_api.ZabbixAPISubClass:Going to do_request for <function checkauth.<locals>.ret at 0x7f827b2ff1e0> with opts {'output': ['status'], 'filter': {'hostid': '10222'}}
INFO:root:[{'hostid': '10222', 'status': '0'}]
INFO:zabbix_api.ZabbixAPISubClass:20: Creating ZabbixAPISubClass
DEBUG:zabbix_api.ZabbixAPISubClass:Going to do_request for <function checkauth.<locals>.ret at 0x7f827b2ff1e0> with opts {'output': ['key_', 'lastvalue'], 'filter': {'hostid': '10222'}}
INFO:root:None
INFO:zabbix_api.ZabbixAPISubClass:20: Creating ZabbixAPISubClass
DEBUG:zabbix_api.ZabbixAPISubClass:Going to do_request for <function checkauth.<locals>.ret at 0x7f827b2ff1e0> with opts {'output': ['hostid', 'name', 'ip'], 'selectInterfaces': ['ip'], 'filter': {'ip': '10.1.1.88'}}
INFO:root:10230::EDU2go_PROD
INFO:zabbix_api.ZabbixAPISubClass:20: Creating ZabbixAPISubClass
DEBUG:zabbix_api.ZabbixAPISubClass:Going to do_request for <function checkauth.<locals>.ret at 0x7f827b2ff1e0> with opts {'output': ['status'], 'filter': {'hostid': '10230'}}
INFO:root:[{'hostid': '10230', 'status': '0'}]
INFO:zabbix_api.ZabbixAPISubClass:20: Creating ZabbixAPISubClass
DEBUG:zabbix_api.ZabbixAPISubClass:Going to do_request for <function checkauth.<locals>.ret at 0x7f827b2ff1e0> with opts {'output': ['key_', 'lastvalue'], 'filter': {'hostid': '10230'}}
INFO:root:process EL_1530624608.84CTQI2
DEBUG:paramiko.transport:starting thread (client mode): 0x63f4b358
DEBUG:paramiko.transport:Local version/idstring: SSH-2.0-paramiko_2.4.2
DEBUG:paramiko.transport:Remote version/idstring: SSH-2.0-OpenSSH_7.4p1 Debian-10+deb9u2
INFO:paramiko.transport:Connected (version 2.0, client OpenSSH_7.4p1)
DEBUG:paramiko.transport:kex algos:['curve25519-sha256', 'curve25519-sha256@libssh.org', 'ecdh-sha2-nistp256', 'ecdh-sha2-nistp384', 'ecdh-sha2-nistp521', 'diffie-hellman-group-exchange-sha256', 'diffie-hellman-group16-sha512', 'diffie-hellman-group18-sha512', 'diffie-hellman-group14-sha256', 'diffie-hellman-group14-sha1'] server key:['ssh-rsa', 'rsa-sha2-512', 'rsa-sha2-256', 'ecdsa-sha2-nistp256', 'ssh-ed25519'] client encrypt:['chacha20-poly1305@openssh.com', 'aes128-ctr', 'aes192-ctr', 'aes256-ctr', 'aes128-gcm@openssh.com', 'aes256-gcm@openssh.com'] server encrypt:['chacha20-poly1305@openssh.com', 'aes128-ctr', 'aes192-ctr', 'aes256-ctr', 'aes128-gcm@openssh.com', 'aes256-gcm@openssh.com'] client mac:['umac-64-etm@openssh.com', 'umac-128-etm@openssh.com', 'hmac-sha2-256-etm@openssh.com', 'hmac-sha2-512-etm@openssh.com', 'hmac-sha1-etm@openssh.com', 'umac-64@openssh.com', 'umac-128@openssh.com', 'hmac-sha2-256', 'hmac-sha2-512', 'hmac-sha1'] server mac:['umac-64-etm@openssh.com', 'umac-128-etm@openssh.com', 'hmac-sha2-256-etm@openssh.com', 'hmac-sha2-512-etm@openssh.com', 'hmac-sha1-etm@openssh.com', 'umac-64@openssh.com', 'umac-128@openssh.com', 'hmac-sha2-256', 'hmac-sha2-512', 'hmac-sha1'] client compress:['none', 'zlib@openssh.com'] server compress:['none', 'zlib@openssh.com'] client lang:[''] server lang:[''] kex follows?False
DEBUG:paramiko.transport:Kex agreed: ecdh-sha2-nistp256
DEBUG:paramiko.transport:HostKey agreed: ssh-ed25519
DEBUG:paramiko.transport:Cipher agreed: aes128-ctr
DEBUG:paramiko.transport:MAC agreed: hmac-sha2-256
DEBUG:paramiko.transport:Compression agreed: none
DEBUG:paramiko.transport:kex engine KexNistp256 specified hash_algo <built-in function openssl_sha256>
DEBUG:paramiko.transport:Switch to new keys ...
DEBUG:paramiko.transport:Attempting password auth...
DEBUG:paramiko.transport:userauth is OK
INFO:paramiko.transport:Authentication (password) successful!
DEBUG:urllib3.connectionpool:Starting new HTTPS connection (1): localhost:57503
DEBUG:paramiko.transport:[chan 0] Max packet in: 32768 bytes
DEBUG:paramiko.transport:Received global request "hostkeys-00@openssh.com"
DEBUG:paramiko.transport:Rejecting "hostkeys-00@openssh.com" global request from server.
ERROR:paramiko.transport:Secsh channel 0 open FAILED: No route to host: Connect failed
ERROR:root:(2, 'Connect failed')
ERROR:root:('Connection aborted.', OSError(0, 'Error'))
INFO:root:Unable to access proxmox api
DEBUG:paramiko.transport:EOF in transport thread
INFO:root:10180::SM-node2
INFO:zabbix_api.ZabbixAPISubClass:20: Creating ZabbixAPISubClass
DEBUG:zabbix_api.ZabbixAPISubClass:Going to do_request for <function checkauth.<locals>.ret at 0x7f827b2ff1e0> with opts {'output': ['status'], 'filter': {'hostid': '10180'}}
INFO:root:[{'hostid': '10180', 'status': '0'}]
INFO:zabbix_api.ZabbixAPISubClass:20: Creating ZabbixAPISubClass
DEBUG:zabbix_api.ZabbixAPISubClass:Going to do_request for <function checkauth.<locals>.ret at 0x7f827b2ff1e0> with opts {'output': ['key_', 'lastvalue'], 'filter': {'hostid': '10180'}}
ERROR:root:Expecting value: line 1 column 1 (char 0)
ERROR:root:Expecting value: line 1 column 1 (char 0)
ERROR:root:Expecting value: line 1 column 1 (char 0)
ERROR:root:Expecting value: line 1 column 1 (char 0)
ERROR:root:Expecting value: line 1 column 1 (char 0)
ERROR:root:Expecting value: line 1 column 1 (char 0)
ERROR:root:Expecting value: line 1 column 1 (char 0)
ERROR:root:Expecting value: line 1 column 1 (char 0)
ERROR:root:Expecting value: line 1 column 1 (char 0)
ERROR:root:Expecting value: line 1 column 1 (char 0)
ERROR:root:Expecting value: line 1 column 1 (char 0)
ERROR:root:Expecting value: line 1 column 1 (char 0)
INFO:Core.Database:Register Table config as False
INFO:Core.Database:Register Table lang as False
INFO:Core.Database:Register Table schema as True
INFO:Core.Database:Register Table structure as True
INFO:Core.Database:Register Table users as True
INFO:Core.Database:Register Table server as True
INFO:Core.Database:Register Table base as True
INFO:Core.Database:Register Table secret as True
INFO:Core.Database:Register Table module as False
INFO:Core.Database:Register Table alert as False
ERROR:root:module 'Proxmox' has no attribute 'Monitor'
DEBUG:zabbix_api:Starting logging
Level 15:zabbix_api:Using native json library
INFO:zabbix_api.ZabbixAPI:20: Set logging level to 30
INFO:zabbix_api.ZabbixAPISubClass:20: Creating ZabbixAPISubClass
DEBUG:zabbix_api.ZabbixAPISubClass:Going to do_request for <function checkauth.<locals>.ret at 0x7f6b78bbe1e0> with opts {'output': ['hostid', 'name', 'ip'], 'selectInterfaces': ['ip']}
ERROR:root:module 'Zabbix' has no attribute 'Discover'
INFO:root:process EL_1530624449.65NDO1U
INFO:root:process EL_1530624477.26SPA97
DEBUG:paramiko.transport:starting thread (client mode): 0x7838f320
DEBUG:paramiko.transport:Local version/idstring: SSH-2.0-paramiko_2.4.2
DEBUG:paramiko.transport:starting thread (client mode): 0x7838f5c0
DEBUG:paramiko.transport:Local version/idstring: SSH-2.0-paramiko_2.4.2
DEBUG:paramiko.transport:Remote version/idstring: SSH-2.0-OpenSSH_7.4p1 Debian-10+deb9u2
DEBUG:paramiko.transport:Remote version/idstring: SSH-2.0-OpenSSH_7.4p1 Debian-10+deb9u2
INFO:paramiko.transport:Connected (version 2.0, client OpenSSH_7.4p1)
INFO:paramiko.transport:Connected (version 2.0, client OpenSSH_7.4p1)
DEBUG:paramiko.transport:kex algos:['curve25519-sha256', 'curve25519-sha256@libssh.org', 'ecdh-sha2-nistp256', 'ecdh-sha2-nistp384', 'ecdh-sha2-nistp521', 'diffie-hellman-group-exchange-sha256', 'diffie-hellman-group16-sha512', 'diffie-hellman-group18-sha512', 'diffie-hellman-group14-sha256', 'diffie-hellman-group14-sha1'] server key:['ssh-rsa', 'rsa-sha2-512', 'rsa-sha2-256', 'ecdsa-sha2-nistp256', 'ssh-ed25519'] client encrypt:['chacha20-poly1305@openssh.com', 'aes128-ctr', 'aes192-ctr', 'aes256-ctr', 'aes128-gcm@openssh.com', 'aes256-gcm@openssh.com'] server encrypt:['chacha20-poly1305@openssh.com', 'aes128-ctr', 'aes192-ctr', 'aes256-ctr', 'aes128-gcm@openssh.com', 'aes256-gcm@openssh.com'] client mac:['umac-64-etm@openssh.com', 'umac-128-etm@openssh.com', 'hmac-sha2-256-etm@openssh.com', 'hmac-sha2-512-etm@openssh.com', 'hmac-sha1-etm@openssh.com', 'umac-64@openssh.com', 'umac-128@openssh.com', 'hmac-sha2-256', 'hmac-sha2-512', 'hmac-sha1'] server mac:['umac-64-etm@openssh.com', 'umac-128-etm@openssh.com', 'hmac-sha2-256-etm@openssh.com', 'hmac-sha2-512-etm@openssh.com', 'hmac-sha1-etm@openssh.com', 'umac-64@openssh.com', 'umac-128@openssh.com', 'hmac-sha2-256', 'hmac-sha2-512', 'hmac-sha1'] client compress:['none', 'zlib@openssh.com'] server compress:['none', 'zlib@openssh.com'] client lang:[''] server lang:[''] kex follows?False
DEBUG:paramiko.transport:kex algos:['curve25519-sha256', 'curve25519-sha256@libssh.org', 'ecdh-sha2-nistp256', 'ecdh-sha2-nistp384', 'ecdh-sha2-nistp521', 'diffie-hellman-group-exchange-sha256', 'diffie-hellman-group16-sha512', 'diffie-hellman-group18-sha512', 'diffie-hellman-group14-sha256', 'diffie-hellman-group14-sha1'] server key:['ssh-rsa', 'rsa-sha2-512', 'rsa-sha2-256', 'ecdsa-sha2-nistp256', 'ssh-ed25519'] client encrypt:['chacha20-poly1305@openssh.com', 'aes128-ctr', 'aes192-ctr', 'aes256-ctr', 'aes128-gcm@openssh.com', 'aes256-gcm@openssh.com'] server encrypt:['chacha20-poly1305@openssh.com', 'aes128-ctr', 'aes192-ctr', 'aes256-ctr', 'aes128-gcm@openssh.com', 'aes256-gcm@openssh.com'] client mac:['umac-64-etm@openssh.com', 'umac-128-etm@openssh.com', 'hmac-sha2-256-etm@openssh.com', 'hmac-sha2-512-etm@openssh.com', 'hmac-sha1-etm@openssh.com', 'umac-64@openssh.com', 'umac-128@openssh.com', 'hmac-sha2-256', 'hmac-sha2-512', 'hmac-sha1'] server mac:['umac-64-etm@openssh.com', 'umac-128-etm@openssh.com', 'hmac-sha2-256-etm@openssh.com', 'hmac-sha2-512-etm@openssh.com', 'hmac-sha1-etm@openssh.com', 'umac-64@openssh.com', 'umac-128@openssh.com', 'hmac-sha2-256', 'hmac-sha2-512', 'hmac-sha1'] client compress:['none', 'zlib@openssh.com'] server compress:['none', 'zlib@openssh.com'] client lang:[''] server lang:[''] kex follows?False
DEBUG:paramiko.transport:Kex agreed: ecdh-sha2-nistp256
DEBUG:paramiko.transport:Kex agreed: ecdh-sha2-nistp256
DEBUG:paramiko.transport:HostKey agreed: ssh-ed25519
DEBUG:paramiko.transport:HostKey agreed: ssh-ed25519
DEBUG:paramiko.transport:Cipher agreed: aes128-ctr
DEBUG:paramiko.transport:Cipher agreed: aes128-ctr
DEBUG:paramiko.transport:MAC agreed: hmac-sha2-256
DEBUG:paramiko.transport:MAC agreed: hmac-sha2-256
DEBUG:paramiko.transport:Compression agreed: none
DEBUG:paramiko.transport:Compression agreed: none
DEBUG:paramiko.transport:kex engine KexNistp256 specified hash_algo <built-in function openssl_sha256>
DEBUG:paramiko.transport:kex engine KexNistp256 specified hash_algo <built-in function openssl_sha256>
DEBUG:paramiko.transport:Switch to new keys ...
DEBUG:paramiko.transport:Switch to new keys ...
DEBUG:paramiko.transport:Attempting password auth...
DEBUG:paramiko.transport:Attempting password auth...
DEBUG:paramiko.transport:userauth is OK
DEBUG:paramiko.transport:userauth is OK
INFO:paramiko.transport:Authentication (password) successful!
INFO:paramiko.transport:Authentication (password) successful!
DEBUG:paramiko.transport:Received global request "hostkeys-00@openssh.com"
DEBUG:paramiko.transport:Rejecting "hostkeys-00@openssh.com" global request from server.
DEBUG:paramiko.transport:Received global request "hostkeys-00@openssh.com"
DEBUG:paramiko.transport:Rejecting "hostkeys-00@openssh.com" global request from server.
DEBUG:urllib3.connectionpool:Starting new HTTPS connection (1): localhost:59437
DEBUG:urllib3.connectionpool:Starting new HTTPS connection (1): localhost:41269
DEBUG:paramiko.transport:[chan 0] Max packet in: 32768 bytes
DEBUG:paramiko.transport:[chan 0] Max packet in: 32768 bytes
DEBUG:paramiko.transport:[chan 0] Max packet out: 32768 bytes
DEBUG:paramiko.transport:Secsh channel 0 opened.
DEBUG:paramiko.transport:[chan 0] Max packet out: 32768 bytes
DEBUG:paramiko.transport:Secsh channel 0 opened.
INFO:root:None
INFO:zabbix_api.ZabbixAPISubClass:20: Creating ZabbixAPISubClass
DEBUG:zabbix_api.ZabbixAPISubClass:Going to do_request for <function checkauth.<locals>.ret at 0x7f6b78bbe1e0> with opts {'output': ['hostid', 'name', 'ip'], 'selectInterfaces': ['ip'], 'filter': {'ip': '10.1.1.152'}}
INFO:root:None
INFO:zabbix_api.ZabbixAPISubClass:20: Creating ZabbixAPISubClass
DEBUG:zabbix_api.ZabbixAPISubClass:Going to do_request for <function checkauth.<locals>.ret at 0x7f6b78bbe1e0> with opts {'output': ['hostid', 'name', 'ip'], 'selectInterfaces': ['ip'], 'filter': {'ip': '10.1.1.252'}}
INFO:root:process EL_1530624227.45DEP43
INFO:root:process EL_1530624608.84CTQI2
DEBUG:paramiko.transport:starting thread (client mode): 0x78bd5390
DEBUG:paramiko.transport:Local version/idstring: SSH-2.0-paramiko_2.4.2
DEBUG:paramiko.transport:starting thread (client mode): 0x7838f710
DEBUG:paramiko.transport:Local version/idstring: SSH-2.0-paramiko_2.4.2
DEBUG:paramiko.transport:Remote version/idstring: SSH-2.0-OpenSSH_7.4p1 Debian-10+deb9u2
INFO:paramiko.transport:Connected (version 2.0, client OpenSSH_7.4p1)
DEBUG:paramiko.transport:Remote version/idstring: SSH-2.0-OpenSSH_7.4p1 Debian-10+deb9u2
INFO:paramiko.transport:Connected (version 2.0, client OpenSSH_7.4p1)
DEBUG:paramiko.transport:kex algos:['curve25519-sha256', 'curve25519-sha256@libssh.org', 'ecdh-sha2-nistp256', 'ecdh-sha2-nistp384', 'ecdh-sha2-nistp521', 'diffie-hellman-group-exchange-sha256', 'diffie-hellman-group16-sha512', 'diffie-hellman-group18-sha512', 'diffie-hellman-group14-sha256', 'diffie-hellman-group14-sha1'] server key:['ssh-rsa', 'rsa-sha2-512', 'rsa-sha2-256', 'ecdsa-sha2-nistp256', 'ssh-ed25519'] client encrypt:['chacha20-poly1305@openssh.com', 'aes128-ctr', 'aes192-ctr', 'aes256-ctr', 'aes128-gcm@openssh.com', 'aes256-gcm@openssh.com'] server encrypt:['chacha20-poly1305@openssh.com', 'aes128-ctr', 'aes192-ctr', 'aes256-ctr', 'aes128-gcm@openssh.com', 'aes256-gcm@openssh.com'] client mac:['umac-64-etm@openssh.com', 'umac-128-etm@openssh.com', 'hmac-sha2-256-etm@openssh.com', 'hmac-sha2-512-etm@openssh.com', 'hmac-sha1-etm@openssh.com', 'umac-64@openssh.com', 'umac-128@openssh.com', 'hmac-sha2-256', 'hmac-sha2-512', 'hmac-sha1'] server mac:['umac-64-etm@openssh.com', 'umac-128-etm@openssh.com', 'hmac-sha2-256-etm@openssh.com', 'hmac-sha2-512-etm@openssh.com', 'hmac-sha1-etm@openssh.com', 'umac-64@openssh.com', 'umac-128@openssh.com', 'hmac-sha2-256', 'hmac-sha2-512', 'hmac-sha1'] client compress:['none', 'zlib@openssh.com'] server compress:['none', 'zlib@openssh.com'] client lang:[''] server lang:[''] kex follows?False
DEBUG:paramiko.transport:Kex agreed: ecdh-sha2-nistp256
DEBUG:paramiko.transport:HostKey agreed: ssh-ed25519
DEBUG:paramiko.transport:Cipher agreed: aes128-ctr
DEBUG:paramiko.transport:MAC agreed: hmac-sha2-256
DEBUG:paramiko.transport:Compression agreed: none
DEBUG:paramiko.transport:kex algos:['curve25519-sha256', 'curve25519-sha256@libssh.org', 'ecdh-sha2-nistp256', 'ecdh-sha2-nistp384', 'ecdh-sha2-nistp521', 'diffie-hellman-group-exchange-sha256', 'diffie-hellman-group16-sha512', 'diffie-hellman-group18-sha512', 'diffie-hellman-group14-sha256', 'diffie-hellman-group14-sha1'] server key:['ssh-rsa', 'rsa-sha2-512', 'rsa-sha2-256', 'ecdsa-sha2-nistp256', 'ssh-ed25519'] client encrypt:['chacha20-poly1305@openssh.com', 'aes128-ctr', 'aes192-ctr', 'aes256-ctr', 'aes128-gcm@openssh.com', 'aes256-gcm@openssh.com'] server encrypt:['chacha20-poly1305@openssh.com', 'aes128-ctr', 'aes192-ctr', 'aes256-ctr', 'aes128-gcm@openssh.com', 'aes256-gcm@openssh.com'] client mac:['umac-64-etm@openssh.com', 'umac-128-etm@openssh.com', 'hmac-sha2-256-etm@openssh.com', 'hmac-sha2-512-etm@openssh.com', 'hmac-sha1-etm@openssh.com', 'umac-64@openssh.com', 'umac-128@openssh.com', 'hmac-sha2-256', 'hmac-sha2-512', 'hmac-sha1'] server mac:['umac-64-etm@openssh.com', 'umac-128-etm@openssh.com', 'hmac-sha2-256-etm@openssh.com', 'hmac-sha2-512-etm@openssh.com', 'hmac-sha1-etm@openssh.com', 'umac-64@openssh.com', 'umac-128@openssh.com', 'hmac-sha2-256', 'hmac-sha2-512', 'hmac-sha1'] client compress:['none', 'zlib@openssh.com'] server compress:['none', 'zlib@openssh.com'] client lang:[''] server lang:[''] kex follows?False
DEBUG:paramiko.transport:Kex agreed: ecdh-sha2-nistp256
DEBUG:paramiko.transport:HostKey agreed: ssh-ed25519
DEBUG:paramiko.transport:Cipher agreed: aes128-ctr
DEBUG:paramiko.transport:MAC agreed: hmac-sha2-256
DEBUG:paramiko.transport:Compression agreed: none
DEBUG:paramiko.transport:kex engine KexNistp256 specified hash_algo <built-in function openssl_sha256>
DEBUG:paramiko.transport:Switch to new keys ...
DEBUG:paramiko.transport:Attempting password auth...
DEBUG:paramiko.transport:kex engine KexNistp256 specified hash_algo <built-in function openssl_sha256>
DEBUG:paramiko.transport:Switch to new keys ...
DEBUG:paramiko.transport:Attempting password auth...
DEBUG:paramiko.transport:userauth is OK
DEBUG:paramiko.transport:userauth is OK
INFO:paramiko.transport:Authentication (password) successful!
DEBUG:urllib3.connectionpool:Starting new HTTPS connection (1): localhost:52447
DEBUG:paramiko.transport:[chan 0] Max packet in: 32768 bytes
INFO:paramiko.transport:Authentication (password) successful!
DEBUG:urllib3.connectionpool:Starting new HTTPS connection (1): localhost:43443
DEBUG:paramiko.transport:[chan 0] Max packet in: 32768 bytes
DEBUG:paramiko.transport:Received global request "hostkeys-00@openssh.com"
DEBUG:paramiko.transport:Rejecting "hostkeys-00@openssh.com" global request from server.
DEBUG:paramiko.transport:Received global request "hostkeys-00@openssh.com"
DEBUG:paramiko.transport:Rejecting "hostkeys-00@openssh.com" global request from server.
DEBUG:paramiko.transport:[chan 0] Max packet out: 32768 bytes
DEBUG:paramiko.transport:Secsh channel 0 opened.
DEBUG:urllib3.connectionpool:https://localhost:41269 "POST /api2/json/access/ticket HTTP/1.1" 401 13
DEBUG:urllib3.connectionpool:https://localhost:59437 "POST /api2/json/access/ticket HTTP/1.1" 401 13
ERROR:root:Couldn't authenticate user: root@pam to https://localhost:41269/api2/json/access/ticket
INFO:root:Unable to access proxmox api
DEBUG:paramiko.transport:[chan 0] EOF sent (0)
ERROR:root:Couldn't authenticate user: root@pam to https://localhost:59437/api2/json/access/ticket
INFO:root:Unable to access proxmox api
DEBUG:paramiko.transport:[chan 0] EOF sent (0)
DEBUG:paramiko.transport:[chan 0] EOF received (0)
DEBUG:paramiko.transport:[chan 0] EOF received (0)
ERROR:paramiko.transport:Secsh channel 0 open FAILED: No route to host: Connect failed
ERROR:root:(2, 'Connect failed')
ERROR:root:('Connection aborted.', OSError(0, 'Error'))
INFO:root:Unable to access proxmox api
INFO:root:10181::Prod-Node4
INFO:zabbix_api.ZabbixAPISubClass:20: Creating ZabbixAPISubClass
DEBUG:zabbix_api.ZabbixAPISubClass:Going to do_request for <function checkauth.<locals>.ret at 0x7f6b78bbe1e0> with opts {'output': ['status'], 'filter': {'hostid': '10181'}}
INFO:root:[{'hostid': '10181', 'status': '0'}]
INFO:zabbix_api.ZabbixAPISubClass:20: Creating ZabbixAPISubClass
DEBUG:zabbix_api.ZabbixAPISubClass:Going to do_request for <function checkauth.<locals>.ret at 0x7f6b78bbe1e0> with opts {'output': ['key_', 'lastvalue'], 'filter': {'hostid': '10181'}}
DEBUG:paramiko.transport:EOF in transport thread
DEBUG:urllib3.connectionpool:https://localhost:52447 "POST /api2/json/access/ticket HTTP/1.1" 401 13
ERROR:root:Couldn't authenticate user: root@pam to https://localhost:52447/api2/json/access/ticket
INFO:root:Unable to access proxmox api
DEBUG:paramiko.transport:[chan 0] EOF sent (0)
DEBUG:paramiko.transport:[chan 0] EOF received (0)
DEBUG:paramiko.transport:EOF in transport thread
DEBUG:paramiko.transport:EOF in transport thread
INFO:root:10280::MutRdp9_Prod
INFO:root:10182::SM-Node1
INFO:zabbix_api.ZabbixAPISubClass:20: Creating ZabbixAPISubClass
DEBUG:zabbix_api.ZabbixAPISubClass:Going to do_request for <function checkauth.<locals>.ret at 0x7f6b78bbe1e0> with opts {'output': ['status'], 'filter': {'hostid': '10182'}}
INFO:zabbix_api.ZabbixAPISubClass:20: Creating ZabbixAPISubClass
DEBUG:zabbix_api.ZabbixAPISubClass:Going to do_request for <function checkauth.<locals>.ret at 0x7f6b78bbe1e0> with opts {'output': ['status'], 'filter': {'hostid': '10280'}}
INFO:root:[{'hostid': '10280', 'status': '1'}]
INFO:root:10180::SM-node2
INFO:zabbix_api.ZabbixAPISubClass:20: Creating ZabbixAPISubClass
DEBUG:zabbix_api.ZabbixAPISubClass:Going to do_request for <function checkauth.<locals>.ret at 0x7f6b78bbe1e0> with opts {'output': ['status'], 'filter': {'hostid': '10180'}}
INFO:root:[{'hostid': '10180', 'status': '0'}]
INFO:zabbix_api.ZabbixAPISubClass:20: Creating ZabbixAPISubClass
DEBUG:zabbix_api.ZabbixAPISubClass:Going to do_request for <function checkauth.<locals>.ret at 0x7f6b78bbe1e0> with opts {'output': ['key_', 'lastvalue'], 'filter': {'hostid': '10180'}}
ERROR:root:float division by zero
ERROR:root:float division by zero
INFO:root:10125::LPFBox_PROD
INFO:zabbix_api.ZabbixAPISubClass:20: Creating ZabbixAPISubClass
DEBUG:zabbix_api.ZabbixAPISubClass:Going to do_request for <function checkauth.<locals>.ret at 0x7f6b78bbe1e0> with opts {'output': ['status'], 'filter': {'hostid': '10125'}}
INFO:root:[{'hostid': '10182', 'status': '0'}]
INFO:zabbix_api.ZabbixAPISubClass:20: Creating ZabbixAPISubClass
DEBUG:zabbix_api.ZabbixAPISubClass:Going to do_request for <function checkauth.<locals>.ret at 0x7f6b78bbe1e0> with opts {'output': ['key_', 'lastvalue'], 'filter': {'hostid': '10182'}}
INFO:root:[{'hostid': '10125', 'status': '0'}]
INFO:zabbix_api.ZabbixAPISubClass:20: Creating ZabbixAPISubClass
DEBUG:zabbix_api.ZabbixAPISubClass:Going to do_request for <function checkauth.<locals>.ret at 0x7f6b78bbe1e0> with opts {'output': ['key_', 'lastvalue'], 'filter': {'hostid': '10125'}}
INFO:root:10122::cups_PROD
INFO:zabbix_api.ZabbixAPISubClass:20: Creating ZabbixAPISubClass
DEBUG:zabbix_api.ZabbixAPISubClass:Going to do_request for <function checkauth.<locals>.ret at 0x7f6b78bbe1e0> with opts {'output': ['status'], 'filter': {'hostid': '10122'}}
DEBUG:paramiko.transport:EOF in transport thread
INFO:root:[{'hostid': '10122', 'status': '0'}]
INFO:zabbix_api.ZabbixAPISubClass:20: Creating ZabbixAPISubClass
DEBUG:zabbix_api.ZabbixAPISubClass:Going to do_request for <function checkauth.<locals>.ret at 0x7f6b78bbe1e0> with opts {'output': ['key_', 'lastvalue'], 'filter': {'hostid': '10122'}}
INFO:root:10179::Prod-Node3
INFO:zabbix_api.ZabbixAPISubClass:20: Creating ZabbixAPISubClass
DEBUG:zabbix_api.ZabbixAPISubClass:Going to do_request for <function checkauth.<locals>.ret at 0x7f6b78bbe1e0> with opts {'output': ['status'], 'filter': {'hostid': '10179'}}
INFO:root:[{'hostid': '10179', 'status': '0'}]
INFO:zabbix_api.ZabbixAPISubClass:20: Creating ZabbixAPISubClass
DEBUG:zabbix_api.ZabbixAPISubClass:Going to do_request for <function checkauth.<locals>.ret at 0x7f6b78bbe1e0> with opts {'output': ['key_', 'lastvalue'], 'filter': {'hostid': '10179'}}
INFO:root:10202::pfSense_PROD
INFO:zabbix_api.ZabbixAPISubClass:20: Creating ZabbixAPISubClass
DEBUG:zabbix_api.ZabbixAPISubClass:Going to do_request for <function checkauth.<locals>.ret at 0x7f6b78bbe1e0> with opts {'output': ['status'], 'filter': {'hostid': '10202'}}
INFO:root:[{'hostid': '10202', 'status': '0'}]
INFO:zabbix_api.ZabbixAPISubClass:20: Creating ZabbixAPISubClass
DEBUG:zabbix_api.ZabbixAPISubClass:Going to do_request for <function checkauth.<locals>.ret at 0x7f6b78bbe1e0> with opts {'output': ['key_', 'lastvalue'], 'filter': {'hostid': '10202'}}
INFO:root:10127::onlyoffice_PROD
INFO:zabbix_api.ZabbixAPISubClass:20: Creating ZabbixAPISubClass
DEBUG:zabbix_api.ZabbixAPISubClass:Going to do_request for <function checkauth.<locals>.ret at 0x7f6b78bbe1e0> with opts {'output': ['status'], 'filter': {'hostid': '10127'}}
INFO:root:None
INFO:zabbix_api.ZabbixAPISubClass:20: Creating ZabbixAPISubClass
DEBUG:zabbix_api.ZabbixAPISubClass:Going to do_request for <function checkauth.<locals>.ret at 0x7f6b78bbe1e0> with opts {'output': ['hostid', 'name', 'ip'], 'selectInterfaces': ['ip'], 'filter': {'ip': '10.1.1.90'}}
INFO:root:10123::LDAP_PROD
INFO:zabbix_api.ZabbixAPISubClass:20: Creating ZabbixAPISubClass
DEBUG:zabbix_api.ZabbixAPISubClass:Going to do_request for <function checkauth.<locals>.ret at 0x7f6b78bbe1e0> with opts {'output': ['status'], 'filter': {'hostid': '10123'}}
INFO:root:[{'hostid': '10123', 'status': '0'}]
INFO:zabbix_api.ZabbixAPISubClass:20: Creating ZabbixAPISubClass
DEBUG:zabbix_api.ZabbixAPISubClass:Going to do_request for <function checkauth.<locals>.ret at 0x7f6b78bbe1e0> with opts {'output': ['key_', 'lastvalue'], 'filter': {'hostid': '10123'}}
INFO:root:10128::prodCode_PROD
INFO:zabbix_api.ZabbixAPISubClass:20: Creating ZabbixAPISubClass
DEBUG:zabbix_api.ZabbixAPISubClass:Going to do_request for <function checkauth.<locals>.ret at 0x7f6b78bbe1e0> with opts {'output': ['status'], 'filter': {'hostid': '10128'}}
INFO:root:[{'hostid': '10128', 'status': '0'}]
INFO:zabbix_api.ZabbixAPISubClass:20: Creating ZabbixAPISubClass
DEBUG:zabbix_api.ZabbixAPISubClass:Going to do_request for <function checkauth.<locals>.ret at 0x7f6b78bbe1e0> with opts {'output': ['key_', 'lastvalue'], 'filter': {'hostid': '10128'}}
INFO:root:10084::Zabbix server
INFO:zabbix_api.ZabbixAPISubClass:20: Creating ZabbixAPISubClass
DEBUG:zabbix_api.ZabbixAPISubClass:Going to do_request for <function checkauth.<locals>.ret at 0x7f6b78bbe1e0> with opts {'output': ['status'], 'filter': {'hostid': '10084'}}
INFO:root:[{'hostid': '10084', 'status': '0'}]
INFO:zabbix_api.ZabbixAPISubClass:20: Creating ZabbixAPISubClass
DEBUG:zabbix_api.ZabbixAPISubClass:Going to do_request for <function checkauth.<locals>.ret at 0x7f6b78bbe1e0> with opts {'output': ['key_', 'lastvalue'], 'filter': {'hostid': '10084'}}
INFO:root:10129::RevNginx_PROD
INFO:zabbix_api.ZabbixAPISubClass:20: Creating ZabbixAPISubClass
DEBUG:zabbix_api.ZabbixAPISubClass:Going to do_request for <function checkauth.<locals>.ret at 0x7f6b78bbe1e0> with opts {'output': ['status'], 'filter': {'hostid': '10129'}}
INFO:root:[{'hostid': '10129', 'status': '0'}]
INFO:zabbix_api.ZabbixAPISubClass:20: Creating ZabbixAPISubClass
DEBUG:zabbix_api.ZabbixAPISubClass:Going to do_request for <function checkauth.<locals>.ret at 0x7f6b78bbe1e0> with opts {'output': ['key_', 'lastvalue'], 'filter': {'hostid': '10129'}}
INFO:root:None
INFO:zabbix_api.ZabbixAPISubClass:20: Creating ZabbixAPISubClass
DEBUG:zabbix_api.ZabbixAPISubClass:Going to do_request for <function checkauth.<locals>.ret at 0x7f6b78bbe1e0> with opts {'output': ['hostid', 'name', 'ip'], 'selectInterfaces': ['ip'], 'filter': {'ip': '10.1.1.106'}}
INFO:root:10126::ALHWP_PROD
INFO:zabbix_api.ZabbixAPISubClass:20: Creating ZabbixAPISubClass
DEBUG:zabbix_api.ZabbixAPISubClass:Going to do_request for <function checkauth.<locals>.ret at 0x7f6b78bbe1e0> with opts {'output': ['status'], 'filter': {'hostid': '10126'}}
INFO:root:10221::EDUldap_PROD
INFO:zabbix_api.ZabbixAPISubClass:20: Creating ZabbixAPISubClass
DEBUG:zabbix_api.ZabbixAPISubClass:Going to do_request for <function checkauth.<locals>.ret at 0x7f6b78bbe1e0> with opts {'output': ['status'], 'filter': {'hostid': '10221'}}
INFO:root:[{'hostid': '10221', 'status': '0'}]
INFO:zabbix_api.ZabbixAPISubClass:20: Creating ZabbixAPISubClass
DEBUG:zabbix_api.ZabbixAPISubClass:Going to do_request for <function checkauth.<locals>.ret at 0x7f6b78bbe1e0> with opts {'output': ['key_', 'lastvalue'], 'filter': {'hostid': '10221'}}
INFO:root:[{'hostid': '10126', 'status': '0'}]
INFO:zabbix_api.ZabbixAPISubClass:20: Creating ZabbixAPISubClass
DEBUG:zabbix_api.ZabbixAPISubClass:Going to do_request for <function checkauth.<locals>.ret at 0x7f6b78bbe1e0> with opts {'output': ['key_', 'lastvalue'], 'filter': {'hostid': '10126'}}
INFO:root:10124::proxy_PROD
INFO:zabbix_api.ZabbixAPISubClass:20: Creating ZabbixAPISubClass
DEBUG:zabbix_api.ZabbixAPISubClass:Going to do_request for <function checkauth.<locals>.ret at 0x7f6b78bbe1e0> with opts {'output': ['status'], 'filter': {'hostid': '10124'}}
INFO:root:[{'hostid': '10124', 'status': '0'}]
INFO:zabbix_api.ZabbixAPISubClass:20: Creating ZabbixAPISubClass
DEBUG:zabbix_api.ZabbixAPISubClass:Going to do_request for <function checkauth.<locals>.ret at 0x7f6b78bbe1e0> with opts {'output': ['key_', 'lastvalue'], 'filter': {'hostid': '10124'}}
INFO:root:10130::NV-deploy_PROD
INFO:zabbix_api.ZabbixAPISubClass:20: Creating ZabbixAPISubClass
DEBUG:zabbix_api.ZabbixAPISubClass:Going to do_request for <function checkauth.<locals>.ret at 0x7f6b78bbe1e0> with opts {'output': ['status'], 'filter': {'hostid': '10130'}}
INFO:root:process EL_1530799158.677LKFW
ERROR:root:'Database' object has no attribute 'get_children'
DEBUG:urllib3.connectionpool:Starting new HTTPS connection (1): 10.255.0.253:8006
INFO:root:10222::EDUsquid_PROD
INFO:zabbix_api.ZabbixAPISubClass:20: Creating ZabbixAPISubClass
DEBUG:zabbix_api.ZabbixAPISubClass:Going to do_request for <function checkauth.<locals>.ret at 0x7f6b78bbe1e0> with opts {'output': ['status'], 'filter': {'hostid': '10222'}}
INFO:root:[{'hostid': '10130', 'status': '0'}]
INFO:zabbix_api.ZabbixAPISubClass:20: Creating ZabbixAPISubClass
DEBUG:zabbix_api.ZabbixAPISubClass:Going to do_request for <function checkauth.<locals>.ret at 0x7f6b78bbe1e0> with opts {'output': ['key_', 'lastvalue'], 'filter': {'hostid': '10130'}}
INFO:root:[{'hostid': '10222', 'status': '0'}]
INFO:zabbix_api.ZabbixAPISubClass:20: Creating ZabbixAPISubClass
DEBUG:zabbix_api.ZabbixAPISubClass:Going to do_request for <function checkauth.<locals>.ret at 0x7f6b78bbe1e0> with opts {'output': ['key_', 'lastvalue'], 'filter': {'hostid': '10222'}}
INFO:root:process EL_1532359274.91CU5YS
DEBUG:paramiko.transport:starting thread (client mode): 0x503a0630
DEBUG:paramiko.transport:Local version/idstring: SSH-2.0-paramiko_2.4.2
DEBUG:paramiko.transport:Remote version/idstring: SSH-2.0-OpenSSH_7.4p1 Debian-10+deb9u3
INFO:paramiko.transport:Connected (version 2.0, client OpenSSH_7.4p1)
DEBUG:paramiko.transport:kex algos:['curve25519-sha256', 'curve25519-sha256@libssh.org', 'ecdh-sha2-nistp256', 'ecdh-sha2-nistp384', 'ecdh-sha2-nistp521', 'diffie-hellman-group-exchange-sha256', 'diffie-hellman-group16-sha512', 'diffie-hellman-group18-sha512', 'diffie-hellman-group14-sha256', 'diffie-hellman-group14-sha1'] server key:['ssh-rsa', 'rsa-sha2-512', 'rsa-sha2-256', 'ecdsa-sha2-nistp256', 'ssh-ed25519'] client encrypt:['chacha20-poly1305@openssh.com', 'aes128-ctr', 'aes192-ctr', 'aes256-ctr', 'aes128-gcm@openssh.com', 'aes256-gcm@openssh.com'] server encrypt:['chacha20-poly1305@openssh.com', 'aes128-ctr', 'aes192-ctr', 'aes256-ctr', 'aes128-gcm@openssh.com', 'aes256-gcm@openssh.com'] client mac:['umac-64-etm@openssh.com', 'umac-128-etm@openssh.com', 'hmac-sha2-256-etm@openssh.com', 'hmac-sha2-512-etm@openssh.com', 'hmac-sha1-etm@openssh.com', 'umac-64@openssh.com', 'umac-128@openssh.com', 'hmac-sha2-256', 'hmac-sha2-512', 'hmac-sha1'] server mac:['umac-64-etm@openssh.com', 'umac-128-etm@openssh.com', 'hmac-sha2-256-etm@openssh.com', 'hmac-sha2-512-etm@openssh.com', 'hmac-sha1-etm@openssh.com', 'umac-64@openssh.com', 'umac-128@openssh.com', 'hmac-sha2-256', 'hmac-sha2-512', 'hmac-sha1'] client compress:['none', 'zlib@openssh.com'] server compress:['none', 'zlib@openssh.com'] client lang:[''] server lang:[''] kex follows?False
DEBUG:paramiko.transport:Kex agreed: ecdh-sha2-nistp256
DEBUG:paramiko.transport:HostKey agreed: ssh-ed25519
DEBUG:paramiko.transport:Cipher agreed: aes128-ctr
DEBUG:paramiko.transport:MAC agreed: hmac-sha2-256
DEBUG:paramiko.transport:Compression agreed: none
DEBUG:paramiko.transport:kex engine KexNistp256 specified hash_algo <built-in function openssl_sha256>
DEBUG:paramiko.transport:Switch to new keys ...
DEBUG:paramiko.transport:Attempting password auth...
DEBUG:paramiko.transport:userauth is OK
INFO:paramiko.transport:Authentication (password) successful!
DEBUG:urllib3.connectionpool:Starting new HTTPS connection (1): localhost:48169
DEBUG:paramiko.transport:[chan 0] Max packet in: 32768 bytes
DEBUG:paramiko.transport:Received global request "hostkeys-00@openssh.com"
DEBUG:paramiko.transport:Rejecting "hostkeys-00@openssh.com" global request from server.
DEBUG:paramiko.transport:[chan 0] Max packet out: 32768 bytes
DEBUG:paramiko.transport:Secsh channel 0 opened.
DEBUG:urllib3.connectionpool:https://localhost:48169 "POST /api2/json/access/ticket HTTP/1.1" 200 657
INFO:root:PVE API ACCES OK
INFO:proxmoxer.core:GET https://localhost:48169/api2/json/nodes
DEBUG:urllib3.connectionpool:Starting new HTTPS connection (1): localhost:48169
DEBUG:paramiko.transport:[chan 0] EOF sent (0)
DEBUG:paramiko.transport:[chan 1] Max packet in: 32768 bytes
DEBUG:paramiko.transport:[chan 0] EOF received (0)
DEBUG:paramiko.transport:[chan 1] Max packet out: 32768 bytes
DEBUG:paramiko.transport:Secsh channel 1 opened.
DEBUG:urllib3.connectionpool:https://localhost:48169 "GET /api2/json/nodes HTTP/1.1" 200 351
DEBUG:proxmoxer.core:Status code: 200, output: b'{"data":[{"uptime":28393645,"status":"online","type":"node","maxmem":67516858368,"mem":24820797440,"node":"ASPAS-NodeA","maxdisk":165100326912,"maxcpu":24,"ssl_fingerprint":"C7:97:48:08:44:30:F8:B0:47:5B:1C:AC:F7:42:66:6C:80:50:E1:07:C5:1C:C2:1C:03:4E:8B:90:AE:06:F8:D1","id":"node/ASPAS-NodeA","level":"","cpu":0.226909682012037,"disk":62466355200}]}'
DEBUG:paramiko.transport:starting thread (client mode): 0x5033e588
DEBUG:paramiko.transport:Local version/idstring: SSH-2.0-paramiko_2.4.2
INFO:root:None
INFO:zabbix_api.ZabbixAPISubClass:20: Creating ZabbixAPISubClass
DEBUG:zabbix_api.ZabbixAPISubClass:Going to do_request for <function checkauth.<locals>.ret at 0x7f6b78bbe1e0> with opts {'output': ['hostid', 'name', 'ip'], 'selectInterfaces': ['ip'], 'filter': {'ip': '10.1.1.88'}}
DEBUG:paramiko.transport:Remote version/idstring: SSH-2.0-OpenSSH_7.4p1 Debian-10+deb9u3
INFO:paramiko.transport:Connected (version 2.0, client OpenSSH_7.4p1)
DEBUG:paramiko.transport:kex algos:['curve25519-sha256', 'curve25519-sha256@libssh.org', 'ecdh-sha2-nistp256', 'ecdh-sha2-nistp384', 'ecdh-sha2-nistp521', 'diffie-hellman-group-exchange-sha256', 'diffie-hellman-group16-sha512', 'diffie-hellman-group18-sha512', 'diffie-hellman-group14-sha256', 'diffie-hellman-group14-sha1'] server key:['ssh-rsa', 'rsa-sha2-512', 'rsa-sha2-256', 'ecdsa-sha2-nistp256', 'ssh-ed25519'] client encrypt:['chacha20-poly1305@openssh.com', 'aes128-ctr', 'aes192-ctr', 'aes256-ctr', 'aes128-gcm@openssh.com', 'aes256-gcm@openssh.com'] server encrypt:['chacha20-poly1305@openssh.com', 'aes128-ctr', 'aes192-ctr', 'aes256-ctr', 'aes128-gcm@openssh.com', 'aes256-gcm@openssh.com'] client mac:['umac-64-etm@openssh.com', 'umac-128-etm@openssh.com', 'hmac-sha2-256-etm@openssh.com', 'hmac-sha2-512-etm@openssh.com', 'hmac-sha1-etm@openssh.com', 'umac-64@openssh.com', 'umac-128@openssh.com', 'hmac-sha2-256', 'hmac-sha2-512', 'hmac-sha1'] server mac:['umac-64-etm@openssh.com', 'umac-128-etm@openssh.com', 'hmac-sha2-256-etm@openssh.com', 'hmac-sha2-512-etm@openssh.com', 'hmac-sha1-etm@openssh.com', 'umac-64@openssh.com', 'umac-128@openssh.com', 'hmac-sha2-256', 'hmac-sha2-512', 'hmac-sha1'] client compress:['none', 'zlib@openssh.com'] server compress:['none', 'zlib@openssh.com'] client lang:[''] server lang:[''] kex follows?False
DEBUG:paramiko.transport:Kex agreed: ecdh-sha2-nistp256
DEBUG:paramiko.transport:HostKey agreed: ssh-ed25519
DEBUG:paramiko.transport:Cipher agreed: aes128-ctr
DEBUG:paramiko.transport:MAC agreed: hmac-sha2-256
DEBUG:paramiko.transport:Compression agreed: none
DEBUG:paramiko.transport:kex engine KexNistp256 specified hash_algo <built-in function openssl_sha256>
DEBUG:paramiko.transport:Switch to new keys ...
DEBUG:paramiko.transport:Adding ssh-ed25519 host key for 30.20.0.100: b'b96d55f9ea70af48bd6c92f2a1cf5ee6'
DEBUG:paramiko.transport:Trying discovered key b'59fc2a643f6f374a66f3a3048bdece50' in /home/samir/.ssh/id_rsa
DEBUG:paramiko.transport:userauth is OK
INFO:root:10131::DotriverLXDE_PROD
INFO:zabbix_api.ZabbixAPISubClass:20: Creating ZabbixAPISubClass
DEBUG:zabbix_api.ZabbixAPISubClass:Going to do_request for <function checkauth.<locals>.ret at 0x7f6b78bbe1e0> with opts {'output': ['status'], 'filter': {'hostid': '10131'}}
INFO:paramiko.transport:Authentication (publickey) failed.
DEBUG:paramiko.transport:Trying discovered key b'45fbb737d7f9835389ebbaa1bd1e65e4' in /home/samir/.ssh/id_ecdsa
DEBUG:paramiko.transport:userauth is OK
INFO:paramiko.transport:Authentication (publickey) failed.
DEBUG:paramiko.transport:userauth is OK
INFO:paramiko.transport:Authentication (password) successful!
DEBUG:paramiko.transport:[chan 0] Max packet in: 32768 bytes
DEBUG:paramiko.transport:Received global request "hostkeys-00@openssh.com"
DEBUG:paramiko.transport:Rejecting "hostkeys-00@openssh.com" global request from server.
DEBUG:paramiko.transport:[chan 0] Max packet out: 32768 bytes
DEBUG:paramiko.transport:Secsh channel 0 opened.
DEBUG:paramiko.transport:[chan 0] Sesch channel 0 request ok
INFO:root:10230::EDU2go_PROD
INFO:zabbix_api.ZabbixAPISubClass:20: Creating ZabbixAPISubClass
DEBUG:zabbix_api.ZabbixAPISubClass:Going to do_request for <function checkauth.<locals>.ret at 0x7f6b78bbe1e0> with opts {'output': ['status'], 'filter': {'hostid': '10230'}}
DEBUG:paramiko.transport:[chan 0] Sesch channel 0 request ok
INFO:root:[{'hostid': '10131', 'status': '0'}]
INFO:zabbix_api.ZabbixAPISubClass:20: Creating ZabbixAPISubClass
INFO:root:[{'hostid': '10230', 'status': '0'}]
DEBUG:zabbix_api.ZabbixAPISubClass:Going to do_request for <function checkauth.<locals>.ret at 0x7f6b78bbe1e0> with opts {'output': ['key_', 'lastvalue'], 'filter': {'hostid': '10131'}}
INFO:zabbix_api.ZabbixAPISubClass:20: Creating ZabbixAPISubClass
DEBUG:zabbix_api.ZabbixAPISubClass:Going to do_request for <function checkauth.<locals>.ret at 0x7f6b78bbe1e0> with opts {'output': ['key_', 'lastvalue'], 'filter': {'hostid': '10230'}}
INFO:root:None
INFO:zabbix_api.ZabbixAPISubClass:20: Creating ZabbixAPISubClass
DEBUG:zabbix_api.ZabbixAPISubClass:Going to do_request for <function checkauth.<locals>.ret at 0x7f6b78bbe1e0> with opts {'output': ['hostid', 'name', 'ip'], 'selectInterfaces': ['ip'], 'filter': {'ip': '30.20.0.10'}}
INFO:root:10132::MutX9_PROD
INFO:zabbix_api.ZabbixAPISubClass:20: Creating ZabbixAPISubClass
DEBUG:zabbix_api.ZabbixAPISubClass:Going to do_request for <function checkauth.<locals>.ret at 0x7f6b78bbe1e0> with opts {'output': ['status'], 'filter': {'hostid': '10132'}}
INFO:root:[{'hostid': '10132', 'status': '0'}]
INFO:zabbix_api.ZabbixAPISubClass:20: Creating ZabbixAPISubClass
DEBUG:zabbix_api.ZabbixAPISubClass:Going to do_request for <function checkauth.<locals>.ret at 0x7f6b78bbe1e0> with opts {'output': ['key_', 'lastvalue'], 'filter': {'hostid': '10132'}}
DEBUG:paramiko.transport:[chan 1] EOF received (1)
DEBUG:paramiko.transport:[chan 1] EOF sent (1)
INFO:root:None
INFO:zabbix_api.ZabbixAPISubClass:20: Creating ZabbixAPISubClass
DEBUG:zabbix_api.ZabbixAPISubClass:Going to do_request for <function checkauth.<locals>.ret at 0x7f6b78bbe1e0> with opts {'output': ['hostid', 'name', 'ip'], 'selectInterfaces': ['ip'], 'filter': {'ip': '10.1.1.254'}}
INFO:root:None
INFO:zabbix_api.ZabbixAPISubClass:20: Creating ZabbixAPISubClass
DEBUG:zabbix_api.ZabbixAPISubClass:Going to do_request for <function checkauth.<locals>.ret at 0x7f6b78bbe1e0> with opts {'output': ['hostid', 'name', 'ip'], 'selectInterfaces': ['ip'], 'filter': {'ip': '10.1.1.153'}}
DEBUG:paramiko.transport:[chan 0] EOF received (0)
INFO:proxmoxer.core:GET https://localhost:48169/api2/json/nodes/ASPAS-NodeA/qemu
DEBUG:urllib3.connectionpool:Resetting dropped connection: localhost
DEBUG:paramiko.transport:[chan 2] Max packet in: 32768 bytes
DEBUG:paramiko.transport:[chan 2] Max packet out: 32768 bytes
DEBUG:paramiko.transport:Secsh channel 2 opened.
DEBUG:urllib3.connectionpool:https://localhost:48169 "GET /api2/json/nodes/ASPAS-NodeA/qemu HTTP/1.1" 200 660
DEBUG:proxmoxer.core:Status code: 200, output: b'{"data":[{"cpu":0.0230357640691304,"template":"","mem":1482154288,"cpus":2,"maxmem":2147483648,"name":"AspasZabbixProxy","maxdisk":16106127360,"disk":0,"vmid":106,"pid":"15694","uptime":27147328,"netin":66989137939,"status":"running","diskwrite":0,"netout":84345247539,"diskread":0},{"netout":100590117,"diskread":0,"balloon_min":2147483648,"vmid":107,"pid":"4149","netin":108639152,"uptime":2173710,"status":"running","diskwrite":0,"shares":1000,"name":"CiviCRMtest","maxdisk":34359738368,"disk":0,"cpu":0.00405472401044171,"template":"","mem":2105828826,"maxmem":4294967296,"cpus":8},{"diskread":0,"netout":237789262079,"netin":323679250122,"status":"running","uptime":28393634,"diskwrite":0,"vmid":101,"pid":"2094","maxdisk":10737418240,"disk":0,"name":"pfSense","mem":499383511,"maxmem":1073741824,"cpus":2,"cpu":0.032477563775642,"template":""},{"name":"LDAP","maxdisk":16106127360,"disk":0,"template":"","cpu":0.0866227454118887,"mem":718036147,"maxmem":1073741824,"cpus":1,"netout":12098058659,"diskread":0,"vmid":102,"pid":"400","diskwrite":0,"uptime":27237300,"netin":10642629641,"status":"running"},{"pid":"32260","vmid":103,"diskwrite":0,"uptime":21243418,"netin":1506047894780,"status":"running","netout":163909125082,"diskread":0,"balloon_min":2147483648,"template":"","cpu":0.602602781563591,"cpus":8,"maxmem":4294967296,"mem":3528743820,"name":"CiviCRM","shares":1000,"disk":0,"maxdisk":34359738368},{"maxmem":2147483648,"cpus":4,"mem":1444374754,"cpu":0.118436121929322,"template":"","disk":0,"maxdisk":10737418240,"name":"MySQLHD","shares":1000,"netin":295453424205,"uptime":25488408,"status":"running","diskwrite":0,"pid":"18532","vmid":105,"diskread":0,"balloon_min":536870912,"netout":6510334224131}]}'
INFO:root:DISCOVER :: AspasZabbixProxy
INFO:proxmoxer.core:GET https://localhost:48169/api2/json/nodes/ASPAS-NodeA/qemu/106/config
DEBUG:urllib3.connectionpool:https://localhost:48169 "GET /api2/json/nodes/ASPAS-NodeA/qemu/106/config HTTP/1.1" 200 385
DEBUG:proxmoxer.core:Status code: 200, output: b'{"data":{"keyboard":"fr","scsi0":"local:106/vm-106-disk-1.qcow2,size=15G","cores":1,"numa":0,"digest":"f37fc0dde484d42bff3b16477f44faaf8d436441","net0":"e1000=52:DB:C4:96:A4:0F,bridge=vmbr0","name":"AspasZabbixProxy","smbios1":"uuid=d5292895-2f88-4389-a867-21923cf39759","ide2":"none,media=cdrom","bootdisk":"scsi0","memory":2048,"ostype":"l26","scsihw":"virtio-scsi-pci","sockets":2}}'
INFO:proxmoxer.core:GET https://localhost:48169/api2/json/nodes/ASPAS-NodeA/qemu/106/config
DEBUG:urllib3.connectionpool:https://localhost:48169 "GET /api2/json/nodes/ASPAS-NodeA/qemu/106/config HTTP/1.1" 200 385
DEBUG:proxmoxer.core:Status code: 200, output: b'{"data":{"bootdisk":"scsi0","ide2":"none,media=cdrom","smbios1":"uuid=d5292895-2f88-4389-a867-21923cf39759","memory":2048,"ostype":"l26","scsihw":"virtio-scsi-pci","sockets":2,"cores":1,"scsi0":"local:106/vm-106-disk-1.qcow2,size=15G","keyboard":"fr","name":"AspasZabbixProxy","digest":"f37fc0dde484d42bff3b16477f44faaf8d436441","net0":"e1000=52:DB:C4:96:A4:0F,bridge=vmbr0","numa":0}}'
INFO:root:DISCOVER :: CiviCRMtest
INFO:proxmoxer.core:GET https://localhost:48169/api2/json/nodes/ASPAS-NodeA/qemu/107/config
DEBUG:urllib3.connectionpool:https://localhost:48169 "GET /api2/json/nodes/ASPAS-NodeA/qemu/107/config HTTP/1.1" 200 407
DEBUG:proxmoxer.core:Status code: 200, output: b'{"data":{"balloon":2048,"scsi0":"local:107/vm-107-disk-1.qcow2,size=32G","cores":2,"numa":0,"net0":"e1000=72:C1:53:78:DC:A3,bridge=vmbr0","digest":"86dbc61851f05f97b78223a008de02386aa3bf07","name":"CiviCRMtest","parent":"snap7","onboot":1,"ide2":"none,media=cdrom","bootdisk":"scsi0","smbios1":"uuid=d2f5a6dc-0bfe-49d0-a3ab-bf31cea5f91c","memory":4096,"ostype":"l26","scsihw":"virtio-scsi-pci","sockets":4}}'
INFO:proxmoxer.core:GET https://localhost:48169/api2/json/nodes/ASPAS-NodeA/qemu/107/config
DEBUG:urllib3.connectionpool:https://localhost:48169 "GET /api2/json/nodes/ASPAS-NodeA/qemu/107/config HTTP/1.1" 200 407
DEBUG:proxmoxer.core:Status code: 200, output: b'{"data":{"ostype":"l26","memory":4096,"ide2":"none,media=cdrom","smbios1":"uuid=d2f5a6dc-0bfe-49d0-a3ab-bf31cea5f91c","bootdisk":"scsi0","sockets":4,"scsihw":"virtio-scsi-pci","balloon":2048,"scsi0":"local:107/vm-107-disk-1.qcow2,size=32G","cores":2,"parent":"snap7","onboot":1,"numa":0,"net0":"e1000=72:C1:53:78:DC:A3,bridge=vmbr0","digest":"86dbc61851f05f97b78223a008de02386aa3bf07","name":"CiviCRMtest"}}'
INFO:root:DISCOVER :: pfSense
INFO:proxmoxer.core:GET https://localhost:48169/api2/json/nodes/ASPAS-NodeA/qemu/101/config
DEBUG:urllib3.connectionpool:https://localhost:48169 "GET /api2/json/nodes/ASPAS-NodeA/qemu/101/config HTTP/1.1" 200 457
DEBUG:proxmoxer.core:Status code: 200, output: b'{"data":{"net1":"e1000=1E:2E:AB:EC:CA:6E,bridge=vmbr1","cores":2,"scsi0":"local:101/vm-101-disk-1.qcow2,size=10G","digest":"57e712a6c7afc645a88ed6bf933924069ba7976b","net0":"e1000=36:62:09:B3:A5:7F,bridge=vmbr0","numa":0,"name":"pfSense","onboot":1,"bootdisk":"scsi0","ide2":"local:iso/pfSense-CE-2.4.3-RELEASE-amd64.iso,media=cdrom","smbios1":"uuid=898aef46-798a-467b-b3ce-a436507b3cbf","ostype":"l26","memory":1024,"scsihw":"virtio-scsi-pci","sockets":1}}'
INFO:proxmoxer.core:GET https://localhost:48169/api2/json/nodes/ASPAS-NodeA/qemu/101/config
DEBUG:urllib3.connectionpool:https://localhost:48169 "GET /api2/json/nodes/ASPAS-NodeA/qemu/101/config HTTP/1.1" 200 457
DEBUG:proxmoxer.core:Status code: 200, output: b'{"data":{"smbios1":"uuid=898aef46-798a-467b-b3ce-a436507b3cbf","bootdisk":"scsi0","ide2":"local:iso/pfSense-CE-2.4.3-RELEASE-amd64.iso,media=cdrom","ostype":"l26","memory":1024,"scsihw":"virtio-scsi-pci","sockets":1,"net1":"e1000=1E:2E:AB:EC:CA:6E,bridge=vmbr1","scsi0":"local:101/vm-101-disk-1.qcow2,size=10G","cores":2,"numa":0,"net0":"e1000=36:62:09:B3:A5:7F,bridge=vmbr0","digest":"57e712a6c7afc645a88ed6bf933924069ba7976b","name":"pfSense","onboot":1}}'
ERROR:root:'1E:2E:AB:EC:CA:6E'
INFO:proxmoxer.core:GET https://localhost:48169/api2/json/nodes/ASPAS-NodeA/qemu/101/config
DEBUG:urllib3.connectionpool:https://localhost:48169 "GET /api2/json/nodes/ASPAS-NodeA/qemu/101/config HTTP/1.1" 200 457
DEBUG:proxmoxer.core:Status code: 200, output: b'{"data":{"net1":"e1000=1E:2E:AB:EC:CA:6E,bridge=vmbr1","cores":2,"scsi0":"local:101/vm-101-disk-1.qcow2,size=10G","net0":"e1000=36:62:09:B3:A5:7F,bridge=vmbr0","digest":"57e712a6c7afc645a88ed6bf933924069ba7976b","numa":0,"name":"pfSense","onboot":1,"bootdisk":"scsi0","ide2":"local:iso/pfSense-CE-2.4.3-RELEASE-amd64.iso,media=cdrom","smbios1":"uuid=898aef46-798a-467b-b3ce-a436507b3cbf","memory":1024,"ostype":"l26","scsihw":"virtio-scsi-pci","sockets":1}}'
INFO:root:DISCOVER :: LDAP
INFO:proxmoxer.core:GET https://localhost:48169/api2/json/nodes/ASPAS-NodeA/qemu/102/config
DEBUG:urllib3.connectionpool:https://localhost:48169 "GET /api2/json/nodes/ASPAS-NodeA/qemu/102/config HTTP/1.1" 200 375
DEBUG:proxmoxer.core:Status code: 200, output: b'{"data":{"scsihw":"virtio-scsi-pci","sockets":1,"smbios1":"uuid=a24333e9-405a-4e29-b770-5904b4a3064c","bootdisk":"scsi0","ide2":"none,media=cdrom","memory":1024,"ostype":"l26","numa":0,"digest":"c066b10ba56e67983d1256d4ba6b619a15483655","net0":"e1000=66:66:A5:67:DC:69,bridge=vmbr0","name":"LDAP","parent":"snap11","scsi0":"local:102/vm-102-disk-1.qcow2,size=15G","cores":1}}'
INFO:proxmoxer.core:GET https://localhost:48169/api2/json/nodes/ASPAS-NodeA/qemu/102/config
DEBUG:urllib3.connectionpool:https://localhost:48169 "GET /api2/json/nodes/ASPAS-NodeA/qemu/102/config HTTP/1.1" 200 375
DEBUG:proxmoxer.core:Status code: 200, output: b'{"data":{"parent":"snap11","name":"LDAP","numa":0,"net0":"e1000=66:66:A5:67:DC:69,bridge=vmbr0","digest":"c066b10ba56e67983d1256d4ba6b619a15483655","scsi0":"local:102/vm-102-disk-1.qcow2,size=15G","cores":1,"sockets":1,"scsihw":"virtio-scsi-pci","ostype":"l26","memory":1024,"smbios1":"uuid=a24333e9-405a-4e29-b770-5904b4a3064c","bootdisk":"scsi0","ide2":"none,media=cdrom"}}'
INFO:root:DISCOVER :: CiviCRM
INFO:proxmoxer.core:GET https://localhost:48169/api2/json/nodes/ASPAS-NodeA/qemu/103/config
DEBUG:urllib3.connectionpool:https://localhost:48169 "GET /api2/json/nodes/ASPAS-NodeA/qemu/103/config HTTP/1.1" 200 392
DEBUG:proxmoxer.core:Status code: 200, output: b'{"data":{"ostype":"l26","memory":4096,"ide2":"none,media=cdrom","bootdisk":"scsi0","smbios1":"uuid=d2f5a6dc-0bfe-49d0-a3ab-bf31cea5f91c","sockets":4,"scsihw":"virtio-scsi-pci","scsi0":"storage-ext:103/vm-103-disk-1.qcow2,size=32G","cores":2,"balloon":2048,"onboot":1,"name":"CiviCRM","numa":0,"net0":"e1000=9A:11:3B:DA:0B:CB,bridge=vmbr0","digest":"b9abcbedd19d2680f2f217c26561850fbcd83685"}}'
INFO:proxmoxer.core:GET https://localhost:48169/api2/json/nodes/ASPAS-NodeA/qemu/103/config
DEBUG:urllib3.connectionpool:https://localhost:48169 "GET /api2/json/nodes/ASPAS-NodeA/qemu/103/config HTTP/1.1" 200 392
DEBUG:proxmoxer.core:Status code: 200, output: b'{"data":{"balloon":2048,"scsi0":"storage-ext:103/vm-103-disk-1.qcow2,size=32G","cores":2,"numa":0,"net0":"e1000=9A:11:3B:DA:0B:CB,bridge=vmbr0","digest":"b9abcbedd19d2680f2f217c26561850fbcd83685","name":"CiviCRM","onboot":1,"ide2":"none,media=cdrom","bootdisk":"scsi0","smbios1":"uuid=d2f5a6dc-0bfe-49d0-a3ab-bf31cea5f91c","memory":4096,"ostype":"l26","scsihw":"virtio-scsi-pci","sockets":4}}'
INFO:root:DISCOVER :: MySQLHD
INFO:proxmoxer.core:GET https://localhost:48169/api2/json/nodes/ASPAS-NodeA/qemu/105/config
DEBUG:urllib3.connectionpool:https://localhost:48169 "GET /api2/json/nodes/ASPAS-NodeA/qemu/105/config HTTP/1.1" 200 410
DEBUG:proxmoxer.core:Status code: 200, output: b'{"data":{"balloon":512,"cores":2,"scsi0":"local:105/vm-105-disk-1.qcow2,size=10G","net0":"e1000=8A:AE:9F:57:2E:46,bridge=vmbr0","digest":"f629be46fae054bb9c5006cf59a4e738be5dc2c7","numa":0,"name":"MySQLHD","bootdisk":"scsi0","smbios1":"uuid=d18f8c73-3738-48c2-bdad-3839200fccd2","ide2":"local:iso/debian-9.5.0-amd64-netinst.iso,media=cdrom","memory":2048,"ostype":"l26","scsihw":"virtio-scsi-pci","sockets":2}}'
INFO:proxmoxer.core:GET https://localhost:48169/api2/json/nodes/ASPAS-NodeA/qemu/105/config
DEBUG:urllib3.connectionpool:https://localhost:48169 "GET /api2/json/nodes/ASPAS-NodeA/qemu/105/config HTTP/1.1" 200 410
DEBUG:proxmoxer.core:Status code: 200, output: b'{"data":{"scsi0":"local:105/vm-105-disk-1.qcow2,size=10G","cores":2,"balloon":512,"name":"MySQLHD","numa":0,"digest":"f629be46fae054bb9c5006cf59a4e738be5dc2c7","net0":"e1000=8A:AE:9F:57:2E:46,bridge=vmbr0","bootdisk":"scsi0","smbios1":"uuid=d18f8c73-3738-48c2-bdad-3839200fccd2","ide2":"local:iso/debian-9.5.0-amd64-netinst.iso,media=cdrom","memory":2048,"ostype":"l26","scsihw":"virtio-scsi-pci","sockets":2}}'
INFO:proxmoxer.core:GET https://localhost:48169/api2/json/nodes/ASPAS-NodeA/lxc
DEBUG:urllib3.connectionpool:https://localhost:48169 "GET /api2/json/nodes/ASPAS-NodeA/lxc HTTP/1.1" 200 703
DEBUG:proxmoxer.core:Status code: 200, output: b'{"data":[{"cpus":1,"maxmem":2147483648,"maxswap":536870912,"mem":1500405760,"template":"","type":"lxc","cpu":0.000986212349114271,"disk":"1216016384","maxdisk":"8388009984","name":"ProjectWP","swap":397496320,"diskwrite":287461376,"netin":4997205093,"status":"running","uptime":23954491,"lock":"","pid":"5012","vmid":"110","diskread":128909312,"netout":4140645691},{"netin":163975954,"status":"running","uptime":44397,"diskwrite":389120,"pid":"5780","lock":"","vmid":"104","diskread":119881728,"netout":174637529,"maxmem":2684354560,"cpus":1,"maxswap":1073741824,"mem":70488064,"cpu":0.0148409051890906,"type":"lxc","template":"","disk":"923779072","maxdisk":"8388009984","name":"Reverse","swap":4096}]}'
INFO:proxmoxer.core:GET https://localhost:48169/api2/json/nodes/ASPAS-NodeA/lxc/110/config
DEBUG:urllib3.connectionpool:https://localhost:48169 "GET /api2/json/nodes/ASPAS-NodeA/lxc/110/config HTTP/1.1" 200 311
DEBUG:proxmoxer.core:Status code: 200, output: b'{"data":{"arch":"amd64","hostname":"ProjectWP","onboot":1,"net0":"name=eth0,bridge=vmbr0,gw=30.20.0.101,hwaddr=72:C2:40:CA:51:EC,ip=30.20.0.110/24,type=veth","digest":"bfe53ca2bc66c0619f3e2eeae41659a92e22ff53","rootfs":"local:110/vm-110-disk-1.raw,size=8G","ostype":"debian","memory":2048,"swap":512,"cores":1}}'
INFO:proxmoxer.core:GET https://localhost:48169/api2/json/nodes/ASPAS-NodeA/lxc/110/config
DEBUG:urllib3.connectionpool:https://localhost:48169 "GET /api2/json/nodes/ASPAS-NodeA/lxc/110/config HTTP/1.1" 200 311
DEBUG:proxmoxer.core:Status code: 200, output: b'{"data":{"swap":512,"ostype":"debian","memory":2048,"cores":1,"onboot":1,"arch":"amd64","hostname":"ProjectWP","rootfs":"local:110/vm-110-disk-1.raw,size=8G","net0":"name=eth0,bridge=vmbr0,gw=30.20.0.101,hwaddr=72:C2:40:CA:51:EC,ip=30.20.0.110/24,type=veth","digest":"bfe53ca2bc66c0619f3e2eeae41659a92e22ff53"}}'
INFO:proxmoxer.core:GET https://localhost:48169/api2/json/nodes/ASPAS-NodeA/lxc/104/config
DEBUG:urllib3.connectionpool:https://localhost:48169 "GET /api2/json/nodes/ASPAS-NodeA/lxc/104/config HTTP/1.1" 200 310
DEBUG:proxmoxer.core:Status code: 200, output: b'{"data":{"cores":1,"swap":1024,"ostype":"debian","memory":2560,"rootfs":"local:104/vm-104-disk-1.raw,size=8G","net0":"name=eth0,bridge=vmbr0,gw=30.20.0.101,hwaddr=82:B7:23:59:0D:47,ip=30.20.0.104/24,type=veth","digest":"e9c6b4b151eea6edb71d3d9845061a199cf772b7","onboot":1,"arch":"amd64","hostname":"Reverse"}}'
INFO:proxmoxer.core:GET https://localhost:48169/api2/json/nodes/ASPAS-NodeA/lxc/104/config
DEBUG:urllib3.connectionpool:https://localhost:48169 "GET /api2/json/nodes/ASPAS-NodeA/lxc/104/config HTTP/1.1" 200 310
DEBUG:proxmoxer.core:Status code: 200, output: b'{"data":{"rootfs":"local:104/vm-104-disk-1.raw,size=8G","digest":"e9c6b4b151eea6edb71d3d9845061a199cf772b7","net0":"name=eth0,bridge=vmbr0,gw=30.20.0.101,hwaddr=82:B7:23:59:0D:47,ip=30.20.0.104/24,type=veth","onboot":1,"hostname":"Reverse","arch":"amd64","cores":1,"swap":1024,"memory":2560,"ostype":"debian"}}'
INFO:proxmoxer.core:GET https://localhost:48169/api2/json/nodes/ASPAS-NodeA/openvz
DEBUG:urllib3.connectionpool:https://localhost:48169 "GET /api2/json/nodes/ASPAS-NodeA/openvz HTTP/1.1" 501 13
DEBUG:proxmoxer.core:Status code: 501, output: b'{"data":null}'
ERROR:root:501 Not Implemented: b'{"data":null}'
DEBUG:paramiko.transport:[chan 2] EOF sent (2)
DEBUG:paramiko.transport:[chan 2] EOF received (2)
DEBUG:paramiko.transport:EOF in transport thread
INFO:root:10176::ASPAS-NodeA
INFO:zabbix_api.ZabbixAPISubClass:20: Creating ZabbixAPISubClass
DEBUG:zabbix_api.ZabbixAPISubClass:Going to do_request for <function checkauth.<locals>.ret at 0x7f6b78bbe1e0> with opts {'output': ['status'], 'filter': {'hostid': '10176'}}
INFO:root:[{'hostid': '10176', 'status': '0'}]
INFO:zabbix_api.ZabbixAPISubClass:20: Creating ZabbixAPISubClass
DEBUG:zabbix_api.ZabbixAPISubClass:Going to do_request for <function checkauth.<locals>.ret at 0x7f6b78bbe1e0> with opts {'output': ['key_', 'lastvalue'], 'filter': {'hostid': '10176'}}
INFO:root:10198::PFsense_ASPAS
INFO:zabbix_api.ZabbixAPISubClass:20: Creating ZabbixAPISubClass
DEBUG:zabbix_api.ZabbixAPISubClass:Going to do_request for <function checkauth.<locals>.ret at 0x7f6b78bbe1e0> with opts {'output': ['status'], 'filter': {'hostid': '10198'}}
INFO:root:[{'hostid': '10198', 'status': '0'}]
INFO:zabbix_api.ZabbixAPISubClass:20: Creating ZabbixAPISubClass
DEBUG:zabbix_api.ZabbixAPISubClass:Going to do_request for <function checkauth.<locals>.ret at 0x7f6b78bbe1e0> with opts {'output': ['key_', 'lastvalue'], 'filter': {'hostid': '10198'}}
INFO:root:None
INFO:zabbix_api.ZabbixAPISubClass:20: Creating ZabbixAPISubClass
DEBUG:zabbix_api.ZabbixAPISubClass:Going to do_request for <function checkauth.<locals>.ret at 0x7f6b78bbe1e0> with opts {'output': ['hostid', 'name', 'ip'], 'selectInterfaces': ['ip'], 'filter': {'ip': '30.20.0.106'}}
INFO:root:10120::MySQLHD_ASPAS
INFO:zabbix_api.ZabbixAPISubClass:20: Creating ZabbixAPISubClass
DEBUG:zabbix_api.ZabbixAPISubClass:Going to do_request for <function checkauth.<locals>.ret at 0x7f6b78bbe1e0> with opts {'output': ['status'], 'filter': {'hostid': '10120'}}
INFO:root:[{'hostid': '10120', 'status': '0'}]
INFO:zabbix_api.ZabbixAPISubClass:20: Creating ZabbixAPISubClass
DEBUG:zabbix_api.ZabbixAPISubClass:Going to do_request for <function checkauth.<locals>.ret at 0x7f6b78bbe1e0> with opts {'output': ['key_', 'lastvalue'], 'filter': {'hostid': '10120'}}
INFO:root:10118::Reverse_ASPAS
INFO:zabbix_api.ZabbixAPISubClass:20: Creating ZabbixAPISubClass
DEBUG:zabbix_api.ZabbixAPISubClass:Going to do_request for <function checkauth.<locals>.ret at 0x7f6b78bbe1e0> with opts {'output': ['status'], 'filter': {'hostid': '10118'}}
INFO:root:[{'hostid': '10118', 'status': '0'}]
INFO:zabbix_api.ZabbixAPISubClass:20: Creating ZabbixAPISubClass
DEBUG:zabbix_api.ZabbixAPISubClass:Going to do_request for <function checkauth.<locals>.ret at 0x7f6b78bbe1e0> with opts {'output': ['key_', 'lastvalue'], 'filter': {'hostid': '10118'}}
INFO:root:10116::LDAP_ASPAS
INFO:zabbix_api.ZabbixAPISubClass:20: Creating ZabbixAPISubClass
DEBUG:zabbix_api.ZabbixAPISubClass:Going to do_request for <function checkauth.<locals>.ret at 0x7f6b78bbe1e0> with opts {'output': ['status'], 'filter': {'hostid': '10116'}}
INFO:root:[{'hostid': '10116', 'status': '0'}]
INFO:zabbix_api.ZabbixAPISubClass:20: Creating ZabbixAPISubClass
DEBUG:zabbix_api.ZabbixAPISubClass:Going to do_request for <function checkauth.<locals>.ret at 0x7f6b78bbe1e0> with opts {'output': ['key_', 'lastvalue'], 'filter': {'hostid': '10116'}}
INFO:Core.Database:Register Table config as False
INFO:Core.Database:Register Table lang as False
INFO:Core.Database:Register Table schema as True
INFO:Core.Database:Register Table structure as True
INFO:Core.Database:Register Table users as True
INFO:Core.Database:Register Table server as True
INFO:Core.Database:Register Table base as True
INFO:Core.Database:Register Table secret as True
INFO:Core.Database:Register Table module as False
INFO:Core.Database:Register Table alert as False
ERROR:root:module 'Proxmox' has no attribute 'Monitor'
DEBUG:zabbix_api:Starting logging
Level 15:zabbix_api:Using native json library
INFO:zabbix_api.ZabbixAPI:20: Set logging level to 30
INFO:zabbix_api.ZabbixAPISubClass:20: Creating ZabbixAPISubClass
DEBUG:zabbix_api.ZabbixAPISubClass:Going to do_request for <function checkauth.<locals>.ret at 0x7f45928c01e0> with opts {'output': ['hostid', 'name', 'ip'], 'selectInterfaces': ['ip']}
ERROR:root:module 'Zabbix' has no attribute 'Discover'
INFO:root:process EL_1530624449.65NDO1U
INFO:root:process EL_1530624477.26SPA97
DEBUG:paramiko.transport:starting thread (client mode): 0x928f6c88
DEBUG:paramiko.transport:Local version/idstring: SSH-2.0-paramiko_2.4.2
DEBUG:paramiko.transport:starting thread (client mode): 0x928f6b70
DEBUG:paramiko.transport:Local version/idstring: SSH-2.0-paramiko_2.4.2
DEBUG:paramiko.transport:Remote version/idstring: SSH-2.0-OpenSSH_7.4p1 Debian-10+deb9u2
INFO:paramiko.transport:Connected (version 2.0, client OpenSSH_7.4p1)
DEBUG:paramiko.transport:Remote version/idstring: SSH-2.0-OpenSSH_7.4p1 Debian-10+deb9u2
INFO:paramiko.transport:Connected (version 2.0, client OpenSSH_7.4p1)
DEBUG:paramiko.transport:kex algos:['curve25519-sha256', 'curve25519-sha256@libssh.org', 'ecdh-sha2-nistp256', 'ecdh-sha2-nistp384', 'ecdh-sha2-nistp521', 'diffie-hellman-group-exchange-sha256', 'diffie-hellman-group16-sha512', 'diffie-hellman-group18-sha512', 'diffie-hellman-group14-sha256', 'diffie-hellman-group14-sha1'] server key:['ssh-rsa', 'rsa-sha2-512', 'rsa-sha2-256', 'ecdsa-sha2-nistp256', 'ssh-ed25519'] client encrypt:['chacha20-poly1305@openssh.com', 'aes128-ctr', 'aes192-ctr', 'aes256-ctr', 'aes128-gcm@openssh.com', 'aes256-gcm@openssh.com'] server encrypt:['chacha20-poly1305@openssh.com', 'aes128-ctr', 'aes192-ctr', 'aes256-ctr', 'aes128-gcm@openssh.com', 'aes256-gcm@openssh.com'] client mac:['umac-64-etm@openssh.com', 'umac-128-etm@openssh.com', 'hmac-sha2-256-etm@openssh.com', 'hmac-sha2-512-etm@openssh.com', 'hmac-sha1-etm@openssh.com', 'umac-64@openssh.com', 'umac-128@openssh.com', 'hmac-sha2-256', 'hmac-sha2-512', 'hmac-sha1'] server mac:['umac-64-etm@openssh.com', 'umac-128-etm@openssh.com', 'hmac-sha2-256-etm@openssh.com', 'hmac-sha2-512-etm@openssh.com', 'hmac-sha1-etm@openssh.com', 'umac-64@openssh.com', 'umac-128@openssh.com', 'hmac-sha2-256', 'hmac-sha2-512', 'hmac-sha1'] client compress:['none', 'zlib@openssh.com'] server compress:['none', 'zlib@openssh.com'] client lang:[''] server lang:[''] kex follows?False
DEBUG:paramiko.transport:kex algos:['curve25519-sha256', 'curve25519-sha256@libssh.org', 'ecdh-sha2-nistp256', 'ecdh-sha2-nistp384', 'ecdh-sha2-nistp521', 'diffie-hellman-group-exchange-sha256', 'diffie-hellman-group16-sha512', 'diffie-hellman-group18-sha512', 'diffie-hellman-group14-sha256', 'diffie-hellman-group14-sha1'] server key:['ssh-rsa', 'rsa-sha2-512', 'rsa-sha2-256', 'ecdsa-sha2-nistp256', 'ssh-ed25519'] client encrypt:['chacha20-poly1305@openssh.com', 'aes128-ctr', 'aes192-ctr', 'aes256-ctr', 'aes128-gcm@openssh.com', 'aes256-gcm@openssh.com'] server encrypt:['chacha20-poly1305@openssh.com', 'aes128-ctr', 'aes192-ctr', 'aes256-ctr', 'aes128-gcm@openssh.com', 'aes256-gcm@openssh.com'] client mac:['umac-64-etm@openssh.com', 'umac-128-etm@openssh.com', 'hmac-sha2-256-etm@openssh.com', 'hmac-sha2-512-etm@openssh.com', 'hmac-sha1-etm@openssh.com', 'umac-64@openssh.com', 'umac-128@openssh.com', 'hmac-sha2-256', 'hmac-sha2-512', 'hmac-sha1'] server mac:['umac-64-etm@openssh.com', 'umac-128-etm@openssh.com', 'hmac-sha2-256-etm@openssh.com', 'hmac-sha2-512-etm@openssh.com', 'hmac-sha1-etm@openssh.com', 'umac-64@openssh.com', 'umac-128@openssh.com', 'hmac-sha2-256', 'hmac-sha2-512', 'hmac-sha1'] client compress:['none', 'zlib@openssh.com'] server compress:['none', 'zlib@openssh.com'] client lang:[''] server lang:[''] kex follows?False
DEBUG:paramiko.transport:Kex agreed: ecdh-sha2-nistp256
DEBUG:paramiko.transport:Kex agreed: ecdh-sha2-nistp256
DEBUG:paramiko.transport:HostKey agreed: ssh-ed25519
DEBUG:paramiko.transport:HostKey agreed: ssh-ed25519
DEBUG:paramiko.transport:Cipher agreed: aes128-ctr
DEBUG:paramiko.transport:Cipher agreed: aes128-ctr
DEBUG:paramiko.transport:MAC agreed: hmac-sha2-256
DEBUG:paramiko.transport:MAC agreed: hmac-sha2-256
DEBUG:paramiko.transport:Compression agreed: none
DEBUG:paramiko.transport:Compression agreed: none
DEBUG:paramiko.transport:kex engine KexNistp256 specified hash_algo <built-in function openssl_sha256>
DEBUG:paramiko.transport:kex engine KexNistp256 specified hash_algo <built-in function openssl_sha256>
DEBUG:paramiko.transport:Switch to new keys ...
DEBUG:paramiko.transport:Switch to new keys ...
DEBUG:paramiko.transport:Attempting password auth...
DEBUG:paramiko.transport:Attempting password auth...
INFO:root:None
INFO:root:None
INFO:zabbix_api.ZabbixAPISubClass:20: Creating ZabbixAPISubClass
DEBUG:zabbix_api.ZabbixAPISubClass:Going to do_request for <function checkauth.<locals>.ret at 0x7f45928c01e0> with opts {'output': ['hostid', 'name', 'ip'], 'selectInterfaces': ['ip'], 'filter': {'ip': '10.1.1.252'}}
INFO:zabbix_api.ZabbixAPISubClass:20: Creating ZabbixAPISubClass
DEBUG:zabbix_api.ZabbixAPISubClass:Going to do_request for <function checkauth.<locals>.ret at 0x7f45928c01e0> with opts {'output': ['hostid', 'name', 'ip'], 'selectInterfaces': ['ip'], 'filter': {'ip': '10.1.1.152'}}
DEBUG:paramiko.transport:userauth is OK
DEBUG:paramiko.transport:userauth is OK
INFO:root:process EL_1530624227.45DEP43
INFO:root:process EL_1530624608.84CTQI2
INFO:paramiko.transport:Authentication (password) successful!
INFO:paramiko.transport:Authentication (password) successful!
DEBUG:paramiko.transport:starting thread (client mode): 0x90267860
DEBUG:paramiko.transport:starting thread (client mode): 0x90267b70
DEBUG:paramiko.transport:Local version/idstring: SSH-2.0-paramiko_2.4.2
DEBUG:paramiko.transport:Local version/idstring: SSH-2.0-paramiko_2.4.2
DEBUG:paramiko.transport:Remote version/idstring: SSH-2.0-OpenSSH_7.4p1 Debian-10+deb9u2
INFO:paramiko.transport:Connected (version 2.0, client OpenSSH_7.4p1)
DEBUG:paramiko.transport:Remote version/idstring: SSH-2.0-OpenSSH_7.4p1 Debian-10+deb9u2
INFO:paramiko.transport:Connected (version 2.0, client OpenSSH_7.4p1)
DEBUG:paramiko.transport:Received global request "hostkeys-00@openssh.com"
DEBUG:paramiko.transport:Rejecting "hostkeys-00@openssh.com" global request from server.
DEBUG:paramiko.transport:kex algos:['curve25519-sha256', 'curve25519-sha256@libssh.org', 'ecdh-sha2-nistp256', 'ecdh-sha2-nistp384', 'ecdh-sha2-nistp521', 'diffie-hellman-group-exchange-sha256', 'diffie-hellman-group16-sha512', 'diffie-hellman-group18-sha512', 'diffie-hellman-group14-sha256', 'diffie-hellman-group14-sha1'] server key:['ssh-rsa', 'rsa-sha2-512', 'rsa-sha2-256', 'ecdsa-sha2-nistp256', 'ssh-ed25519'] client encrypt:['chacha20-poly1305@openssh.com', 'aes128-ctr', 'aes192-ctr', 'aes256-ctr', 'aes128-gcm@openssh.com', 'aes256-gcm@openssh.com'] server encrypt:['chacha20-poly1305@openssh.com', 'aes128-ctr', 'aes192-ctr', 'aes256-ctr', 'aes128-gcm@openssh.com', 'aes256-gcm@openssh.com'] client mac:['umac-64-etm@openssh.com', 'umac-128-etm@openssh.com', 'hmac-sha2-256-etm@openssh.com', 'hmac-sha2-512-etm@openssh.com', 'hmac-sha1-etm@openssh.com', 'umac-64@openssh.com', 'umac-128@openssh.com', 'hmac-sha2-256', 'hmac-sha2-512', 'hmac-sha1'] server mac:['umac-64-etm@openssh.com', 'umac-128-etm@openssh.com', 'hmac-sha2-256-etm@openssh.com', 'hmac-sha2-512-etm@openssh.com', 'hmac-sha1-etm@openssh.com', 'umac-64@openssh.com', 'umac-128@openssh.com', 'hmac-sha2-256', 'hmac-sha2-512', 'hmac-sha1'] client compress:['none', 'zlib@openssh.com'] server compress:['none', 'zlib@openssh.com'] client lang:[''] server lang:[''] kex follows?False
DEBUG:paramiko.transport:Kex agreed: ecdh-sha2-nistp256
DEBUG:paramiko.transport:HostKey agreed: ssh-ed25519
DEBUG:paramiko.transport:Cipher agreed: aes128-ctr
DEBUG:paramiko.transport:MAC agreed: hmac-sha2-256
DEBUG:paramiko.transport:Compression agreed: none
DEBUG:paramiko.transport:Received global request "hostkeys-00@openssh.com"
DEBUG:paramiko.transport:Rejecting "hostkeys-00@openssh.com" global request from server.
DEBUG:paramiko.transport:kex algos:['curve25519-sha256', 'curve25519-sha256@libssh.org', 'ecdh-sha2-nistp256', 'ecdh-sha2-nistp384', 'ecdh-sha2-nistp521', 'diffie-hellman-group-exchange-sha256', 'diffie-hellman-group16-sha512', 'diffie-hellman-group18-sha512', 'diffie-hellman-group14-sha256', 'diffie-hellman-group14-sha1'] server key:['ssh-rsa', 'rsa-sha2-512', 'rsa-sha2-256', 'ecdsa-sha2-nistp256', 'ssh-ed25519'] client encrypt:['chacha20-poly1305@openssh.com', 'aes128-ctr', 'aes192-ctr', 'aes256-ctr', 'aes128-gcm@openssh.com', 'aes256-gcm@openssh.com'] server encrypt:['chacha20-poly1305@openssh.com', 'aes128-ctr', 'aes192-ctr', 'aes256-ctr', 'aes128-gcm@openssh.com', 'aes256-gcm@openssh.com'] client mac:['umac-64-etm@openssh.com', 'umac-128-etm@openssh.com', 'hmac-sha2-256-etm@openssh.com', 'hmac-sha2-512-etm@openssh.com', 'hmac-sha1-etm@openssh.com', 'umac-64@openssh.com', 'umac-128@openssh.com', 'hmac-sha2-256', 'hmac-sha2-512', 'hmac-sha1'] server mac:['umac-64-etm@openssh.com', 'umac-128-etm@openssh.com', 'hmac-sha2-256-etm@openssh.com', 'hmac-sha2-512-etm@openssh.com', 'hmac-sha1-etm@openssh.com', 'umac-64@openssh.com', 'umac-128@openssh.com', 'hmac-sha2-256', 'hmac-sha2-512', 'hmac-sha1'] client compress:['none', 'zlib@openssh.com'] server compress:['none', 'zlib@openssh.com'] client lang:[''] server lang:[''] kex follows?False
DEBUG:paramiko.transport:Kex agreed: ecdh-sha2-nistp256
DEBUG:paramiko.transport:HostKey agreed: ssh-ed25519
DEBUG:paramiko.transport:Cipher agreed: aes128-ctr
DEBUG:paramiko.transport:MAC agreed: hmac-sha2-256
DEBUG:paramiko.transport:Compression agreed: none
DEBUG:urllib3.connectionpool:Starting new HTTPS connection (1): localhost:33441
DEBUG:urllib3.connectionpool:Starting new HTTPS connection (1): localhost:37825
DEBUG:paramiko.transport:[chan 0] Max packet in: 32768 bytes
DEBUG:paramiko.transport:[chan 0] Max packet in: 32768 bytes
DEBUG:paramiko.transport:[chan 0] Max packet out: 32768 bytes
DEBUG:paramiko.transport:Secsh channel 0 opened.
DEBUG:paramiko.transport:[chan 0] Max packet out: 32768 bytes
DEBUG:paramiko.transport:Secsh channel 0 opened.
DEBUG:paramiko.transport:kex engine KexNistp256 specified hash_algo <built-in function openssl_sha256>
DEBUG:paramiko.transport:Switch to new keys ...
DEBUG:paramiko.transport:Attempting password auth...
DEBUG:paramiko.transport:kex engine KexNistp256 specified hash_algo <built-in function openssl_sha256>
DEBUG:paramiko.transport:Switch to new keys ...
DEBUG:paramiko.transport:Attempting password auth...
DEBUG:paramiko.transport:userauth is OK
DEBUG:paramiko.transport:userauth is OK
INFO:paramiko.transport:Authentication (password) successful!
DEBUG:urllib3.connectionpool:Starting new HTTPS connection (1): localhost:55543
DEBUG:paramiko.transport:[chan 0] Max packet in: 32768 bytes
INFO:paramiko.transport:Authentication (password) successful!
DEBUG:urllib3.connectionpool:Starting new HTTPS connection (1): localhost:54119
DEBUG:paramiko.transport:[chan 0] Max packet in: 32768 bytes
DEBUG:paramiko.transport:Received global request "hostkeys-00@openssh.com"
DEBUG:paramiko.transport:Rejecting "hostkeys-00@openssh.com" global request from server.
DEBUG:paramiko.transport:Received global request "hostkeys-00@openssh.com"
DEBUG:paramiko.transport:Rejecting "hostkeys-00@openssh.com" global request from server.
DEBUG:paramiko.transport:[chan 0] Max packet out: 32768 bytes
DEBUG:paramiko.transport:Secsh channel 0 opened.
DEBUG:urllib3.connectionpool:https://localhost:37825 "POST /api2/json/access/ticket HTTP/1.1" 401 13
ERROR:root:Couldn't authenticate user: root@pam to https://localhost:37825/api2/json/access/ticket
INFO:root:Unable to access proxmox api
DEBUG:paramiko.transport:[chan 0] EOF sent (0)
DEBUG:urllib3.connectionpool:https://localhost:33441 "POST /api2/json/access/ticket HTTP/1.1" 401 13
ERROR:root:Couldn't authenticate user: root@pam to https://localhost:33441/api2/json/access/ticket
INFO:root:Unable to access proxmox api
DEBUG:paramiko.transport:[chan 0] EOF sent (0)
DEBUG:paramiko.transport:[chan 0] EOF received (0)
DEBUG:paramiko.transport:[chan 0] EOF received (0)
ERROR:paramiko.transport:Secsh channel 0 open FAILED: No route to host: Connect failed
ERROR:root:(2, 'Connect failed')
ERROR:root:('Connection aborted.', OSError(0, 'Error'))
INFO:root:Unable to access proxmox api
DEBUG:urllib3.connectionpool:https://localhost:55543 "POST /api2/json/access/ticket HTTP/1.1" 401 13
ERROR:root:Couldn't authenticate user: root@pam to https://localhost:55543/api2/json/access/ticket
INFO:root:Unable to access proxmox api
DEBUG:paramiko.transport:[chan 0] EOF sent (0)
DEBUG:paramiko.transport:[chan 0] EOF received (0)
INFO:root:10181::Prod-Node4
INFO:zabbix_api.ZabbixAPISubClass:20: Creating ZabbixAPISubClass
DEBUG:zabbix_api.ZabbixAPISubClass:Going to do_request for <function checkauth.<locals>.ret at 0x7f45928c01e0> with opts {'output': ['status'], 'filter': {'hostid': '10181'}}
INFO:root:[{'hostid': '10181', 'status': '0'}]
INFO:zabbix_api.ZabbixAPISubClass:20: Creating ZabbixAPISubClass
DEBUG:zabbix_api.ZabbixAPISubClass:Going to do_request for <function checkauth.<locals>.ret at 0x7f45928c01e0> with opts {'output': ['key_', 'lastvalue'], 'filter': {'hostid': '10181'}}
DEBUG:paramiko.transport:EOF in transport thread
INFO:root:10280::MutRdp9_Prod
INFO:zabbix_api.ZabbixAPISubClass:20: Creating ZabbixAPISubClass
DEBUG:zabbix_api.ZabbixAPISubClass:Going to do_request for <function checkauth.<locals>.ret at 0x7f45928c01e0> with opts {'output': ['status'], 'filter': {'hostid': '10280'}}
DEBUG:paramiko.transport:EOF in transport thread
DEBUG:paramiko.transport:EOF in transport thread
INFO:root:[{'hostid': '10280', 'status': '1'}]
INFO:root:10182::SM-Node1
INFO:root:10180::SM-node2
INFO:zabbix_api.ZabbixAPISubClass:20: Creating ZabbixAPISubClass
INFO:root:10125::LPFBox_PROD
DEBUG:zabbix_api.ZabbixAPISubClass:Going to do_request for <function checkauth.<locals>.ret at 0x7f45928c01e0> with opts {'output': ['status'], 'filter': {'hostid': '10182'}}
INFO:zabbix_api.ZabbixAPISubClass:20: Creating ZabbixAPISubClass
DEBUG:zabbix_api.ZabbixAPISubClass:Going to do_request for <function checkauth.<locals>.ret at 0x7f45928c01e0> with opts {'output': ['status'], 'filter': {'hostid': '10125'}}
INFO:zabbix_api.ZabbixAPISubClass:20: Creating ZabbixAPISubClass
DEBUG:zabbix_api.ZabbixAPISubClass:Going to do_request for <function checkauth.<locals>.ret at 0x7f45928c01e0> with opts {'output': ['status'], 'filter': {'hostid': '10180'}}
DEBUG:paramiko.transport:EOF in transport thread
INFO:Core.Database:Register Table config as False
INFO:Core.Database:Register Table lang as False
INFO:Core.Database:Register Table schema as True
INFO:Core.Database:Register Table structure as True
INFO:Core.Database:Register Table users as True
INFO:Core.Database:Register Table server as True
INFO:Core.Database:Register Table base as True
INFO:Core.Database:Register Table secret as True
INFO:Core.Database:Register Table module as False
INFO:Core.Database:Register Table alert as False
ERROR:root:module 'Proxmox' has no attribute 'Monitor'
DEBUG:zabbix_api:Starting logging
Level 15:zabbix_api:Using native json library
INFO:zabbix_api.ZabbixAPI:20: Set logging level to 30
INFO:zabbix_api.ZabbixAPISubClass:20: Creating ZabbixAPISubClass
DEBUG:zabbix_api.ZabbixAPISubClass:Going to do_request for <function checkauth.<locals>.ret at 0x7fe021baf1e0> with opts {'output': ['hostid', 'name', 'ip'], 'selectInterfaces': ['ip']}
ERROR:root:module 'Zabbix' has no attribute 'Discover'
INFO:root:process EL_1530624449.65NDO1U
INFO:root:process EL_1530624477.26SPA97
DEBUG:paramiko.transport:starting thread (client mode): 0x21bac4e0
DEBUG:paramiko.transport:Local version/idstring: SSH-2.0-paramiko_2.4.2
DEBUG:paramiko.transport:starting thread (client mode): 0x21bc6438
DEBUG:paramiko.transport:Local version/idstring: SSH-2.0-paramiko_2.4.2
DEBUG:paramiko.transport:Remote version/idstring: SSH-2.0-OpenSSH_7.4p1 Debian-10+deb9u2
INFO:paramiko.transport:Connected (version 2.0, client OpenSSH_7.4p1)
DEBUG:paramiko.transport:Remote version/idstring: SSH-2.0-OpenSSH_7.4p1 Debian-10+deb9u2
INFO:paramiko.transport:Connected (version 2.0, client OpenSSH_7.4p1)
DEBUG:paramiko.transport:kex algos:['curve25519-sha256', 'curve25519-sha256@libssh.org', 'ecdh-sha2-nistp256', 'ecdh-sha2-nistp384', 'ecdh-sha2-nistp521', 'diffie-hellman-group-exchange-sha256', 'diffie-hellman-group16-sha512', 'diffie-hellman-group18-sha512', 'diffie-hellman-group14-sha256', 'diffie-hellman-group14-sha1'] server key:['ssh-rsa', 'rsa-sha2-512', 'rsa-sha2-256', 'ecdsa-sha2-nistp256', 'ssh-ed25519'] client encrypt:['chacha20-poly1305@openssh.com', 'aes128-ctr', 'aes192-ctr', 'aes256-ctr', 'aes128-gcm@openssh.com', 'aes256-gcm@openssh.com'] server encrypt:['chacha20-poly1305@openssh.com', 'aes128-ctr', 'aes192-ctr', 'aes256-ctr', 'aes128-gcm@openssh.com', 'aes256-gcm@openssh.com'] client mac:['umac-64-etm@openssh.com', 'umac-128-etm@openssh.com', 'hmac-sha2-256-etm@openssh.com', 'hmac-sha2-512-etm@openssh.com', 'hmac-sha1-etm@openssh.com', 'umac-64@openssh.com', 'umac-128@openssh.com', 'hmac-sha2-256', 'hmac-sha2-512', 'hmac-sha1'] server mac:['umac-64-etm@openssh.com', 'umac-128-etm@openssh.com', 'hmac-sha2-256-etm@openssh.com', 'hmac-sha2-512-etm@openssh.com', 'hmac-sha1-etm@openssh.com', 'umac-64@openssh.com', 'umac-128@openssh.com', 'hmac-sha2-256', 'hmac-sha2-512', 'hmac-sha1'] client compress:['none', 'zlib@openssh.com'] server compress:['none', 'zlib@openssh.com'] client lang:[''] server lang:[''] kex follows?False
DEBUG:paramiko.transport:Kex agreed: ecdh-sha2-nistp256
DEBUG:paramiko.transport:HostKey agreed: ssh-ed25519
DEBUG:paramiko.transport:Cipher agreed: aes128-ctr
DEBUG:paramiko.transport:MAC agreed: hmac-sha2-256
DEBUG:paramiko.transport:Compression agreed: none
DEBUG:paramiko.transport:kex algos:['curve25519-sha256', 'curve25519-sha256@libssh.org', 'ecdh-sha2-nistp256', 'ecdh-sha2-nistp384', 'ecdh-sha2-nistp521', 'diffie-hellman-group-exchange-sha256', 'diffie-hellman-group16-sha512', 'diffie-hellman-group18-sha512', 'diffie-hellman-group14-sha256', 'diffie-hellman-group14-sha1'] server key:['ssh-rsa', 'rsa-sha2-512', 'rsa-sha2-256', 'ecdsa-sha2-nistp256', 'ssh-ed25519'] client encrypt:['chacha20-poly1305@openssh.com', 'aes128-ctr', 'aes192-ctr', 'aes256-ctr', 'aes128-gcm@openssh.com', 'aes256-gcm@openssh.com'] server encrypt:['chacha20-poly1305@openssh.com', 'aes128-ctr', 'aes192-ctr', 'aes256-ctr', 'aes128-gcm@openssh.com', 'aes256-gcm@openssh.com'] client mac:['umac-64-etm@openssh.com', 'umac-128-etm@openssh.com', 'hmac-sha2-256-etm@openssh.com', 'hmac-sha2-512-etm@openssh.com', 'hmac-sha1-etm@openssh.com', 'umac-64@openssh.com', 'umac-128@openssh.com', 'hmac-sha2-256', 'hmac-sha2-512', 'hmac-sha1'] server mac:['umac-64-etm@openssh.com', 'umac-128-etm@openssh.com', 'hmac-sha2-256-etm@openssh.com', 'hmac-sha2-512-etm@openssh.com', 'hmac-sha1-etm@openssh.com', 'umac-64@openssh.com', 'umac-128@openssh.com', 'hmac-sha2-256', 'hmac-sha2-512', 'hmac-sha1'] client compress:['none', 'zlib@openssh.com'] server compress:['none', 'zlib@openssh.com'] client lang:[''] server lang:[''] kex follows?False
DEBUG:paramiko.transport:Kex agreed: ecdh-sha2-nistp256
DEBUG:paramiko.transport:HostKey agreed: ssh-ed25519
DEBUG:paramiko.transport:Cipher agreed: aes128-ctr
DEBUG:paramiko.transport:MAC agreed: hmac-sha2-256
DEBUG:paramiko.transport:Compression agreed: none
INFO:root:None
INFO:zabbix_api.ZabbixAPISubClass:20: Creating ZabbixAPISubClass
DEBUG:zabbix_api.ZabbixAPISubClass:Going to do_request for <function checkauth.<locals>.ret at 0x7fe021baf1e0> with opts {'output': ['hostid', 'name', 'ip'], 'selectInterfaces': ['ip'], 'filter': {'ip': '10.1.1.152'}}
DEBUG:paramiko.transport:kex engine KexNistp256 specified hash_algo <built-in function openssl_sha256>
DEBUG:paramiko.transport:Switch to new keys ...
DEBUG:paramiko.transport:Attempting password auth...
INFO:root:process EL_1530624227.45DEP43
DEBUG:paramiko.transport:kex engine KexNistp256 specified hash_algo <built-in function openssl_sha256>
DEBUG:paramiko.transport:Switch to new keys ...
DEBUG:paramiko.transport:Attempting password auth...
DEBUG:paramiko.transport:starting thread (client mode): 0x21bc6278
DEBUG:paramiko.transport:Local version/idstring: SSH-2.0-paramiko_2.4.2
DEBUG:paramiko.transport:Remote version/idstring: SSH-2.0-OpenSSH_7.4p1 Debian-10+deb9u2
INFO:paramiko.transport:Connected (version 2.0, client OpenSSH_7.4p1)
DEBUG:paramiko.transport:kex algos:['curve25519-sha256', 'curve25519-sha256@libssh.org', 'ecdh-sha2-nistp256', 'ecdh-sha2-nistp384', 'ecdh-sha2-nistp521', 'diffie-hellman-group-exchange-sha256', 'diffie-hellman-group16-sha512', 'diffie-hellman-group18-sha512', 'diffie-hellman-group14-sha256', 'diffie-hellman-group14-sha1'] server key:['ssh-rsa', 'rsa-sha2-512', 'rsa-sha2-256', 'ecdsa-sha2-nistp256', 'ssh-ed25519'] client encrypt:['chacha20-poly1305@openssh.com', 'aes128-ctr', 'aes192-ctr', 'aes256-ctr', 'aes128-gcm@openssh.com', 'aes256-gcm@openssh.com'] server encrypt:['chacha20-poly1305@openssh.com', 'aes128-ctr', 'aes192-ctr', 'aes256-ctr', 'aes128-gcm@openssh.com', 'aes256-gcm@openssh.com'] client mac:['umac-64-etm@openssh.com', 'umac-128-etm@openssh.com', 'hmac-sha2-256-etm@openssh.com', 'hmac-sha2-512-etm@openssh.com', 'hmac-sha1-etm@openssh.com', 'umac-64@openssh.com', 'umac-128@openssh.com', 'hmac-sha2-256', 'hmac-sha2-512', 'hmac-sha1'] server mac:['umac-64-etm@openssh.com', 'umac-128-etm@openssh.com', 'hmac-sha2-256-etm@openssh.com', 'hmac-sha2-512-etm@openssh.com', 'hmac-sha1-etm@openssh.com', 'umac-64@openssh.com', 'umac-128@openssh.com', 'hmac-sha2-256', 'hmac-sha2-512', 'hmac-sha1'] client compress:['none', 'zlib@openssh.com'] server compress:['none', 'zlib@openssh.com'] client lang:[''] server lang:[''] kex follows?False
DEBUG:paramiko.transport:Kex agreed: ecdh-sha2-nistp256
DEBUG:paramiko.transport:HostKey agreed: ssh-ed25519
DEBUG:paramiko.transport:Cipher agreed: aes128-ctr
DEBUG:paramiko.transport:MAC agreed: hmac-sha2-256
DEBUG:paramiko.transport:Compression agreed: none
DEBUG:paramiko.transport:userauth is OK
DEBUG:paramiko.transport:userauth is OK
DEBUG:paramiko.transport:kex engine KexNistp256 specified hash_algo <built-in function openssl_sha256>
DEBUG:paramiko.transport:Switch to new keys ...
DEBUG:paramiko.transport:Attempting password auth...
INFO:paramiko.transport:Authentication (password) successful!
INFO:paramiko.transport:Authentication (password) successful!
INFO:root:None
INFO:zabbix_api.ZabbixAPISubClass:20: Creating ZabbixAPISubClass
DEBUG:zabbix_api.ZabbixAPISubClass:Going to do_request for <function checkauth.<locals>.ret at 0x7fe021baf1e0> with opts {'output': ['hostid', 'name', 'ip'], 'selectInterfaces': ['ip'], 'filter': {'ip': '10.1.1.252'}}
DEBUG:paramiko.transport:Received global request "hostkeys-00@openssh.com"
DEBUG:paramiko.transport:Rejecting "hostkeys-00@openssh.com" global request from server.
DEBUG:paramiko.transport:Received global request "hostkeys-00@openssh.com"
DEBUG:paramiko.transport:Rejecting "hostkeys-00@openssh.com" global request from server.
DEBUG:paramiko.transport:userauth is OK
DEBUG:urllib3.connectionpool:Starting new HTTPS connection (1): localhost:41271
DEBUG:urllib3.connectionpool:Starting new HTTPS connection (1): localhost:49111
DEBUG:paramiko.transport:[chan 0] Max packet in: 32768 bytes
DEBUG:paramiko.transport:[chan 0] Max packet in: 32768 bytes
DEBUG:paramiko.transport:[chan 0] Max packet out: 32768 bytes
DEBUG:paramiko.transport:Secsh channel 0 opened.
DEBUG:paramiko.transport:[chan 0] Max packet out: 32768 bytes
DEBUG:paramiko.transport:Secsh channel 0 opened.
INFO:paramiko.transport:Authentication (password) successful!
DEBUG:urllib3.connectionpool:Starting new HTTPS connection (1): localhost:35523
DEBUG:paramiko.transport:[chan 0] Max packet in: 32768 bytes
DEBUG:paramiko.transport:Received global request "hostkeys-00@openssh.com"
DEBUG:paramiko.transport:Rejecting "hostkeys-00@openssh.com" global request from server.
INFO:root:process EL_1530624608.84CTQI2
DEBUG:paramiko.transport:[chan 0] Max packet out: 32768 bytes
DEBUG:paramiko.transport:Secsh channel 0 opened.
DEBUG:paramiko.transport:starting thread (client mode): 0xf0d86898
DEBUG:paramiko.transport:Local version/idstring: SSH-2.0-paramiko_2.4.2
DEBUG:paramiko.transport:Remote version/idstring: SSH-2.0-OpenSSH_7.4p1 Debian-10+deb9u2
INFO:paramiko.transport:Connected (version 2.0, client OpenSSH_7.4p1)
DEBUG:paramiko.transport:kex algos:['curve25519-sha256', 'curve25519-sha256@libssh.org', 'ecdh-sha2-nistp256', 'ecdh-sha2-nistp384', 'ecdh-sha2-nistp521', 'diffie-hellman-group-exchange-sha256', 'diffie-hellman-group16-sha512', 'diffie-hellman-group18-sha512', 'diffie-hellman-group14-sha256', 'diffie-hellman-group14-sha1'] server key:['ssh-rsa', 'rsa-sha2-512', 'rsa-sha2-256', 'ecdsa-sha2-nistp256', 'ssh-ed25519'] client encrypt:['chacha20-poly1305@openssh.com', 'aes128-ctr', 'aes192-ctr', 'aes256-ctr', 'aes128-gcm@openssh.com', 'aes256-gcm@openssh.com'] server encrypt:['chacha20-poly1305@openssh.com', 'aes128-ctr', 'aes192-ctr', 'aes256-ctr', 'aes128-gcm@openssh.com', 'aes256-gcm@openssh.com'] client mac:['umac-64-etm@openssh.com', 'umac-128-etm@openssh.com', 'hmac-sha2-256-etm@openssh.com', 'hmac-sha2-512-etm@openssh.com', 'hmac-sha1-etm@openssh.com', 'umac-64@openssh.com', 'umac-128@openssh.com', 'hmac-sha2-256', 'hmac-sha2-512', 'hmac-sha1'] server mac:['umac-64-etm@openssh.com', 'umac-128-etm@openssh.com', 'hmac-sha2-256-etm@openssh.com', 'hmac-sha2-512-etm@openssh.com', 'hmac-sha1-etm@openssh.com', 'umac-64@openssh.com', 'umac-128@openssh.com', 'hmac-sha2-256', 'hmac-sha2-512', 'hmac-sha1'] client compress:['none', 'zlib@openssh.com'] server compress:['none', 'zlib@openssh.com'] client lang:[''] server lang:[''] kex follows?False
DEBUG:paramiko.transport:Kex agreed: ecdh-sha2-nistp256
DEBUG:paramiko.transport:HostKey agreed: ssh-ed25519
DEBUG:paramiko.transport:Cipher agreed: aes128-ctr
DEBUG:paramiko.transport:MAC agreed: hmac-sha2-256
DEBUG:paramiko.transport:Compression agreed: none
DEBUG:paramiko.transport:kex engine KexNistp256 specified hash_algo <built-in function openssl_sha256>
DEBUG:paramiko.transport:Switch to new keys ...
DEBUG:paramiko.transport:Attempting password auth...
DEBUG:paramiko.transport:userauth is OK
INFO:paramiko.transport:Authentication (password) successful!
DEBUG:urllib3.connectionpool:Starting new HTTPS connection (1): localhost:53879
DEBUG:paramiko.transport:[chan 0] Max packet in: 32768 bytes
DEBUG:paramiko.transport:Received global request "hostkeys-00@openssh.com"
DEBUG:paramiko.transport:Rejecting "hostkeys-00@openssh.com" global request from server.
DEBUG:urllib3.connectionpool:https://localhost:41271 "POST /api2/json/access/ticket HTTP/1.1" 401 13
ERROR:root:Couldn't authenticate user: root@pam to https://localhost:41271/api2/json/access/ticket
INFO:root:Unable to access proxmox api
DEBUG:paramiko.transport:[chan 0] EOF sent (0)
DEBUG:urllib3.connectionpool:https://localhost:49111 "POST /api2/json/access/ticket HTTP/1.1" 401 13
ERROR:root:Couldn't authenticate user: root@pam to https://localhost:49111/api2/json/access/ticket
INFO:root:Unable to access proxmox api
DEBUG:paramiko.transport:[chan 0] EOF sent (0)
DEBUG:paramiko.transport:[chan 0] EOF received (0)
DEBUG:paramiko.transport:[chan 0] EOF received (0)
DEBUG:urllib3.connectionpool:https://localhost:35523 "POST /api2/json/access/ticket HTTP/1.1" 401 13
ERROR:root:Couldn't authenticate user: root@pam to https://localhost:35523/api2/json/access/ticket
INFO:root:Unable to access proxmox api
DEBUG:paramiko.transport:[chan 0] EOF sent (0)
DEBUG:paramiko.transport:[chan 0] EOF received (0)
ERROR:paramiko.transport:Secsh channel 0 open FAILED: No route to host: Connect failed
ERROR:root:(2, 'Connect failed')
ERROR:root:('Connection aborted.', OSError(0, 'Error'))
INFO:root:Unable to access proxmox api
DEBUG:paramiko.transport:EOF in transport thread
INFO:root:10181::Prod-Node4
INFO:zabbix_api.ZabbixAPISubClass:20: Creating ZabbixAPISubClass
DEBUG:zabbix_api.ZabbixAPISubClass:Going to do_request for <function checkauth.<locals>.ret at 0x7fe021baf1e0> with opts {'output': ['status'], 'filter': {'hostid': '10181'}}
INFO:root:[{'hostid': '10181', 'status': '0'}]
INFO:zabbix_api.ZabbixAPISubClass:20: Creating ZabbixAPISubClass
DEBUG:zabbix_api.ZabbixAPISubClass:Going to do_request for <function checkauth.<locals>.ret at 0x7fe021baf1e0> with opts {'output': ['key_', 'lastvalue'], 'filter': {'hostid': '10181'}}
DEBUG:paramiko.transport:EOF in transport thread
DEBUG:paramiko.transport:EOF in transport thread
DEBUG:paramiko.transport:EOF in transport thread
INFO:root:10179::Prod-Node3
INFO:zabbix_api.ZabbixAPISubClass:20: Creating ZabbixAPISubClass
DEBUG:zabbix_api.ZabbixAPISubClass:Going to do_request for <function checkauth.<locals>.ret at 0x7fe021baf1e0> with opts {'output': ['status'], 'filter': {'hostid': '10179'}}
INFO:root:10182::SM-Node1
INFO:zabbix_api.ZabbixAPISubClass:20: Creating ZabbixAPISubClass
DEBUG:zabbix_api.ZabbixAPISubClass:Going to do_request for <function checkauth.<locals>.ret at 0x7fe021baf1e0> with opts {'output': ['status'], 'filter': {'hostid': '10182'}}
INFO:root:10180::SM-node2
INFO:root:10280::MutRdp9_Prod
INFO:zabbix_api.ZabbixAPISubClass:20: Creating ZabbixAPISubClass
INFO:zabbix_api.ZabbixAPISubClass:20: Creating ZabbixAPISubClass
DEBUG:zabbix_api.ZabbixAPISubClass:Going to do_request for <function checkauth.<locals>.ret at 0x7fe021baf1e0> with opts {'output': ['status'], 'filter': {'hostid': '10180'}}
DEBUG:zabbix_api.ZabbixAPISubClass:Going to do_request for <function checkauth.<locals>.ret at 0x7fe021baf1e0> with opts {'output': ['status'], 'filter': {'hostid': '10280'}}
INFO:root:[{'hostid': '10179', 'status': '0'}]
INFO:root:[{'hostid': '10280', 'status': '1'}]
INFO:zabbix_api.ZabbixAPISubClass:20: Creating ZabbixAPISubClass
DEBUG:zabbix_api.ZabbixAPISubClass:Going to do_request for <function checkauth.<locals>.ret at 0x7fe021baf1e0> with opts {'output': ['key_', 'lastvalue'], 'filter': {'hostid': '10179'}}
INFO:root:[{'hostid': '10182', 'status': '0'}]
INFO:zabbix_api.ZabbixAPISubClass:20: Creating ZabbixAPISubClass
DEBUG:zabbix_api.ZabbixAPISubClass:Going to do_request for <function checkauth.<locals>.ret at 0x7fe021baf1e0> with opts {'output': ['key_', 'lastvalue'], 'filter': {'hostid': '10182'}}
INFO:root:10125::LPFBox_PROD
INFO:zabbix_api.ZabbixAPISubClass:20: Creating ZabbixAPISubClass
DEBUG:zabbix_api.ZabbixAPISubClass:Going to do_request for <function checkauth.<locals>.ret at 0x7fe021baf1e0> with opts {'output': ['status'], 'filter': {'hostid': '10125'}}
INFO:root:[{'hostid': '10180', 'status': '0'}]
INFO:zabbix_api.ZabbixAPISubClass:20: Creating ZabbixAPISubClass
DEBUG:zabbix_api.ZabbixAPISubClass:Going to do_request for <function checkauth.<locals>.ret at 0x7fe021baf1e0> with opts {'output': ['key_', 'lastvalue'], 'filter': {'hostid': '10180'}}
INFO:root:[{'hostid': '10125', 'status': '0'}]
INFO:zabbix_api.ZabbixAPISubClass:20: Creating ZabbixAPISubClass
DEBUG:zabbix_api.ZabbixAPISubClass:Going to do_request for <function checkauth.<locals>.ret at 0x7fe021baf1e0> with opts {'output': ['key_', 'lastvalue'], 'filter': {'hostid': '10125'}}
ERROR:root:float division by zero
ERROR:root:float division by zero
